******************************************************************************
                  TI ARM Linker PC v18.12.2                    
******************************************************************************
>> Linked Mon Sep  9 09:46:58 2019

OUTPUT FILE NAME:   <audioSine1kHz.out>
ENTRY POINT SYMBOL: "resetISR"  address: 00004da1


MEMORY CONFIGURATION

         name            origin    length      used     unused   attr    fill
----------------------  --------  ---------  --------  --------  ----  --------
  RAM                   00000020   ffffffe0  000074de  ffff8b02  RWIX


SEGMENT ALLOCATION MAP

run origin  load origin   length   init length attrs members
----------  ----------- ---------- ----------- ----- -------
00000020    00000020    00005070   00005070    r-x
  00000020    00000020    00005070   00005070    r-x .text
00005090    00005090    00000771   00000000    rw-
  00005090    00005090    00000771   00000000    rw- .data
00005804    00005804    00000514   00000514    r--
  00005804    00005804    00000514   00000514    r-- .const
00005d18    00005d18    00001674   00000000    rw-
  00005d18    00005d18    00000365   00000000    rw- .bss
  00006080    00006080    00000800   00000000    rw- .stack
  00006880    00006880    00000800   00000000    rw- .sysmem
  00007080    00007080    0000030c   00000000    rw- .ramVecs
0000738c    0000738c    00000040   00000040    r--
  0000738c    0000738c    00000040   00000040    r-- .resetVecs
000073d0    000073d0    00000138   00000138    r--
  000073d0    000073d0    00000138   00000138    r-- .cinit


SECTION ALLOCATION MAP

 output                                  attributes/
section   page    origin      length       input sections
--------  ----  ----------  ----------   ----------------
.text      0    00000020    00005070     
                  00000020    00000a4e     rtsv7M4_T_le_eabi.lib : _printfi.c.obj (.text:__TI_printfi)
                  00000a6e    00000002     drivers_cc32xx.aem4 : I2CCC32XX.oem4 (.text:I2CCC32XX_init)
                  00000a70    0000042c     driverlib.a : prcm.obj (.text:PRCMCC3200MCUInit)
                  00000e9c    000002a8     config.obj (.text:ConfigureAudioCodec)
                  00001144    00000268     rtsv7M4_T_le_eabi.lib : _printfi.c.obj (.text:_pconv_a)
                  000013ac    000001cc                           : _printfi.c.obj (.text:_pconv_g)
                  00001578    000001b6                           : fd_add_t2.asm.obj (.text)
                  0000172e    00000002     nortos_cc32xx.aem4 : PowerCC32XX_nortos.oem4 (.text:PowerCC32XX_initPolicy)
                  00001730    00000198                        : PowerCC32XX_nortos.oem4 (.text:PowerCC32XX_sleepPolicy)
                  000018c8    00000148     drivers_cc32xx.aem4 : PowerCC32XX.oem4 (.text:parkPins)
                  00001a10    0000013c     rtsv7M4_T_le_eabi.lib : _printfi.c.obj (.text:_pconv_e)
                  00001b4c    00000136                           : fd_div_t2.asm.obj (.text)
                  00001c82    00000120     drivers_cc32xx.aem4 : I2CCC32XX.oem4 (.text:I2CCC32XX_hwiFxn)
                  00001da2    00000002     rtsv7M4_T_le_eabi.lib : _lock.c.obj (.text:_nop)
                  00001da4    00000120                           : _printfi.c.obj (.text:fcvt)
                  00001ec4    0000011c     drivers_cc32xx.aem4 : PowerCC32XX.oem4 (.text:Power_sleep)
                  00001fe0    00000114     rtsv7M4_T_le_eabi.lib : fputs.c.obj (.text:fputs)
                  000020f4    000000fc     drivers_cc32xx.aem4 : I2CCC32XX.oem4 (.text:I2CCC32XX_open)
                  000021f0    000000fc     rtsv7M4_T_le_eabi.lib : fd_mul_t2.asm.obj (.text)
                  000022ec    000000f4                           : memory.c.obj (.text:aligned_alloc)
                  000023e0    000000ec     driverlib.a : i2s.obj (.text:I2SConfigSetExpClk)
                  000024cc    000000e8     rtsv7M4_T_le_eabi.lib : memory.c.obj (.text:free)
                  000025b4    000000dc     main_nortos.obj (.text:main)
                  00002690    000000dc     rtsv7M4_T_le_eabi.lib : setvbuf.c.obj (.text:setvbuf)
                  0000276c    000000d0                           : s_scalbn.c.obj (.text:scalbn)
                  0000283c    000000c0     drivers_cc32xx.aem4 : PowerCC32XX.oem4 (.text:restoreParkedPins)
                  000028fc    000000b1     rtsv7M4_T_le_eabi.lib : _printfi.c.obj (.text:_ltostr)
                  000029ad    00000001     --HOLE-- [fill = 0]
                  000029ae    00000002     nortos_cc32xx.aem4 : startup_cc32xx_ccs.oem4 (.text:busFaultHandler)
                  000029b0    000000a8     driverlib.a : interrupt.obj (.text:IntEnable)
                  00002a58    000000a8     drivers_cc32xx.aem4 : PowerCC32XX.oem4 (.text:PowerCC32XX_configureWakeup)
                  00002b00    000000a0     nortos_cc32xx.aem4 : SemaphoreP_nortos.oem4 (.text:SemaphoreP_pend)
                  00002ba0    0000009c     rtsv7M4_T_le_eabi.lib : memcpy_t2.asm.obj (.text)
                  00002c3c    00000096                           : ull_div_t2.asm.obj (.text)
                  00002cd2    00000090     drivers_cc32xx.aem4 : I2CCC32XX.oem4 (.text:I2CCC32XX_transfer)
                  00002d62    00000002     nortos_cc32xx.aem4 : SemaphoreP_nortos.oem4 (.text:clkFxn)
                  00002d64    00000090     drivers_cc32xx.aem4 : PowerCC32XX.oem4 (.text:restoreNVICRegs)
                  00002df4    0000008c     nortos_cc32xx.aem4 : HwiPCC32XX_nortos.oem4 (.text:HwiP_construct)
                  00002e80    0000008c     rtsv7M4_T_le_eabi.lib : fputc.c.obj (.text:fputc)
                  00002f0c    00000088     driverlib.a : interrupt.obj (.text:IntPendSet)
                  00002f94    00000088                 : pin.obj (.text:PinConfigSet)
                  0000301c    00000086     drivers_cc32xx.aem4 : I2CCC32XX.oem4 (.text:I2CCC32XX_primeTransfer)
                  000030a2    00000086     rtsv7M4_T_le_eabi.lib : fd_cmp_t2.asm.obj (.text:__aeabi_cdcmple)
                  00003128    00000086                           : fd_cmp_t2.asm.obj (.text:__aeabi_cdrcmple)
                  000031ae    00000002     nortos_cc32xx.aem4 : startup_cc32xx_ccs.oem4 (.text:defaultHandler)
                  000031b0    00000084     drivers_cc32xx.aem4 : I2CCC32XX.oem4 (.text:I2CCC32XX_close)
                  00003234    00000084     driverlib.a : i2s.obj (.text:I2SEnable)
                  000032b8    00000084     drivers_cc32xx.aem4 : PowerCC32XX.oem4 (.text:Power_init)
                  0000333c    00000084                         : PowerCC32XX.oem4 (.text:saveNVICRegs)
                  000033c0    00000080                         : PowerCC32XX.oem4 (.text:Power_setDependency)
                  00003440    0000007e                         : I2CCC32XX.oem4 (.text:I2CCC32XX_cancel)
                  000034be    00000002     nortos_cc32xx.aem4 : startup_cc32xx_ccs.oem4 (.text:faultISR)
                  000034c0    0000007c     config.obj (.text:ConfigureI2S)
                  0000353c    0000007c     rtsv7M4_T_le_eabi.lib : memory.c.obj (.text:split)
                  000035b8    0000007a                           : memset_t2.asm.obj (.text)
                  00003632    00000002     nortos_cc32xx.aem4 : startup_cc32xx_ccs.oem4 (.text:nmiISR)
                  00003634    00000074     rtsv7M4_T_le_eabi.lib : fclose.c.obj (.text:__TI_closefile)
                  000036a8    0000006e                           : _printfi.c.obj (.text:_mcpy)
                  00003716    00000002                           : div0.asm.obj (.text)
                  00003718    00000068                           : hostlseek.c.obj (.text:HOSTlseek)
                  00003780    00000068                           : hostrename.c.obj (.text:HOSTrename)
                  000037e8    00000068                           : copy_decompress_lzss.c.obj (.text:decompress:lzss:__TI_decompress_lzss)
                  00003850    00000068     drivers_cc32xx.aem4 : I2CCC32XX.oem4 (.text:initHw)
                  000038b8    00000068     rtsv7M4_T_le_eabi.lib : printf.c.obj (.text:printf)
                  00003920    00000064                           : fseek.c.obj (.text:fseek)
                  00003984    00000062                           : _io_perm.c.obj (.text:__TI_wrt_ok)
                  000039e6    00000002     --HOLE-- [fill = 0]
                  000039e8    00000060                           : hostopen.c.obj (.text:HOSTopen)
                  00003a48    00000060     driverlib.a : prcm.obj (.text:PRCMSysResetCauseGet)
                  00003aa8    0000005c     rtsv7M4_T_le_eabi.lib : close.c.obj (.text:close)
                  00003b04    0000005c                           : s_frexp.c.obj (.text:frexp)
                  00003b60    0000005c     nortos_cc32xx.aem4 : ClockPSysTick_nortos.oem4 (.text:sysTickInit)
                  00003bbc    00000058     rtsv7M4_T_le_eabi.lib : hostread.c.obj (.text:HOSTread)
                  00003c14    00000058                           : hostwrite.c.obj (.text:HOSTwrite)
                  00003c6c    00000058     driverlib.a : prcm.obj (.text:PRCMI2SClockFreqSet)
                  00003cc4    00000058                 : prcm.obj (.text:PRCMPeripheralReset)
                  00003d1c    00000058     drivers_cc32xx.aem4 : PowerCC32XX.oem4 (.text:Power_releaseDependency)
                  00003d74    00000056     rtsv7M4_T_le_eabi.lib : _printfi.c.obj (.text:_pconv_f)
                  00003dca    00000054                           : ltoa.c.obj (.text:ltoa)
                  00003e1e    00000052     drivers_cc32xx.aem4 : PowerCC32XX_asm.oem4 (.text:PowerCC32XX_resumeLPDS)
                  00003e70    00000052     rtsv7M4_T_le_eabi.lib : _printfi.c.obj (.text:_ecpy)
                  00003ec2    00000002     --HOLE-- [fill = 0]
                  00003ec4    00000050     nortos_cc32xx.aem4 : ClockPSysTick_nortos.oem4 (.text:ClockP_sysTickHandler)
                  00003f14    00000050     drivers_cc32xx.aem4 : I2CCC32XX.oem4 (.text:I2CCC32XX_completeTransfer)
                  00003f64    00000050     nortos_cc32xx.aem4 : SemaphoreP_nortos.oem4 (.text:SemaphoreP_construct)
                  00003fb4    0000004c     drivers_cc32xx.aem4 : PowerCC32XX.oem4 (.text:PowerCC32XX_parkPin)
                  00004000    0000004c     rtsv7M4_T_le_eabi.lib : fflush.c.obj (.text:__TI_doflush)
                  0000404c    0000004c                           : atoi.c.obj (.text:atoi)
                  00004098    0000004c     drivers_cc32xx.aem4 : PowerCC32XX.oem4 (.text:restorePeriphClocks)
                  000040e4    00000048     driverlib.a : flash.obj (.text:FlashDisable)
                  0000412c    00000048                 : prcm.obj (.text:PRCMLPDSEnter)
                  00004174    00000048                 : prcm.obj (.text:PRCMPeripheralClkEnable)
                  000041bc    00000048     drivers_cc32xx.aem4 : PowerCC32XX.oem4 (.text:Power_releaseConstraint)
                  00004204    00000048     rtsv7M4_T_le_eabi.lib : exit.c.obj (.text:exit)
                  0000424c    00000048                           : fd_toi_t2.asm.obj (.text)
                  00004294    00000044     nortos_cc32xx.aem4 : ClockPSysTick_nortos.oem4 (.text:ClockP_stop)
                  000042d8    00000044     rtsv7M4_T_le_eabi.lib : hostclose.c.obj (.text:HOSTclose)
                  0000431c    00000044                           : hostunlink.c.obj (.text:HOSTunlink)
                  00004360    00000044     drivers_cc32xx.aem4 : I2C.oem4 (.text:I2C_init)
                  000043a4    00000044     driverlib.a : i2s.obj (.text:I2SSerializerConfig)
                  000043e8    00000044                 : prcm.obj (.text:PRCMLPDSRestoreInfoSet)
                  0000442c    00000044     drivers_cc32xx.aem4 : PowerCC32XX_asm.oem4 (.text:PowerCC32XX_enterLPDS)
                  00004470    00000044     nortos_cc32xx.aem4 : SemaphoreP_nortos.oem4 (.text:SemaphoreP_post)
                  000044b4    00000044                        : SwiP_nortos.oem4 (.text:SwiP_restore)
                  000044f8    00000044     rtsv7M4_T_le_eabi.lib : autoinit.c.obj (.text:__TI_auto_init_nobinit_nopinit:__TI_auto_init_nobinit_nopinit)
                  0000453c    00000044                           : getdevice.c.obj (.text:getdevice)
                  00004580    00000040     drivers_cc32xx.aem4 : I2C.oem4 (.text:I2C_open)
                  000045c0    00000040     driverlib.a : pin.obj (.text:PinModeSet)
                  00004600    0000003e     rtsv7M4_T_le_eabi.lib : _printfi.c.obj (.text:_fcpy)
                  0000463e    00000002     --HOLE-- [fill = 0]
                  00004640    0000003c     nortos_cc32xx.aem4 : ClockPSysTick_nortos.oem4 (.text:ClockP_destruct)
                  0000467c    0000003c     drivers_cc32xx.aem4 : PowerCC32XX.oem4 (.text:Power_setConstraint)
                  000046b8    0000003a     nortos_cc32xx.aem4 : PowerCC32XX_nortos.oem4 (.text:getCountsRTC)
                  000046f2    00000002     --HOLE-- [fill = 0]
                  000046f4    00000038     driverlib.a : prcm.obj (.text:PRCMLPDSEnterKeepDebugIf)
                  0000472c    00000038     rtsv7M4_T_le_eabi.lib : trgmsg.c.obj (.text:__TI_writemsg)
                  00004764    00000038     nortos_cc32xx.aem4 : ClockPSysTick_nortos.oem4 (.text:addToList)
                  0000479c    00000038                        : startup_cc32xx_ccs.oem4 (.text:initVectors)
                  000047d4    00000038     drivers_cc32xx.aem4 : PowerCC32XX.oem4 (.text:notify)
                  0000480c    00000036     rtsv7M4_T_le_eabi.lib : strncpy.c.obj (.text:strncpy)
                  00004842    00000002     --HOLE-- [fill = 0]
                  00004844    00000034     nortos_cc32xx.aem4 : ClockPSysTick_nortos.oem4 (.text:ClockP_getTicksUntilInterrupt)
                  00004878    00000034                        : ClockPSysTick_nortos.oem4 (.text:ClockP_startup)
                  000048ac    00000034     driverlib.a : pin.obj (.text:PinModeGet)
                  000048e0    00000034     rtsv7M4_T_le_eabi.lib : fopen.c.obj (.text:__TI_cleanup)
                  00004914    00000034                           : trgmsg.c.obj (.text:__TI_readmsg)
                  00004948    00000030     nortos_cc32xx.aem4 : ClockPSysTick_nortos.oem4 (.text:ClockP_start)
                  00004978    00000030     config.obj (.text:CodecRegWrite)
                  000049a8    00000030     drivers_cc32xx.aem4 : PowerCC32XX.oem4 (.text:PowerCC32XX_restoreParkedPin)
                  000049d8    00000030     rtsv7M4_T_le_eabi.lib : getdevice.c.obj (.text:finddevice)
                  00004a08    0000002e     config.obj (.text:CodecRegRead)
                  00004a36    0000002e     rtsv7M4_T_le_eabi.lib : i_tofd_t2.asm.obj (.text)
                  00004a64    0000002c     driverlib.a : i2s.obj (.text:I2SDataPut)
                  00004a90    0000002c     rtsv7M4_T_le_eabi.lib : unlink.c.obj (.text:unlink)
                  00004abc    0000002a     nortos_cc32xx.aem4 : HwiPCC32XX_nortos.oem4 (.text:HwiP_create)
                  00004ae6    0000002a     driverlib.a : i2s.obj (.text:I2SGBLEnable)
                  00004b10    00000028     config.obj (.text:ConfigureI2C)
                  00004b38    00000028     driverlib.a : prcm.obj (.text:PRCMPeripheralClkDisable)
                  00004b60    00000028     drivers_cc32xx.aem4 : PowerCC32XX.oem4 (.text:Power_registerNotify)
                  00004b88    00000028     rtsv7M4_T_le_eabi.lib : memory.c.obj (.text:free_list_insert)
                  00004bb0    00000028                           : lseek.c.obj (.text:lseek)
                  00004bd8    00000028                           : write.c.obj (.text:write)
                  00004c00    00000026     drivers_cc32xx.aem4 : List.oem4 (.text:List_put)
                  00004c26    00000026                         : List.oem4 (.text:List_remove)
                  00004c4c    00000024     nortos_cc32xx.aem4 : HwiPCC32XX_nortos.oem4 (.text:HwiP_dispatch)
                  00004c70    00000024     rtsv7M4_T_le_eabi.lib : boot_cortex_m.c.obj (.text:_c_int00_noargs:_c_int00_noargs)
                  00004c94    00000020     nortos_cc32xx.aem4 : HwiPCC32XX_nortos.oem4 (.text:HwiP_destruct)
                  00004cb4    00000020     drivers_cc32xx.aem4 : PowerCC32XX.oem4 (.text:Power_unregisterNotify)
                  00004cd4    00000020     rtsv7M4_T_le_eabi.lib : memchr.c.obj (.text:memchr)
                  00004cf4    0000001e     config.obj (.text:CodecReset)
                  00004d12    00000002     --HOLE-- [fill = 0]
                  00004d14    0000001c     driverlib.a : pin.obj (.text:PinToPadGet)
                  00004d30    0000001c     nortos_cc32xx.aem4 : SwiP_nortos.oem4 (.text:SwiP_disable)
                  00004d4c    0000001c     rtsv7M4_T_le_eabi.lib : memory.c.obj (.text:free_list_remove)
                  00004d68    0000001c                           : memccpy.c.obj (.text:memccpy)
                  00004d84    0000001a     driverlib.a : pin.obj (.text:PinTypeI2S)
                  00004d9e    00000002     --HOLE-- [fill = 0]
                  00004da0    0000001a     nortos_cc32xx.aem4 : startup_cc32xx_ccs.oem4 (.text:resetISR)
                  00004dba    00000002     --HOLE-- [fill = 0]
                  00004dbc    00000018     drivers_cc32xx.aem4 : PowerCC32XX.oem4 (.text:Power_idleFunc)
                  00004dd4    00000018     rtsv7M4_T_le_eabi.lib : ll_mul_t2.asm.obj (.text)
                  00004dec    00000018                           : strcmp.c.obj (.text:strcmp)
                  00004e04    00000016     driverlib.a : prcm.obj (.text:PRCMHIBRegRead)
                  00004e1a    00000016                 : prcm.obj (.text:PRCMHIBRegWrite)
                  00004e30    00000016     nortos_cc32xx.aem4 : SemaphoreP_nortos.oem4 (.text:SemaphoreP_create)
                  00004e46    00000016     rtsv7M4_T_le_eabi.lib : strchr.c.obj (.text:strchr)
                  00004e5c    00000014     driverlib.a : cpu.obj (.text:CPUcpsid)
                  00004e70    00000014     nortos_cc32xx.aem4 : HwiPCC32XX_nortos.oem4 (.text:HwiP_inISR)
                  00004e84    00000014     driverlib.a : interrupt.obj (.text:IntVTableBaseSet)
                  00004e98    00000014     drivers_cc32xx.aem4 : PowerCC32XX.oem4 (.text:Power_disablePolicy)
                  00004eac    00000014                         : PowerCC32XX.oem4 (.text:Power_getDependencyCount)
                  00004ec0    00000014     rtsv7M4_T_le_eabi.lib : strcpy.c.obj (.text:strcpy)
                  00004ed4    00000014                           : strlen.c.obj (.text:strlen)
                  00004ee8    00000012     nortos_cc32xx.aem4 : HwiPCC32XX_nortos.oem4 (.text:HwiP_Params_init)
                  00004efa    00000012     rtsv7M4_T_le_eabi.lib : wcslen.c.obj (.text:wcslen)
                  00004f0c    00000010     nortos_cc32xx.aem4 : ClockPSysTick_nortos.oem4 (.text:ClockP_add)
                  00004f1c    00000010                        : ClockPSysTick_nortos.oem4 (.text:ClockP_getCpuFreq)
                  00004f2c    00000010                        : ClockPSysTick_nortos.oem4 (.text:ClockP_getSystemTicks)
                  00004f3c    00000010                        : ClockPSysTick_nortos.oem4 (.text:ClockP_setTicks)
                  00004f4c    00000010                        : HwiPCC32XX_nortos.oem4 (.text:HwiP_delete)
                  00004f5c    00000010                        : HwiPCC32XX_nortos.oem4 (.text:HwiP_restore)
                  00004f6c    00000010     drivers_cc32xx.aem4 : I2C.oem4 (.text:I2C_Params_init)
                  00004f7c    00000010                         : PowerCC32XX.oem4 (.text:Power_enablePolicy)
                  00004f8c    00000010     nortos_cc32xx.aem4 : SemaphoreP_nortos.oem4 (.text:SemaphoreP_Params_init)
                  00004f9c    0000000e                        : HwiPCC32XX_nortos.oem4 (.text:HwiP_clearInterrupt)
                  00004faa    0000000e                        : HwiPCC32XX_nortos.oem4 (.text:HwiP_disable)
                  00004fb8    0000000e                        : HwiPCC32XX_nortos.oem4 (.text:HwiP_disableInterrupt)
                  00004fc6    0000000e                        : HwiPCC32XX_nortos.oem4 (.text:HwiP_enable)
                  00004fd4    0000000e                        : HwiPCC32XX_nortos.oem4 (.text:HwiP_enableInterrupt)
                  00004fe2    0000000e     rtsv7M4_T_le_eabi.lib : copy_decompress_none.c.obj (.text:decompress:none:__TI_decompress_none)
                  00004ff0    0000000c     CC3220S_LAUNCHXL.obj (.text:CC3220S_LAUNCHXL_initGeneral)
                  00004ffc    0000000c     drivers_cc32xx.aem4 : PowerCC32XX.oem4 (.text:Power_getConstraintMask)
                  00005008    0000000c     rtsv7M4_T_le_eabi.lib : s_copysign.c.obj (.text:copysign)
                  00005014    0000000c                           : copy_zero_init.c.obj (.text:decompress:ZI:__TI_zero_init)
                  00005020    0000000c     drivers_cc32xx.aem4 : I2CCC32XX.oem4 (.text:postNotify)
                  0000502c    0000000a     nortos_cc32xx.aem4 : ClockPSysTick_nortos.oem4 (.text:ClockP_isActive)
                  00005036    0000000a     drivers_cc32xx.aem4 : I2C.oem4 (.text:I2C_transfer)
                  00005040    0000000a     driverlib.a : interrupt.obj (.text:IntMasterDisable)
                  0000504a    00000008     config.obj (.text:CodecPageSelect)
                  00005052    00000008     drivers_cc32xx.aem4 : I2CCC32XX.oem4 (.text:I2CCC32XX_blockingCallback)
                  0000505a    00000002     --HOLE-- [fill = 0]
                  0000505c    00000008     rtsv7M4_T_le_eabi.lib : errno.c.obj (.text:__aeabi_errno_addr)
                  00005064    00000008                           : memory.c.obj (.text:malloc)
                  0000506c    00000006     drivers_cc32xx.aem4 : I2CCC32XX.oem4 (.text:I2CCC32XX_control)
                  00005072    00000006     driverlib.a : utils.obj (.text:UtilsDelay)
                  00005078    00000004     nortos_cc32xx.aem4 : HwiPCC32XX_nortos.oem4 (.text:HwiP_post)
                  0000507c    00000004                        : SemaphoreP_nortos.oem4 (.text:SemaphoreP_delete)
                  00005080    00000004     rtsv7M4_T_le_eabi.lib : printf.c.obj (.text:_outc)
                  00005084    00000004                           : printf.c.obj (.text:_outs)
                  00005088    00000004                           : pre_init.c.obj (.text:_system_pre_init)
                  0000508c    00000004                           : exit.c.obj (.text:abort:abort)

.data      0    00005090    00000771     UNINITIALIZED
                  00005090    0000030c     nortos_cc32xx.aem4 : HwiPCC32XX_nortos.oem4 (.data:HwiP_dispatchTable)
                  0000539c    0000016c     drivers_cc32xx.aem4 : PowerCC32XX.oem4 (.data:PowerCC32XX_module)
                  00005508    000000f8     CC3220S_LAUNCHXL.obj (.data:parkInfo)
                  00005600    000000f0     rtsv7M4_T_le_eabi.lib : defs.c.obj (.data:_ftable)
                  000056f0    00000078                           : host_device.c.obj (.data:_device)
                  00005768    00000050                           : host_device.c.obj (.data:_stream)
                  000057b8    00000010                           : defs.c.obj (.data)
                  000057c8    0000000c                           : exit.c.obj (.data:$O1$$)
                  000057d4    00000008                           : _lock.c.obj (.data:$O1$$)
                  000057dc    00000008                           : memory.c.obj (.data:$O1$$)
                  000057e4    00000008     nortos_cc32xx.aem4 : SemaphoreP_nortos.oem4 (.data:SemaphoreP_defaultParams)
                  000057ec    00000008                        : HwiPCC32XX_nortos.oem4 (.data)
                  000057f4    00000005                        : ClockPSysTick_nortos.oem4 (.data)
                  000057f9    00000003                        : SemaphoreP_nortos.oem4 (.data)
                  000057fc    00000004     rtsv7M4_T_le_eabi.lib : errno.c.obj (.data)
                  00005800    00000001     drivers_cc32xx.aem4 : I2C.oem4 (.data)

.const     0    00005804    00000514     
                  00005804    00000101     rtsv7M4_T_le_eabi.lib : ctype.c.obj (.const:.string:_ctypes_)
                  00005905    00000003     --HOLE-- [fill = 0]
                  00005908    00000100     driverlib.a : pin.obj (.const:g_ulPinToPadMap)
                  00005a08    000000a8                 : prcm.obj (.const:PRCM_PeriphRegsList)
                  00005ab0    00000060     main_nortos.obj (.const:$P$T0$1)
                  00005b10    00000060     main_nortos.obj (.const:$P$T1$2)
                  00005b70    00000040     CC3220S_LAUNCHXL.obj (.const:PowerCC32XX_config)
                  00005bb0    0000002c     config.obj (.const:$P$T0$1)
                  00005bdc    0000002c     config.obj (.const:$P$T1$2)
                  00005c08    0000002c     config.obj (.const:$P$T2$3)
                  00005c34    0000002c     config.obj (.const:$P$T3$4)
                  00005c60    0000002c     config.obj (.const:$P$T4$5)
                  00005c8c    00000018     drivers_cc32xx.aem4 : I2CCC32XX.oem4 (.const:I2CCC32XX_fxnTable)
                  00005ca4    00000018     driverlib.a : interrupt.obj (.const:g_pulEnRegs)
                  00005cbc    00000018                 : interrupt.obj (.const:g_pulPendRegs)
                  00005cd4    00000010     drivers_cc32xx.aem4 : I2C.oem4 (.const:I2C_defaultParams)
                  00005ce4    00000010     CC3220S_LAUNCHXL.obj (.const:i2cCC3220SHWAttrs)
                  00005cf4    0000000d     CC3220S_LAUNCHXL.obj (.const)
                  00005d01    00000003     --HOLE-- [fill = 0]
                  00005d04    0000000c     CC3220S_LAUNCHXL.obj (.const:I2C_config)
                  00005d10    00000008     drivers_cc32xx.aem4 : I2CCC32XX.oem4 (.const:bitRate)

.bss       0    00005d18    00000365     UNINITIALIZED
                  00005d18    0000012c     (.common:PowerCC32XX_contextSave)
                  00005e44    00000120     rtsv7M4_T_le_eabi.lib : trgmsg.c.obj (.bss:_CIOBUF_)
                  00005f64    000000a0     (.common:__TI_tmpnams)
                  00006004    00000050     (.common:i2cCC3220SObjects)
                  00006054    00000004     nortos_cc32xx.aem4 : ClockPSysTick_nortos.oem4 (.bss)
                  00006058    00000010     (.common:ClockP_ctrl)
                  00006068    0000000d                        : SwiP_nortos.oem4 (.bss)
                  00006075    00000008     (.common:parmbuf)

.cinit     0    000073d0    00000138     
                  000073d0    000000fe     (.cinit..data.load) [load image, compression = lzss]
                  000074ce    00000002     --HOLE-- [fill = 0]
                  000074d0    0000000c     (__TI_handler_table)
                  000074dc    00000004     --HOLE-- [fill = 0]
                  000074e0    00000008     (.cinit..bss.load) [load image, compression = zero_init]
                  000074e8    00000008     (.cinit..ramVecs.load) [load image, compression = zero_init]
                  000074f0    00000018     (__TI_cinit_table)

.init_array 
*          0    00000020    00000000     UNINITIALIZED

.stack     0    00006080    00000800     UNINITIALIZED
                  00006080    00000004     rtsv7M4_T_le_eabi.lib : boot_cortex_m.c.obj (.stack)
                  00006084    000007fc     --HOLE--

.sysmem    0    00006880    00000800     UNINITIALIZED
                  00006880    00000010     rtsv7M4_T_le_eabi.lib : memory.c.obj (.sysmem)
                  00006890    000007f0     --HOLE--

.ramVecs   0    00007080    0000030c     UNINITIALIZED
                  00007080    0000030c     nortos_cc32xx.aem4 : startup_cc32xx_ccs.oem4 (.ramVecs)

.resetVecs 
*          0    0000738c    00000040     
                  0000738c    00000040     nortos_cc32xx.aem4 : startup_cc32xx_ccs.oem4 (.resetVecs:retain)

MODULE SUMMARY

       Module                       code    ro data   rw data
       ------                       ----    -------   -------
    .\
       config.obj                   976     220       0      
       CC3220S_LAUNCHXL.obj         12      105       328    
       main_nortos.obj              220     192       0      
    +--+----------------------------+-------+---------+---------+
       Total:                       1208    517       328    
                                                             
    C:/ti/simplelink_cc32xx_sdk_3_20_00_06/kernel/nortos/lib/nortos_cc32xx.aem4
       HwiPCC32XX_nortos.oem4       394     0         788    
       startup_cc32xx_ccs.oem4      90      64        780    
       ClockPSysTick_nortos.oem4    582     0         25     
       PowerCC32XX_nortos.oem4      468     0         0      
       SemaphoreP_nortos.oem4       352     0         11     
       SwiP_nortos.oem4             96      0         13     
    +--+----------------------------+-------+---------+---------+
       Total:                       1982    64        1617   
                                                             
    C:/ti/simplelink_cc32xx_sdk_3_20_00_06/source/ti/devices/cc32xx/driverlib/ccs/Release/driverlib.a
       prcm.obj                     1692    168       0      
       pin.obj                      306     256       0      
       i2s.obj                      522     0         0      
       interrupt.obj                334     48        0      
       flash.obj                    72      0         0      
       cpu.obj                      20      0         0      
       utils.obj                    6       0         0      
    +--+----------------------------+-------+---------+---------+
       Total:                       2952    472       0      
                                                             
    C:/ti/simplelink_cc32xx_sdk_3_20_00_06/source/ti/drivers/lib/drivers_cc32xx.aem4
       PowerCC32XX.oem4             2148    0         664    
       I2CCC32XX.oem4               1288    32        0      
       I2C.oem4                     158     16        1      
       PowerCC32XX_asm.oem4         150     0         0      
       List.oem4                    76      0         0      
    +--+----------------------------+-------+---------+---------+
       Total:                       3820    48        665    
                                                             
    C:\ti\ccs910\ccs\tools\compiler\ti-cgt-arm_18.12.2.LTS\lib\rtsv7M4_T_le_eabi.lib
       _printfi.c.obj               4835    0         0      
       memory.c.obj                 676     0         8      
       fd_add_t2.asm.obj            438     0         0      
       defs.c.obj                   0       0         416    
       trgmsg.c.obj                 108     0         288    
       fd_div_t2.asm.obj            310     0         0      
       fputs.c.obj                  276     0         0      
       fd_cmp_t2.asm.obj            268     0         0      
       ctype.c.obj                  0       257       0      
       fd_mul_t2.asm.obj            252     0         0      
       setvbuf.c.obj                220     0         0      
       s_scalbn.c.obj               208     0         0      
       host_device.c.obj            0       0         200    
       memcpy_t2.asm.obj            156     0         0      
       ull_div_t2.asm.obj           150     0         0      
       fputc.c.obj                  140     0         0      
       memset_t2.asm.obj            122     0         0      
       fclose.c.obj                 116     0         0      
       getdevice.c.obj              116     0         0      
       printf.c.obj                 112     0         0      
       copy_decompress_lzss.c.obj   104     0         0      
       hostlseek.c.obj              104     0         0      
       hostopen.c.obj               96      0         8      
       hostrename.c.obj             104     0         0      
       fseek.c.obj                  100     0         0      
       _io_perm.c.obj               98      0         0      
       close.c.obj                  92      0         0      
       s_frexp.c.obj                92      0         0      
       exit.c.obj                   76      0         12     
       hostread.c.obj               88      0         0      
       hostwrite.c.obj              88      0         0      
       ltoa.c.obj                   84      0         0      
       atoi.c.obj                   76      0         0      
       fflush.c.obj                 76      0         0      
       fd_toi_t2.asm.obj            72      0         0      
       autoinit.c.obj               68      0         0      
       hostclose.c.obj              68      0         0      
       hostunlink.c.obj             68      0         0      
       strncpy.c.obj                54      0         0      
       fopen.c.obj                  52      0         0      
       i_tofd_t2.asm.obj            46      0         0      
       unlink.c.obj                 44      0         0      
       lseek.c.obj                  40      0         0      
       write.c.obj                  40      0         0      
       boot_cortex_m.c.obj          36      0         0      
       memchr.c.obj                 32      0         0      
       memccpy.c.obj                28      0         0      
       ll_mul_t2.asm.obj            24      0         0      
       strcmp.c.obj                 24      0         0      
       strchr.c.obj                 22      0         0      
       strcpy.c.obj                 20      0         0      
       strlen.c.obj                 20      0         0      
       wcslen.c.obj                 18      0         0      
       copy_decompress_none.c.obj   14      0         0      
       copy_zero_init.c.obj         12      0         0      
       errno.c.obj                  8       0         4      
       s_copysign.c.obj             12      0         0      
       _lock.c.obj                  2       0         8      
       pre_init.c.obj               4       0         0      
       div0.asm.obj                 2       0         0      
    +--+----------------------------+-------+---------+---------+
       Total:                       10611   257       944    
                                                             
       Heap:                        0       0         2048   
       Stack:                       0       0         2048   
       Linker Generated:            0       306       0      
    +--+----------------------------+-------+---------+---------+
       Grand Total:                 20573   1664      7650   


LINKER GENERATED COPY TABLES

__TI_cinit_table @ 000074f0 records: 3, size/record: 8, table size: 24
	.data: load addr=000073d0, load size=000000fe bytes, run addr=00005090, run size=00000771 bytes, compression=lzss
	.bss: load addr=000074e0, load size=00000008 bytes, run addr=00005d18, run size=00000365 bytes, compression=zero_init
	.ramVecs: load addr=000074e8, load size=00000008 bytes, run addr=00007080, run size=0000030c bytes, compression=zero_init


LINKER GENERATED HANDLER TABLE

__TI_handler_table @ 000074d0 records: 3, size/record: 4, table size: 12
	index: 0, handler: __TI_decompress_lzss
	index: 1, handler: __TI_decompress_none
	index: 2, handler: __TI_zero_init


GLOBAL SYMBOLS: SORTED ALPHABETICALLY BY Name 

address   name                           
-------   ----                           
00005cf4  ADC_count                      
00004ff1  Board_init                     
0000508d  C$$EXIT                        
0000475b  C$$IO$$                        
00004ff1  CC3220S_LAUNCHXL_initGeneral   
00004e5d  CPUcpsid                       
00005cf5  Capture_count                  
00004f0d  ClockP_add                     
00006058  ClockP_ctrl                    
00004641  ClockP_destruct                
00003ec5  ClockP_doTick                  
00004f1d  ClockP_getCpuFreq              
00004f2d  ClockP_getSystemTicks          
00004845  ClockP_getTicksUntilInterrupt  
0000502d  ClockP_isActive                
00004f3d  ClockP_setTicks                
00004949  ClockP_start                   
00004879  ClockP_startup                 
00004295  ClockP_stop                    
00003ec5  ClockP_sysTickHandler          
000057f4  ClockP_tickPeriod              
00000e9d  ConfigureAudioCodec            
00004b11  ConfigureI2C                   
000034c1  ConfigureI2S                   
00005cf6  CryptoCC32XX_count             
00005cf7  Display_count                  
000040e5  FlashDisable                   
000042d9  HOSTclose                      
00003719  HOSTlseek                      
000039e9  HOSTopen                       
00003bbd  HOSTread                       
00003781  HOSTrename                     
0000431d  HOSTunlink                     
00003c15  HOSTwrite                      
00004ee9  HwiP_Params_init               
00004f9d  HwiP_clearInterrupt            
00002df5  HwiP_construct                 
00004abd  HwiP_create                    
00004f4d  HwiP_delete                    
00004c95  HwiP_destruct                  
00004fab  HwiP_disable                   
00004fb9  HwiP_disableInterrupt          
00004c4d  HwiP_dispatch                  
00004fc7  HwiP_enable                    
00004fd5  HwiP_enableInterrupt           
00004e71  HwiP_inISR                     
000057ec  HwiP_key                       
00005079  HwiP_post                      
00004f5d  HwiP_restore                   
000057f0  HwiP_swiPIntNum                
00003441  I2CCC32XX_cancel               
000031b1  I2CCC32XX_close                
0000506d  I2CCC32XX_control              
00005c8c  I2CCC32XX_fxnTable             
00000a6f  I2CCC32XX_init                 
000020f5  I2CCC32XX_open                 
00002cd3  I2CCC32XX_transfer             
00004f6d  I2C_Params_init                
00005d04  I2C_config                     
00005cf8  I2C_count                      
00005cd4  I2C_defaultParams              
00004361  I2C_init                       
00004581  I2C_open                       
00005037  I2C_transfer                   
000023e1  I2SConfigSetExpClk             
00004a65  I2SDataPut                     
00003235  I2SEnable                      
000043a5  I2SSerializerConfig            
00005cf9  I2S_count                      
000029b1  IntEnable                      
00005041  IntMasterDisable               
00002f0d  IntPendSet                     
00004e85  IntVTableBaseSet               
00004c01  List_put                       
00004c27  List_remove                    
00004fc7  NoRTOS_start                   
00000a71  PRCMCC3200MCUInit              
00004e05  PRCMHIBRegRead                 
00004e1b  PRCMHIBRegWrite                
00003c6d  PRCMI2SClockFreqSet            
0000412d  PRCMLPDSEnter                  
000046f5  PRCMLPDSEnterKeepDebugIf       
000043e9  PRCMLPDSRestoreInfoSet         
00004b39  PRCMPeripheralClkDisable       
00004175  PRCMPeripheralClkEnable        
00003cc5  PRCMPeripheralReset            
00003a49  PRCMSysResetCauseGet           
00005cfa  PWM_count                      
00002f95  PinConfigSet                   
000048ad  PinModeGet                     
000045c1  PinModeSet                     
00004d15  PinToPadGet                    
00004d85  PinTypeI2S                     
00005b70  PowerCC32XX_config             
00002a59  PowerCC32XX_configureWakeup    
00005d18  PowerCC32XX_contextSave        
0000442d  PowerCC32XX_enterLPDS          
0000172f  PowerCC32XX_initPolicy         
0000539c  PowerCC32XX_module             
00003fb5  PowerCC32XX_parkPin            
000049a9  PowerCC32XX_restoreParkedPin   
00003e1f  PowerCC32XX_resumeLPDS         
00001731  PowerCC32XX_sleepPolicy        
00004e99  Power_disablePolicy            
00004f7d  Power_enablePolicy             
00004ffd  Power_getConstraintMask        
00004ead  Power_getDependencyCount       
00004dbd  Power_idleFunc                 
000032b9  Power_init                     
00004b61  Power_registerNotify           
000041bd  Power_releaseConstraint        
00003d1d  Power_releaseDependency        
0000467d  Power_setConstraint            
000033c1  Power_setDependency            
00001ec5  Power_sleep                    
00004cb5  Power_unregisterNotify         
00005cfb  SDFatFS_count                  
00005cfc  SD_count                       
00005cfd  SPI_count                      
00004f8d  SemaphoreP_Params_init         
00003f65  SemaphoreP_construct           
00004e31  SemaphoreP_create              
000057e4  SemaphoreP_defaultParams       
0000507d  SemaphoreP_delete              
00002b01  SemaphoreP_pend                
00004471  SemaphoreP_post                
00004d31  SwiP_disable                   
000044b5  SwiP_restore                   
00005cfe  Timer_count                    
00005cff  UART_count                     
00005073  UtilsDelay                     
00005d00  Watchdog_count                 
00005e44  __CIOBUF_                      
00006880  __STACK_END                    
00000800  __STACK_SIZE                   
00000800  __SYSMEM_SIZE                  
000074f0  __TI_CINIT_Base                
00007508  __TI_CINIT_Limit               
000074d0  __TI_Handler_Table_Base        
000074dc  __TI_Handler_Table_Limit       
000044f9  __TI_auto_init_nobinit_nopinit 
000048e1  __TI_cleanup                   
000057c8  __TI_cleanup_ptr               
00003635  __TI_closefile                 
000037e9  __TI_decompress_lzss           
00004fe3  __TI_decompress_none           
00004001  __TI_doflush                   
000057cc  __TI_dtors_ptr                 
000057d0  __TI_enable_exit_profile_output
000057b8  __TI_ft_end                    
ffffffff  __TI_pprof_out_hndl            
00000021  __TI_printfi                   
ffffffff  __TI_prof_data_size            
ffffffff  __TI_prof_data_start           
00004915  __TI_readmsg                   
000073d0  __TI_static_base__             
00005f64  __TI_tmpnams                   
0000472d  __TI_writemsg                  
00003985  __TI_wrt_ok                    
00005015  __TI_zero_init                 
000030a3  __aeabi_cdcmpeq                
000030a3  __aeabi_cdcmple                
00003129  __aeabi_cdrcmple               
0000424d  __aeabi_d2iz                   
00001583  __aeabi_dadd                   
00001b4d  __aeabi_ddiv                   
000021f1  __aeabi_dmul                   
00001579  __aeabi_dsub                   
0000505d  __aeabi_errno_addr             
00004a37  __aeabi_i2d                    
00003717  __aeabi_idiv0                  
00003717  __aeabi_ldiv0                  
00004dd5  __aeabi_lmul                   
000035b9  __aeabi_memclr                 
000035b9  __aeabi_memclr4                
000035b9  __aeabi_memclr8                
00002ba1  __aeabi_memcpy                 
00002ba1  __aeabi_memcpy4                
00002ba1  __aeabi_memcpy8                
000035bb  __aeabi_memset                 
000035bb  __aeabi_memset4                
000035bb  __aeabi_memset8                
000057c4  __aeabi_stderr                 
000057bc  __aeabi_stdin                  
000057c0  __aeabi_stdout                 
00002c3d  __aeabi_uldivmod               
ffffffff  __binit__                      
ffffffff  __c_args__                     
UNDEFED   __mpu_init                     
00006080  __stack                        
00004c71  _c_int00_noargs                
00005804  _ctypes_                       
000056f0  _device                        
00005600  _ftable                        
000057d4  _lock                          
00001da3  _nop                           
00005768  _stream                        
00006880  _sys_memory                    
UNDEFED   _system_post_cinit             
00005089  _system_pre_init               
000057d8  _unlock                        
0000508d  abort                          
000022ed  aligned_alloc                  
0000404d  atoi                           
ffffffff  binit                          
00002d63  clkFxn                         
00003aa9  close                          
00005009  copysign                       
00005009  copysignl                      
000057fc  errno                          
00004205  exit                           
000049d9  finddevice                     
00002e81  fputc                          
00001fe1  fputs                          
000024cd  free                           
00003b05  frexp                          
00003b05  frexpl                         
00003921  fseek                          
0000453d  getdevice                      
00005ce4  i2cCC3220SHWAttrs              
00006004  i2cCC3220SObjects              
0000479d  initVectors                    
0000276d  ldexp                          
0000276d  ldexpl                         
00004bb1  lseek                          
00003dcb  ltoa                           
000025b5  main                           
00005065  malloc                         
000022ed  memalign                       
00004d69  memccpy                        
00004cd5  memchr                         
00002ba1  memcpy                         
000035c1  memset                         
00005508  parkInfo                       
00006075  parmbuf                        
000038b9  printf                         
00002e81  putc                           
00004a91  remove                         
00004da1  resetISR                       
00004db4  resetVectorAddr                
0000738c  resetVectors                   
0000276d  scalbn                         
0000276d  scalbnl                        
00002691  setvbuf                        
00004e47  strchr                         
00004ded  strcmp                         
00004ec1  strcpy                         
00004ed5  strlen                         
0000480d  strncpy                        
00004a91  unlink                         
00004efb  wcslen                         
00004bd9  write                          


GLOBAL SYMBOLS: SORTED BY Symbol Address 

address   name                           
-------   ----                           
00000021  __TI_printfi                   
00000800  __STACK_SIZE                   
00000800  __SYSMEM_SIZE                  
00000a6f  I2CCC32XX_init                 
00000a71  PRCMCC3200MCUInit              
00000e9d  ConfigureAudioCodec            
00001579  __aeabi_dsub                   
00001583  __aeabi_dadd                   
0000172f  PowerCC32XX_initPolicy         
00001731  PowerCC32XX_sleepPolicy        
00001b4d  __aeabi_ddiv                   
00001da3  _nop                           
00001ec5  Power_sleep                    
00001fe1  fputs                          
000020f5  I2CCC32XX_open                 
000021f1  __aeabi_dmul                   
000022ed  aligned_alloc                  
000022ed  memalign                       
000023e1  I2SConfigSetExpClk             
000024cd  free                           
000025b5  main                           
00002691  setvbuf                        
0000276d  ldexp                          
0000276d  ldexpl                         
0000276d  scalbn                         
0000276d  scalbnl                        
000029b1  IntEnable                      
00002a59  PowerCC32XX_configureWakeup    
00002b01  SemaphoreP_pend                
00002ba1  __aeabi_memcpy                 
00002ba1  __aeabi_memcpy4                
00002ba1  __aeabi_memcpy8                
00002ba1  memcpy                         
00002c3d  __aeabi_uldivmod               
00002cd3  I2CCC32XX_transfer             
00002d63  clkFxn                         
00002df5  HwiP_construct                 
00002e81  fputc                          
00002e81  putc                           
00002f0d  IntPendSet                     
00002f95  PinConfigSet                   
000030a3  __aeabi_cdcmpeq                
000030a3  __aeabi_cdcmple                
00003129  __aeabi_cdrcmple               
000031b1  I2CCC32XX_close                
00003235  I2SEnable                      
000032b9  Power_init                     
000033c1  Power_setDependency            
00003441  I2CCC32XX_cancel               
000034c1  ConfigureI2S                   
000035b9  __aeabi_memclr                 
000035b9  __aeabi_memclr4                
000035b9  __aeabi_memclr8                
000035bb  __aeabi_memset                 
000035bb  __aeabi_memset4                
000035bb  __aeabi_memset8                
000035c1  memset                         
00003635  __TI_closefile                 
00003717  __aeabi_idiv0                  
00003717  __aeabi_ldiv0                  
00003719  HOSTlseek                      
00003781  HOSTrename                     
000037e9  __TI_decompress_lzss           
000038b9  printf                         
00003921  fseek                          
00003985  __TI_wrt_ok                    
000039e9  HOSTopen                       
00003a49  PRCMSysResetCauseGet           
00003aa9  close                          
00003b05  frexp                          
00003b05  frexpl                         
00003bbd  HOSTread                       
00003c15  HOSTwrite                      
00003c6d  PRCMI2SClockFreqSet            
00003cc5  PRCMPeripheralReset            
00003d1d  Power_releaseDependency        
00003dcb  ltoa                           
00003e1f  PowerCC32XX_resumeLPDS         
00003ec5  ClockP_doTick                  
00003ec5  ClockP_sysTickHandler          
00003f65  SemaphoreP_construct           
00003fb5  PowerCC32XX_parkPin            
00004001  __TI_doflush                   
0000404d  atoi                           
000040e5  FlashDisable                   
0000412d  PRCMLPDSEnter                  
00004175  PRCMPeripheralClkEnable        
000041bd  Power_releaseConstraint        
00004205  exit                           
0000424d  __aeabi_d2iz                   
00004295  ClockP_stop                    
000042d9  HOSTclose                      
0000431d  HOSTunlink                     
00004361  I2C_init                       
000043a5  I2SSerializerConfig            
000043e9  PRCMLPDSRestoreInfoSet         
0000442d  PowerCC32XX_enterLPDS          
00004471  SemaphoreP_post                
000044b5  SwiP_restore                   
000044f9  __TI_auto_init_nobinit_nopinit 
0000453d  getdevice                      
00004581  I2C_open                       
000045c1  PinModeSet                     
00004641  ClockP_destruct                
0000467d  Power_setConstraint            
000046f5  PRCMLPDSEnterKeepDebugIf       
0000472d  __TI_writemsg                  
0000475b  C$$IO$$                        
0000479d  initVectors                    
0000480d  strncpy                        
00004845  ClockP_getTicksUntilInterrupt  
00004879  ClockP_startup                 
000048ad  PinModeGet                     
000048e1  __TI_cleanup                   
00004915  __TI_readmsg                   
00004949  ClockP_start                   
000049a9  PowerCC32XX_restoreParkedPin   
000049d9  finddevice                     
00004a37  __aeabi_i2d                    
00004a65  I2SDataPut                     
00004a91  remove                         
00004a91  unlink                         
00004abd  HwiP_create                    
00004b11  ConfigureI2C                   
00004b39  PRCMPeripheralClkDisable       
00004b61  Power_registerNotify           
00004bb1  lseek                          
00004bd9  write                          
00004c01  List_put                       
00004c27  List_remove                    
00004c4d  HwiP_dispatch                  
00004c71  _c_int00_noargs                
00004c95  HwiP_destruct                  
00004cb5  Power_unregisterNotify         
00004cd5  memchr                         
00004d15  PinToPadGet                    
00004d31  SwiP_disable                   
00004d69  memccpy                        
00004d85  PinTypeI2S                     
00004da1  resetISR                       
00004db4  resetVectorAddr                
00004dbd  Power_idleFunc                 
00004dd5  __aeabi_lmul                   
00004ded  strcmp                         
00004e05  PRCMHIBRegRead                 
00004e1b  PRCMHIBRegWrite                
00004e31  SemaphoreP_create              
00004e47  strchr                         
00004e5d  CPUcpsid                       
00004e71  HwiP_inISR                     
00004e85  IntVTableBaseSet               
00004e99  Power_disablePolicy            
00004ead  Power_getDependencyCount       
00004ec1  strcpy                         
00004ed5  strlen                         
00004ee9  HwiP_Params_init               
00004efb  wcslen                         
00004f0d  ClockP_add                     
00004f1d  ClockP_getCpuFreq              
00004f2d  ClockP_getSystemTicks          
00004f3d  ClockP_setTicks                
00004f4d  HwiP_delete                    
00004f5d  HwiP_restore                   
00004f6d  I2C_Params_init                
00004f7d  Power_enablePolicy             
00004f8d  SemaphoreP_Params_init         
00004f9d  HwiP_clearInterrupt            
00004fab  HwiP_disable                   
00004fb9  HwiP_disableInterrupt          
00004fc7  HwiP_enable                    
00004fc7  NoRTOS_start                   
00004fd5  HwiP_enableInterrupt           
00004fe3  __TI_decompress_none           
00004ff1  Board_init                     
00004ff1  CC3220S_LAUNCHXL_initGeneral   
00004ffd  Power_getConstraintMask        
00005009  copysign                       
00005009  copysignl                      
00005015  __TI_zero_init                 
0000502d  ClockP_isActive                
00005037  I2C_transfer                   
00005041  IntMasterDisable               
0000505d  __aeabi_errno_addr             
00005065  malloc                         
0000506d  I2CCC32XX_control              
00005073  UtilsDelay                     
00005079  HwiP_post                      
0000507d  SemaphoreP_delete              
00005089  _system_pre_init               
0000508d  C$$EXIT                        
0000508d  abort                          
0000539c  PowerCC32XX_module             
00005508  parkInfo                       
00005600  _ftable                        
000056f0  _device                        
00005768  _stream                        
000057b8  __TI_ft_end                    
000057bc  __aeabi_stdin                  
000057c0  __aeabi_stdout                 
000057c4  __aeabi_stderr                 
000057c8  __TI_cleanup_ptr               
000057cc  __TI_dtors_ptr                 
000057d0  __TI_enable_exit_profile_output
000057d4  _lock                          
000057d8  _unlock                        
000057e4  SemaphoreP_defaultParams       
000057ec  HwiP_key                       
000057f0  HwiP_swiPIntNum                
000057f4  ClockP_tickPeriod              
000057fc  errno                          
00005804  _ctypes_                       
00005b70  PowerCC32XX_config             
00005c8c  I2CCC32XX_fxnTable             
00005cd4  I2C_defaultParams              
00005ce4  i2cCC3220SHWAttrs              
00005cf4  ADC_count                      
00005cf5  Capture_count                  
00005cf6  CryptoCC32XX_count             
00005cf7  Display_count                  
00005cf8  I2C_count                      
00005cf9  I2S_count                      
00005cfa  PWM_count                      
00005cfb  SDFatFS_count                  
00005cfc  SD_count                       
00005cfd  SPI_count                      
00005cfe  Timer_count                    
00005cff  UART_count                     
00005d00  Watchdog_count                 
00005d04  I2C_config                     
00005d18  PowerCC32XX_contextSave        
00005e44  __CIOBUF_                      
00005f64  __TI_tmpnams                   
00006004  i2cCC3220SObjects              
00006058  ClockP_ctrl                    
00006075  parmbuf                        
00006080  __stack                        
00006880  __STACK_END                    
00006880  _sys_memory                    
0000738c  resetVectors                   
000073d0  __TI_static_base__             
000074d0  __TI_Handler_Table_Base        
000074dc  __TI_Handler_Table_Limit       
000074f0  __TI_CINIT_Base                
00007508  __TI_CINIT_Limit               
ffffffff  __TI_pprof_out_hndl            
ffffffff  __TI_prof_data_size            
ffffffff  __TI_prof_data_start           
ffffffff  __binit__                      
ffffffff  __c_args__                     
ffffffff  binit                          
UNDEFED   __mpu_init                     
UNDEFED   _system_post_cinit             

[252 symbols]
