<?xml version="1.0" encoding="ISO-8859-1" ?>
<link_info>
   <banner>TI ARM Linker PC v18.12.2.LTS</banner>
   <copyright>Copyright (c) 1996-2018 Texas Instruments Incorporated</copyright>
   <link_time>0x5d760372</link_time>
   <link_errors>0x0</link_errors>
   <output_file>audioSine1kHz.out</output_file>
   <entry_point>
      <name>resetISR</name>
      <address>0x4da1</address>
   </entry_point>
   <input_file_list>
      <input_file id="fl-2">
         <path>.\</path>
         <kind>object</kind>
         <file>CC3220S_LAUNCHXL.obj</file>
         <name>CC3220S_LAUNCHXL.obj</name>
      </input_file>
      <input_file id="fl-3">
         <path>.\</path>
         <kind>object</kind>
         <file>config.obj</file>
         <name>config.obj</name>
      </input_file>
      <input_file id="fl-4">
         <path>.\</path>
         <kind>object</kind>
         <file>main_nortos.obj</file>
         <name>main_nortos.obj</name>
      </input_file>
      <input_file id="fl-e">
         <kind>object</kind>
         <file>&lt;internal&gt;</file>
         <name>&lt;internal&gt;</name>
      </input_file>
      <input_file id="fl-f">
         <path>C:\ti\simplelink_cc32xx_sdk_3_20_00_06\source\ti\display\lib\</path>
         <kind>archive</kind>
         <file>display.aem4</file>
         <name>DisplayUart.oem4</name>
      </input_file>
      <input_file id="fl-10">
         <path>C:\ti\simplelink_cc32xx_sdk_3_20_00_06\source\ti\drivers\lib\</path>
         <kind>archive</kind>
         <file>drivers_cc32xx.aem4</file>
         <name>ADCCC32XX.oem4</name>
      </input_file>
      <input_file id="fl-11">
         <path>C:\ti\simplelink_cc32xx_sdk_3_20_00_06\source\ti\drivers\lib\</path>
         <kind>archive</kind>
         <file>drivers_cc32xx.aem4</file>
         <name>CaptureCC32XX.oem4</name>
      </input_file>
      <input_file id="fl-12">
         <path>C:\ti\simplelink_cc32xx_sdk_3_20_00_06\source\ti\drivers\lib\</path>
         <kind>archive</kind>
         <file>drivers_cc32xx.aem4</file>
         <name>I2C.oem4</name>
      </input_file>
      <input_file id="fl-13">
         <path>C:\ti\simplelink_cc32xx_sdk_3_20_00_06\source\ti\drivers\lib\</path>
         <kind>archive</kind>
         <file>drivers_cc32xx.aem4</file>
         <name>I2CCC32XX.oem4</name>
      </input_file>
      <input_file id="fl-14">
         <path>C:\ti\simplelink_cc32xx_sdk_3_20_00_06\source\ti\drivers\lib\</path>
         <kind>archive</kind>
         <file>drivers_cc32xx.aem4</file>
         <name>PowerCC32XX.oem4</name>
      </input_file>
      <input_file id="fl-15">
         <path>C:\ti\simplelink_cc32xx_sdk_3_20_00_06\source\ti\drivers\lib\</path>
         <kind>archive</kind>
         <file>drivers_cc32xx.aem4</file>
         <name>PowerCC32XX_asm.oem4</name>
      </input_file>
      <input_file id="fl-16">
         <path>C:\ti\simplelink_cc32xx_sdk_3_20_00_06\source\ti\drivers\lib\</path>
         <kind>archive</kind>
         <file>drivers_cc32xx.aem4</file>
         <name>PWMTimerCC32XX.oem4</name>
      </input_file>
      <input_file id="fl-17">
         <path>C:\ti\simplelink_cc32xx_sdk_3_20_00_06\source\ti\drivers\lib\</path>
         <kind>archive</kind>
         <file>drivers_cc32xx.aem4</file>
         <name>SDHostCC32XX.oem4</name>
      </input_file>
      <input_file id="fl-18">
         <path>C:\ti\simplelink_cc32xx_sdk_3_20_00_06\source\ti\drivers\lib\</path>
         <kind>archive</kind>
         <file>drivers_cc32xx.aem4</file>
         <name>SPICC32XXDMA.oem4</name>
      </input_file>
      <input_file id="fl-19">
         <path>C:\ti\simplelink_cc32xx_sdk_3_20_00_06\source\ti\drivers\lib\</path>
         <kind>archive</kind>
         <file>drivers_cc32xx.aem4</file>
         <name>TimerCC32XX.oem4</name>
      </input_file>
      <input_file id="fl-1a">
         <path>C:\ti\simplelink_cc32xx_sdk_3_20_00_06\source\ti\drivers\lib\</path>
         <kind>archive</kind>
         <file>drivers_cc32xx.aem4</file>
         <name>UART.oem4</name>
      </input_file>
      <input_file id="fl-1b">
         <path>C:\ti\simplelink_cc32xx_sdk_3_20_00_06\source\ti\drivers\lib\</path>
         <kind>archive</kind>
         <file>drivers_cc32xx.aem4</file>
         <name>UARTCC32XX.oem4</name>
      </input_file>
      <input_file id="fl-1c">
         <path>C:\ti\simplelink_cc32xx_sdk_3_20_00_06\source\ti\drivers\lib\</path>
         <kind>archive</kind>
         <file>drivers_cc32xx.aem4</file>
         <name>WatchdogCC32XX.oem4</name>
      </input_file>
      <input_file id="fl-1d">
         <path>C:\ti\simplelink_cc32xx_sdk_3_20_00_06\source\ti\drivers\lib\</path>
         <kind>archive</kind>
         <file>drivers_cc32xx.aem4</file>
         <name>List.oem4</name>
      </input_file>
      <input_file id="fl-1e">
         <path>C:\ti\simplelink_cc32xx_sdk_3_20_00_06\source\ti\drivers\lib\</path>
         <kind>archive</kind>
         <file>drivers_cc32xx.aem4</file>
         <name>RingBuf.oem4</name>
      </input_file>
      <input_file id="fl-1f">
         <path>C:\ti\simplelink_cc32xx_sdk_3_20_00_06\source\ti\drivers\lib\</path>
         <kind>archive</kind>
         <file>drivers_cc32xx.aem4</file>
         <name>UDMACC32XX.oem4</name>
      </input_file>
      <input_file id="fl-20">
         <path>C:\ti\simplelink_cc32xx_sdk_3_20_00_06\kernel\nortos\lib\</path>
         <kind>archive</kind>
         <file>nortos_cc32xx.aem4</file>
         <name>NoRTOS.oem4</name>
      </input_file>
      <input_file id="fl-21">
         <path>C:\ti\simplelink_cc32xx_sdk_3_20_00_06\kernel\nortos\lib\</path>
         <kind>archive</kind>
         <file>nortos_cc32xx.aem4</file>
         <name>SemaphoreP_nortos.oem4</name>
      </input_file>
      <input_file id="fl-22">
         <path>C:\ti\simplelink_cc32xx_sdk_3_20_00_06\kernel\nortos\lib\</path>
         <kind>archive</kind>
         <file>nortos_cc32xx.aem4</file>
         <name>SystemP_nortos.oem4</name>
      </input_file>
      <input_file id="fl-23">
         <path>C:\ti\simplelink_cc32xx_sdk_3_20_00_06\kernel\nortos\lib\</path>
         <kind>archive</kind>
         <file>nortos_cc32xx.aem4</file>
         <name>ClockPSysTick_nortos.oem4</name>
      </input_file>
      <input_file id="fl-24">
         <path>C:\ti\simplelink_cc32xx_sdk_3_20_00_06\kernel\nortos\lib\</path>
         <kind>archive</kind>
         <file>nortos_cc32xx.aem4</file>
         <name>HwiPCC32XX_nortos.oem4</name>
      </input_file>
      <input_file id="fl-25">
         <path>C:\ti\simplelink_cc32xx_sdk_3_20_00_06\kernel\nortos\lib\</path>
         <kind>archive</kind>
         <file>nortos_cc32xx.aem4</file>
         <name>PowerCC32XX_nortos.oem4</name>
      </input_file>
      <input_file id="fl-26">
         <path>C:\ti\simplelink_cc32xx_sdk_3_20_00_06\kernel\nortos\lib\</path>
         <kind>archive</kind>
         <file>nortos_cc32xx.aem4</file>
         <name>startup_cc32xx_ccs.oem4</name>
      </input_file>
      <input_file id="fl-27">
         <path>C:\ti\simplelink_cc32xx_sdk_3_20_00_06\kernel\nortos\lib\</path>
         <kind>archive</kind>
         <file>nortos_cc32xx.aem4</file>
         <name>SwiP_nortos.oem4</name>
      </input_file>
      <input_file id="fl-28">
         <path>C:\ti\simplelink_cc32xx_sdk_3_20_00_06\kernel\nortos\lib\</path>
         <kind>archive</kind>
         <file>nortos_cc32xx.aem4</file>
         <name>QueueP_nortos.oem4</name>
      </input_file>
      <input_file id="fl-29">
         <path>C:\ti\simplelink_cc32xx_sdk_3_20_00_06\source\ti\devices\cc32xx\driverlib\ccs\Release\</path>
         <kind>archive</kind>
         <file>driverlib.a</file>
         <name>i2s.obj</name>
      </input_file>
      <input_file id="fl-2a">
         <path>C:\ti\simplelink_cc32xx_sdk_3_20_00_06\source\ti\devices\cc32xx\driverlib\ccs\Release\</path>
         <kind>archive</kind>
         <file>driverlib.a</file>
         <name>interrupt.obj</name>
      </input_file>
      <input_file id="fl-2b">
         <path>C:\ti\simplelink_cc32xx_sdk_3_20_00_06\source\ti\devices\cc32xx\driverlib\ccs\Release\</path>
         <kind>archive</kind>
         <file>driverlib.a</file>
         <name>pin.obj</name>
      </input_file>
      <input_file id="fl-2c">
         <path>C:\ti\simplelink_cc32xx_sdk_3_20_00_06\source\ti\devices\cc32xx\driverlib\ccs\Release\</path>
         <kind>archive</kind>
         <file>driverlib.a</file>
         <name>prcm.obj</name>
      </input_file>
      <input_file id="fl-2d">
         <path>C:\ti\simplelink_cc32xx_sdk_3_20_00_06\source\ti\devices\cc32xx\driverlib\ccs\Release\</path>
         <kind>archive</kind>
         <file>driverlib.a</file>
         <name>sdhost.obj</name>
      </input_file>
      <input_file id="fl-2e">
         <path>C:\ti\simplelink_cc32xx_sdk_3_20_00_06\source\ti\devices\cc32xx\driverlib\ccs\Release\</path>
         <kind>archive</kind>
         <file>driverlib.a</file>
         <name>timer.obj</name>
      </input_file>
      <input_file id="fl-2f">
         <path>C:\ti\simplelink_cc32xx_sdk_3_20_00_06\source\ti\devices\cc32xx\driverlib\ccs\Release\</path>
         <kind>archive</kind>
         <file>driverlib.a</file>
         <name>uart.obj</name>
      </input_file>
      <input_file id="fl-30">
         <path>C:\ti\simplelink_cc32xx_sdk_3_20_00_06\source\ti\devices\cc32xx\driverlib\ccs\Release\</path>
         <kind>archive</kind>
         <file>driverlib.a</file>
         <name>udma.obj</name>
      </input_file>
      <input_file id="fl-31">
         <path>C:\ti\simplelink_cc32xx_sdk_3_20_00_06\source\ti\devices\cc32xx\driverlib\ccs\Release\</path>
         <kind>archive</kind>
         <file>driverlib.a</file>
         <name>utils.obj</name>
      </input_file>
      <input_file id="fl-32">
         <path>C:\ti\simplelink_cc32xx_sdk_3_20_00_06\source\ti\devices\cc32xx\driverlib\ccs\Release\</path>
         <kind>archive</kind>
         <file>driverlib.a</file>
         <name>cpu.obj</name>
      </input_file>
      <input_file id="fl-33">
         <path>C:\ti\simplelink_cc32xx_sdk_3_20_00_06\source\ti\devices\cc32xx\driverlib\ccs\Release\</path>
         <kind>archive</kind>
         <file>driverlib.a</file>
         <name>flash.obj</name>
      </input_file>
      <input_file id="fl-e9">
         <path>C:\ti\ccs910\ccs\tools\compiler\ti-cgt-arm_18.12.2.LTS\lib\</path>
         <kind>archive</kind>
         <file>rtsv7M4_T_le_eabi.lib</file>
         <name>printf.c.obj</name>
      </input_file>
      <input_file id="fl-ea">
         <path>C:\ti\ccs910\ccs\tools\compiler\ti-cgt-arm_18.12.2.LTS\lib\</path>
         <kind>archive</kind>
         <file>rtsv7M4_T_le_eabi.lib</file>
         <name>_printfi.c.obj</name>
      </input_file>
      <input_file id="fl-eb">
         <path>C:\ti\ccs910\ccs\tools\compiler\ti-cgt-arm_18.12.2.LTS\lib\</path>
         <kind>archive</kind>
         <file>rtsv7M4_T_le_eabi.lib</file>
         <name>fputc.c.obj</name>
      </input_file>
      <input_file id="fl-ec">
         <path>C:\ti\ccs910\ccs\tools\compiler\ti-cgt-arm_18.12.2.LTS\lib\</path>
         <kind>archive</kind>
         <file>rtsv7M4_T_le_eabi.lib</file>
         <name>fputs.c.obj</name>
      </input_file>
      <input_file id="fl-ed">
         <path>C:\ti\ccs910\ccs\tools\compiler\ti-cgt-arm_18.12.2.LTS\lib\</path>
         <kind>archive</kind>
         <file>rtsv7M4_T_le_eabi.lib</file>
         <name>_io_perm.c.obj</name>
      </input_file>
      <input_file id="fl-ee">
         <path>C:\ti\ccs910\ccs\tools\compiler\ti-cgt-arm_18.12.2.LTS\lib\</path>
         <kind>archive</kind>
         <file>rtsv7M4_T_le_eabi.lib</file>
         <name>setvbuf.c.obj</name>
      </input_file>
      <input_file id="fl-ef">
         <path>C:\ti\ccs910\ccs\tools\compiler\ti-cgt-arm_18.12.2.LTS\lib\</path>
         <kind>archive</kind>
         <file>rtsv7M4_T_le_eabi.lib</file>
         <name>s_frexp.c.obj</name>
      </input_file>
      <input_file id="fl-f0">
         <path>C:\ti\ccs910\ccs\tools\compiler\ti-cgt-arm_18.12.2.LTS\lib\</path>
         <kind>archive</kind>
         <file>rtsv7M4_T_le_eabi.lib</file>
         <name>s_scalbn.c.obj</name>
      </input_file>
      <input_file id="fl-f1">
         <path>C:\ti\ccs910\ccs\tools\compiler\ti-cgt-arm_18.12.2.LTS\lib\</path>
         <kind>archive</kind>
         <file>rtsv7M4_T_le_eabi.lib</file>
         <name>ull_div_t2.asm.obj</name>
      </input_file>
      <input_file id="fl-f2">
         <path>C:\ti\ccs910\ccs\tools\compiler\ti-cgt-arm_18.12.2.LTS\lib\</path>
         <kind>archive</kind>
         <file>rtsv7M4_T_le_eabi.lib</file>
         <name>memset_t2.asm.obj</name>
      </input_file>
      <input_file id="fl-f3">
         <path>C:\ti\ccs910\ccs\tools\compiler\ti-cgt-arm_18.12.2.LTS\lib\</path>
         <kind>archive</kind>
         <file>rtsv7M4_T_le_eabi.lib</file>
         <name>fd_add_t2.asm.obj</name>
      </input_file>
      <input_file id="fl-f4">
         <path>C:\ti\ccs910\ccs\tools\compiler\ti-cgt-arm_18.12.2.LTS\lib\</path>
         <kind>archive</kind>
         <file>rtsv7M4_T_le_eabi.lib</file>
         <name>fd_cmp_t2.asm.obj</name>
      </input_file>
      <input_file id="fl-f5">
         <path>C:\ti\ccs910\ccs\tools\compiler\ti-cgt-arm_18.12.2.LTS\lib\</path>
         <kind>archive</kind>
         <file>rtsv7M4_T_le_eabi.lib</file>
         <name>fd_div_t2.asm.obj</name>
      </input_file>
      <input_file id="fl-f6">
         <path>C:\ti\ccs910\ccs\tools\compiler\ti-cgt-arm_18.12.2.LTS\lib\</path>
         <kind>archive</kind>
         <file>rtsv7M4_T_le_eabi.lib</file>
         <name>fd_mul_t2.asm.obj</name>
      </input_file>
      <input_file id="fl-f7">
         <path>C:\ti\ccs910\ccs\tools\compiler\ti-cgt-arm_18.12.2.LTS\lib\</path>
         <kind>archive</kind>
         <file>rtsv7M4_T_le_eabi.lib</file>
         <name>fd_toi_t2.asm.obj</name>
      </input_file>
      <input_file id="fl-f8">
         <path>C:\ti\ccs910\ccs\tools\compiler\ti-cgt-arm_18.12.2.LTS\lib\</path>
         <kind>archive</kind>
         <file>rtsv7M4_T_le_eabi.lib</file>
         <name>fd_tou_t2.asm.obj</name>
      </input_file>
      <input_file id="fl-f9">
         <path>C:\ti\ccs910\ccs\tools\compiler\ti-cgt-arm_18.12.2.LTS\lib\</path>
         <kind>archive</kind>
         <file>rtsv7M4_T_le_eabi.lib</file>
         <name>i_tofd_t2.asm.obj</name>
      </input_file>
      <input_file id="fl-fa">
         <path>C:\ti\ccs910\ccs\tools\compiler\ti-cgt-arm_18.12.2.LTS\lib\</path>
         <kind>archive</kind>
         <file>rtsv7M4_T_le_eabi.lib</file>
         <name>ll_mul_t2.asm.obj</name>
      </input_file>
      <input_file id="fl-fb">
         <path>C:\ti\ccs910\ccs\tools\compiler\ti-cgt-arm_18.12.2.LTS\lib\</path>
         <kind>archive</kind>
         <file>rtsv7M4_T_le_eabi.lib</file>
         <name>memcpy_t2.asm.obj</name>
      </input_file>
      <input_file id="fl-fc">
         <path>C:\ti\ccs910\ccs\tools\compiler\ti-cgt-arm_18.12.2.LTS\lib\</path>
         <kind>archive</kind>
         <file>rtsv7M4_T_le_eabi.lib</file>
         <name>u_tofd_t2.asm.obj</name>
      </input_file>
      <input_file id="fl-fd">
         <path>C:\ti\ccs910\ccs\tools\compiler\ti-cgt-arm_18.12.2.LTS\lib\</path>
         <kind>archive</kind>
         <file>rtsv7M4_T_le_eabi.lib</file>
         <name>u_divt2.asm.obj</name>
      </input_file>
      <input_file id="fl-fe">
         <path>C:\ti\ccs910\ccs\tools\compiler\ti-cgt-arm_18.12.2.LTS\lib\</path>
         <kind>archive</kind>
         <file>rtsv7M4_T_le_eabi.lib</file>
         <name>copy_zero_init.c.obj</name>
      </input_file>
      <input_file id="fl-ff">
         <path>C:\ti\ccs910\ccs\tools\compiler\ti-cgt-arm_18.12.2.LTS\lib\</path>
         <kind>archive</kind>
         <file>rtsv7M4_T_le_eabi.lib</file>
         <name>copy_decompress_none.c.obj</name>
      </input_file>
      <input_file id="fl-100">
         <path>C:\ti\ccs910\ccs\tools\compiler\ti-cgt-arm_18.12.2.LTS\lib\</path>
         <kind>archive</kind>
         <file>rtsv7M4_T_le_eabi.lib</file>
         <name>copy_decompress_lzss.c.obj</name>
      </input_file>
      <input_file id="fl-101">
         <path>C:\ti\ccs910\ccs\tools\compiler\ti-cgt-arm_18.12.2.LTS\lib\</path>
         <kind>archive</kind>
         <file>rtsv7M4_T_le_eabi.lib</file>
         <name>exit.c.obj</name>
      </input_file>
      <input_file id="fl-102">
         <path>C:\ti\ccs910\ccs\tools\compiler\ti-cgt-arm_18.12.2.LTS\lib\</path>
         <kind>archive</kind>
         <file>rtsv7M4_T_le_eabi.lib</file>
         <name>_lock.c.obj</name>
      </input_file>
      <input_file id="fl-103">
         <path>C:\ti\ccs910\ccs\tools\compiler\ti-cgt-arm_18.12.2.LTS\lib\</path>
         <kind>archive</kind>
         <file>rtsv7M4_T_le_eabi.lib</file>
         <name>atoi.c.obj</name>
      </input_file>
      <input_file id="fl-104">
         <path>C:\ti\ccs910\ccs\tools\compiler\ti-cgt-arm_18.12.2.LTS\lib\</path>
         <kind>archive</kind>
         <file>rtsv7M4_T_le_eabi.lib</file>
         <name>ctype.c.obj</name>
      </input_file>
      <input_file id="fl-105">
         <path>C:\ti\ccs910\ccs\tools\compiler\ti-cgt-arm_18.12.2.LTS\lib\</path>
         <kind>archive</kind>
         <file>rtsv7M4_T_le_eabi.lib</file>
         <name>defs.c.obj</name>
      </input_file>
      <input_file id="fl-106">
         <path>C:\ti\ccs910\ccs\tools\compiler\ti-cgt-arm_18.12.2.LTS\lib\</path>
         <kind>archive</kind>
         <file>rtsv7M4_T_le_eabi.lib</file>
         <name>ltoa.c.obj</name>
      </input_file>
      <input_file id="fl-107">
         <path>C:\ti\ccs910\ccs\tools\compiler\ti-cgt-arm_18.12.2.LTS\lib\</path>
         <kind>archive</kind>
         <file>rtsv7M4_T_le_eabi.lib</file>
         <name>memccpy.c.obj</name>
      </input_file>
      <input_file id="fl-108">
         <path>C:\ti\ccs910\ccs\tools\compiler\ti-cgt-arm_18.12.2.LTS\lib\</path>
         <kind>archive</kind>
         <file>rtsv7M4_T_le_eabi.lib</file>
         <name>memchr.c.obj</name>
      </input_file>
      <input_file id="fl-109">
         <path>C:\ti\ccs910\ccs\tools\compiler\ti-cgt-arm_18.12.2.LTS\lib\</path>
         <kind>archive</kind>
         <file>rtsv7M4_T_le_eabi.lib</file>
         <name>memory.c.obj</name>
      </input_file>
      <input_file id="fl-10a">
         <path>C:\ti\ccs910\ccs\tools\compiler\ti-cgt-arm_18.12.2.LTS\lib\</path>
         <kind>archive</kind>
         <file>rtsv7M4_T_le_eabi.lib</file>
         <name>strchr.c.obj</name>
      </input_file>
      <input_file id="fl-10b">
         <path>C:\ti\ccs910\ccs\tools\compiler\ti-cgt-arm_18.12.2.LTS\lib\</path>
         <kind>archive</kind>
         <file>rtsv7M4_T_le_eabi.lib</file>
         <name>strlen.c.obj</name>
      </input_file>
      <input_file id="fl-10c">
         <path>C:\ti\ccs910\ccs\tools\compiler\ti-cgt-arm_18.12.2.LTS\lib\</path>
         <kind>archive</kind>
         <file>rtsv7M4_T_le_eabi.lib</file>
         <name>write.c.obj</name>
      </input_file>
      <input_file id="fl-10d">
         <path>C:\ti\ccs910\ccs\tools\compiler\ti-cgt-arm_18.12.2.LTS\lib\</path>
         <kind>archive</kind>
         <file>rtsv7M4_T_le_eabi.lib</file>
         <name>host_device.c.obj</name>
      </input_file>
      <input_file id="fl-10e">
         <path>C:\ti\ccs910\ccs\tools\compiler\ti-cgt-arm_18.12.2.LTS\lib\</path>
         <kind>archive</kind>
         <file>rtsv7M4_T_le_eabi.lib</file>
         <name>boot_cortex_m.c.obj</name>
      </input_file>
      <input_file id="fl-10f">
         <path>C:\ti\ccs910\ccs\tools\compiler\ti-cgt-arm_18.12.2.LTS\lib\</path>
         <kind>archive</kind>
         <file>rtsv7M4_T_le_eabi.lib</file>
         <name>errno.c.obj</name>
      </input_file>
      <input_file id="fl-110">
         <path>C:\ti\ccs910\ccs\tools\compiler\ti-cgt-arm_18.12.2.LTS\lib\</path>
         <kind>archive</kind>
         <file>rtsv7M4_T_le_eabi.lib</file>
         <name>wcslen.c.obj</name>
      </input_file>
      <input_file id="fl-111">
         <path>C:\ti\ccs910\ccs\tools\compiler\ti-cgt-arm_18.12.2.LTS\lib\</path>
         <kind>archive</kind>
         <file>rtsv7M4_T_le_eabi.lib</file>
         <name>s_copysign.c.obj</name>
      </input_file>
      <input_file id="fl-112">
         <path>C:\ti\ccs910\ccs\tools\compiler\ti-cgt-arm_18.12.2.LTS\lib\</path>
         <kind>archive</kind>
         <file>rtsv7M4_T_le_eabi.lib</file>
         <name>fflush.c.obj</name>
      </input_file>
      <input_file id="fl-113">
         <path>C:\ti\ccs910\ccs\tools\compiler\ti-cgt-arm_18.12.2.LTS\lib\</path>
         <kind>archive</kind>
         <file>rtsv7M4_T_le_eabi.lib</file>
         <name>fopen.c.obj</name>
      </input_file>
      <input_file id="fl-114">
         <path>C:\ti\ccs910\ccs\tools\compiler\ti-cgt-arm_18.12.2.LTS\lib\</path>
         <kind>archive</kind>
         <file>rtsv7M4_T_le_eabi.lib</file>
         <name>fseek.c.obj</name>
      </input_file>
      <input_file id="fl-115">
         <path>C:\ti\ccs910\ccs\tools\compiler\ti-cgt-arm_18.12.2.LTS\lib\</path>
         <kind>archive</kind>
         <file>rtsv7M4_T_le_eabi.lib</file>
         <name>div0.asm.obj</name>
      </input_file>
      <input_file id="fl-116">
         <path>C:\ti\ccs910\ccs\tools\compiler\ti-cgt-arm_18.12.2.LTS\lib\</path>
         <kind>archive</kind>
         <file>rtsv7M4_T_le_eabi.lib</file>
         <name>autoinit.c.obj</name>
      </input_file>
      <input_file id="fl-117">
         <path>C:\ti\ccs910\ccs\tools\compiler\ti-cgt-arm_18.12.2.LTS\lib\</path>
         <kind>archive</kind>
         <file>rtsv7M4_T_le_eabi.lib</file>
         <name>pre_init.c.obj</name>
      </input_file>
      <input_file id="fl-118">
         <path>C:\ti\ccs910\ccs\tools\compiler\ti-cgt-arm_18.12.2.LTS\lib\</path>
         <kind>archive</kind>
         <file>rtsv7M4_T_le_eabi.lib</file>
         <name>cpy_tbl.c.obj</name>
      </input_file>
      <input_file id="fl-119">
         <path>C:\ti\ccs910\ccs\tools\compiler\ti-cgt-arm_18.12.2.LTS\lib\</path>
         <kind>archive</kind>
         <file>rtsv7M4_T_le_eabi.lib</file>
         <name>args_main.c.obj</name>
      </input_file>
      <input_file id="fl-11a">
         <path>C:\ti\ccs910\ccs\tools\compiler\ti-cgt-arm_18.12.2.LTS\lib\</path>
         <kind>archive</kind>
         <file>rtsv7M4_T_le_eabi.lib</file>
         <name>hostclose.c.obj</name>
      </input_file>
      <input_file id="fl-11b">
         <path>C:\ti\ccs910\ccs\tools\compiler\ti-cgt-arm_18.12.2.LTS\lib\</path>
         <kind>archive</kind>
         <file>rtsv7M4_T_le_eabi.lib</file>
         <name>hostlseek.c.obj</name>
      </input_file>
      <input_file id="fl-11c">
         <path>C:\ti\ccs910\ccs\tools\compiler\ti-cgt-arm_18.12.2.LTS\lib\</path>
         <kind>archive</kind>
         <file>rtsv7M4_T_le_eabi.lib</file>
         <name>hostopen.c.obj</name>
      </input_file>
      <input_file id="fl-11d">
         <path>C:\ti\ccs910\ccs\tools\compiler\ti-cgt-arm_18.12.2.LTS\lib\</path>
         <kind>archive</kind>
         <file>rtsv7M4_T_le_eabi.lib</file>
         <name>hostread.c.obj</name>
      </input_file>
      <input_file id="fl-11e">
         <path>C:\ti\ccs910\ccs\tools\compiler\ti-cgt-arm_18.12.2.LTS\lib\</path>
         <kind>archive</kind>
         <file>rtsv7M4_T_le_eabi.lib</file>
         <name>hostrename.c.obj</name>
      </input_file>
      <input_file id="fl-11f">
         <path>C:\ti\ccs910\ccs\tools\compiler\ti-cgt-arm_18.12.2.LTS\lib\</path>
         <kind>archive</kind>
         <file>rtsv7M4_T_le_eabi.lib</file>
         <name>hostunlink.c.obj</name>
      </input_file>
      <input_file id="fl-120">
         <path>C:\ti\ccs910\ccs\tools\compiler\ti-cgt-arm_18.12.2.LTS\lib\</path>
         <kind>archive</kind>
         <file>rtsv7M4_T_le_eabi.lib</file>
         <name>hostwrite.c.obj</name>
      </input_file>
      <input_file id="fl-121">
         <path>C:\ti\ccs910\ccs\tools\compiler\ti-cgt-arm_18.12.2.LTS\lib\</path>
         <kind>archive</kind>
         <file>rtsv7M4_T_le_eabi.lib</file>
         <name>trgmsg.c.obj</name>
      </input_file>
      <input_file id="fl-122">
         <path>C:\ti\ccs910\ccs\tools\compiler\ti-cgt-arm_18.12.2.LTS\lib\</path>
         <kind>archive</kind>
         <file>rtsv7M4_T_le_eabi.lib</file>
         <name>open.c.obj</name>
      </input_file>
      <input_file id="fl-123">
         <path>C:\ti\ccs910\ccs\tools\compiler\ti-cgt-arm_18.12.2.LTS\lib\</path>
         <kind>archive</kind>
         <file>rtsv7M4_T_le_eabi.lib</file>
         <name>lseek.c.obj</name>
      </input_file>
      <input_file id="fl-124">
         <path>C:\ti\ccs910\ccs\tools\compiler\ti-cgt-arm_18.12.2.LTS\lib\</path>
         <kind>archive</kind>
         <file>rtsv7M4_T_le_eabi.lib</file>
         <name>fclose.c.obj</name>
      </input_file>
      <input_file id="fl-125">
         <path>C:\ti\ccs910\ccs\tools\compiler\ti-cgt-arm_18.12.2.LTS\lib\</path>
         <kind>archive</kind>
         <file>rtsv7M4_T_le_eabi.lib</file>
         <name>getdevice.c.obj</name>
      </input_file>
      <input_file id="fl-126">
         <path>C:\ti\ccs910\ccs\tools\compiler\ti-cgt-arm_18.12.2.LTS\lib\</path>
         <kind>archive</kind>
         <file>rtsv7M4_T_le_eabi.lib</file>
         <name>strcmp.c.obj</name>
      </input_file>
      <input_file id="fl-127">
         <path>C:\ti\ccs910\ccs\tools\compiler\ti-cgt-arm_18.12.2.LTS\lib\</path>
         <kind>archive</kind>
         <file>rtsv7M4_T_le_eabi.lib</file>
         <name>strcpy.c.obj</name>
      </input_file>
      <input_file id="fl-128">
         <path>C:\ti\ccs910\ccs\tools\compiler\ti-cgt-arm_18.12.2.LTS\lib\</path>
         <kind>archive</kind>
         <file>rtsv7M4_T_le_eabi.lib</file>
         <name>strncpy.c.obj</name>
      </input_file>
      <input_file id="fl-129">
         <path>C:\ti\ccs910\ccs\tools\compiler\ti-cgt-arm_18.12.2.LTS\lib\</path>
         <kind>archive</kind>
         <file>rtsv7M4_T_le_eabi.lib</file>
         <name>remove.c.obj</name>
      </input_file>
      <input_file id="fl-12a">
         <path>C:\ti\ccs910\ccs\tools\compiler\ti-cgt-arm_18.12.2.LTS\lib\</path>
         <kind>archive</kind>
         <file>rtsv7M4_T_le_eabi.lib</file>
         <name>close.c.obj</name>
      </input_file>
      <input_file id="fl-12b">
         <path>C:\ti\ccs910\ccs\tools\compiler\ti-cgt-arm_18.12.2.LTS\lib\</path>
         <kind>archive</kind>
         <file>rtsv7M4_T_le_eabi.lib</file>
         <name>unlink.c.obj</name>
      </input_file>
   </input_file_list>
   <object_component_list>
      <object_component id="oc-28d">
         <name>.text:__TI_printfi</name>
         <load_address>0x20</load_address>
         <run_address>0x20</run_address>
         <size>0xa4e</size>
         <input_file_ref idref="fl-ea"/>
      </object_component>
      <object_component id="oc-5f1">
         <name>.text:I2CCC32XX_init</name>
         <load_address>0xa6e</load_address>
         <run_address>0xa6e</run_address>
         <size>0x2</size>
         <input_file_ref idref="fl-13"/>
      </object_component>
      <object_component id="oc-27f">
         <name>.text:PRCMCC3200MCUInit</name>
         <load_address>0xa70</load_address>
         <run_address>0xa70</run_address>
         <size>0x42c</size>
         <input_file_ref idref="fl-2c"/>
      </object_component>
      <object_component id="oc-15a">
         <name>.text:ConfigureAudioCodec</name>
         <load_address>0xe9c</load_address>
         <run_address>0xe9c</run_address>
         <size>0x2a8</size>
         <input_file_ref idref="fl-3"/>
      </object_component>
      <object_component id="oc-3a0">
         <name>.text:_pconv_a</name>
         <load_address>0x1144</load_address>
         <run_address>0x1144</run_address>
         <size>0x268</size>
         <input_file_ref idref="fl-ea"/>
      </object_component>
      <object_component id="oc-38e">
         <name>.text:_pconv_g</name>
         <load_address>0x13ac</load_address>
         <run_address>0x13ac</run_address>
         <size>0x1cc</size>
         <input_file_ref idref="fl-ea"/>
      </object_component>
      <object_component id="oc-493">
         <name>.text</name>
         <load_address>0x1578</load_address>
         <run_address>0x1578</run_address>
         <size>0x1b6</size>
         <input_file_ref idref="fl-f3"/>
      </object_component>
      <object_component id="oc-45a">
         <name>.text:PowerCC32XX_initPolicy</name>
         <load_address>0x172e</load_address>
         <run_address>0x172e</run_address>
         <size>0x2</size>
         <input_file_ref idref="fl-25"/>
      </object_component>
      <object_component id="oc-460">
         <name>.text:PowerCC32XX_sleepPolicy</name>
         <load_address>0x1730</load_address>
         <run_address>0x1730</run_address>
         <size>0x198</size>
         <input_file_ref idref="fl-25"/>
      </object_component>
      <object_component id="oc-626">
         <name>.text:parkPins</name>
         <load_address>0x18c8</load_address>
         <run_address>0x18c8</run_address>
         <size>0x148</size>
         <input_file_ref idref="fl-14"/>
      </object_component>
      <object_component id="oc-39a">
         <name>.text:_pconv_e</name>
         <load_address>0x1a10</load_address>
         <run_address>0x1a10</run_address>
         <size>0x13c</size>
         <input_file_ref idref="fl-ea"/>
      </object_component>
      <object_component id="oc-479">
         <name>.text</name>
         <load_address>0x1b4c</load_address>
         <run_address>0x1b4c</run_address>
         <size>0x136</size>
         <input_file_ref idref="fl-f5"/>
      </object_component>
      <object_component id="oc-701">
         <name>.text:I2CCC32XX_hwiFxn</name>
         <load_address>0x1c82</load_address>
         <run_address>0x1c82</run_address>
         <size>0x120</size>
         <input_file_ref idref="fl-13"/>
      </object_component>
      <object_component id="oc-3c4">
         <name>.text:_nop</name>
         <load_address>0x1da2</load_address>
         <run_address>0x1da2</run_address>
         <size>0x2</size>
         <input_file_ref idref="fl-102"/>
      </object_component>
      <object_component id="oc-4a5">
         <name>.text:fcvt</name>
         <load_address>0x1da4</load_address>
         <run_address>0x1da4</run_address>
         <size>0x120</size>
         <input_file_ref idref="fl-ea"/>
      </object_component>
      <object_component id="oc-565">
         <name>.text:Power_sleep</name>
         <load_address>0x1ec4</load_address>
         <run_address>0x1ec4</run_address>
         <size>0x11c</size>
         <input_file_ref idref="fl-14"/>
      </object_component>
      <object_component id="oc-3d2">
         <name>.text:fputs</name>
         <load_address>0x1fe0</load_address>
         <run_address>0x1fe0</run_address>
         <size>0x114</size>
         <input_file_ref idref="fl-ec"/>
      </object_component>
      <object_component id="oc-5f7">
         <name>.text:I2CCC32XX_open</name>
         <load_address>0x20f4</load_address>
         <run_address>0x20f4</run_address>
         <size>0xfc</size>
         <input_file_ref idref="fl-13"/>
      </object_component>
      <object_component id="oc-474">
         <name>.text</name>
         <load_address>0x21f0</load_address>
         <run_address>0x21f0</run_address>
         <size>0xfc</size>
         <input_file_ref idref="fl-f6"/>
      </object_component>
      <object_component id="oc-79b">
         <name>.text:aligned_alloc</name>
         <load_address>0x22ec</load_address>
         <run_address>0x22ec</run_address>
         <size>0xf4</size>
         <input_file_ref idref="fl-109"/>
      </object_component>
      <object_component id="oc-2fb">
         <name>.text:I2SConfigSetExpClk</name>
         <load_address>0x23e0</load_address>
         <run_address>0x23e0</run_address>
         <size>0xec</size>
         <input_file_ref idref="fl-29"/>
      </object_component>
      <object_component id="oc-67d">
         <name>.text:free</name>
         <load_address>0x24cc</load_address>
         <run_address>0x24cc</run_address>
         <size>0xe8</size>
         <input_file_ref idref="fl-109"/>
      </object_component>
      <object_component id="oc-109">
         <name>.text:main</name>
         <load_address>0x25b4</load_address>
         <run_address>0x25b4</run_address>
         <size>0xdc</size>
         <input_file_ref idref="fl-4"/>
      </object_component>
      <object_component id="oc-5be">
         <name>.text:setvbuf</name>
         <load_address>0x2690</load_address>
         <run_address>0x2690</run_address>
         <size>0xdc</size>
         <input_file_ref idref="fl-ee"/>
      </object_component>
      <object_component id="oc-4b9">
         <name>.text:scalbn</name>
         <load_address>0x276c</load_address>
         <run_address>0x276c</run_address>
         <size>0xd0</size>
         <input_file_ref idref="fl-f0"/>
      </object_component>
      <object_component id="oc-643">
         <name>.text:restoreParkedPins</name>
         <load_address>0x283c</load_address>
         <run_address>0x283c</run_address>
         <size>0xc0</size>
         <input_file_ref idref="fl-14"/>
      </object_component>
      <object_component id="oc-383">
         <name>.text:_ltostr</name>
         <load_address>0x28fc</load_address>
         <run_address>0x28fc</run_address>
         <size>0xb1</size>
         <input_file_ref idref="fl-ea"/>
      </object_component>
      <object_component id="oc-62">
         <name>.text:busFaultHandler</name>
         <load_address>0x29ae</load_address>
         <run_address>0x29ae</run_address>
         <size>0x2</size>
         <input_file_ref idref="fl-26"/>
      </object_component>
      <object_component id="oc-a4">
         <name>.text:IntEnable</name>
         <load_address>0x29b0</load_address>
         <run_address>0x29b0</run_address>
         <size>0xa8</size>
         <input_file_ref idref="fl-2a"/>
      </object_component>
      <object_component id="oc-36a">
         <name>.text:PowerCC32XX_configureWakeup</name>
         <load_address>0x2a58</load_address>
         <run_address>0x2a58</run_address>
         <size>0xa8</size>
         <input_file_ref idref="fl-14"/>
      </object_component>
      <object_component id="oc-70e">
         <name>.text:SemaphoreP_pend</name>
         <load_address>0x2b00</load_address>
         <run_address>0x2b00</run_address>
         <size>0xa0</size>
         <input_file_ref idref="fl-21"/>
      </object_component>
      <object_component id="oc-2a">
         <name>.text</name>
         <load_address>0x2ba0</load_address>
         <run_address>0x2ba0</run_address>
         <size>0x9c</size>
         <input_file_ref idref="fl-fb"/>
      </object_component>
      <object_component id="oc-427">
         <name>.text</name>
         <load_address>0x2c3c</load_address>
         <run_address>0x2c3c</run_address>
         <size>0x96</size>
         <input_file_ref idref="fl-f1"/>
      </object_component>
      <object_component id="oc-5fd">
         <name>.text:I2CCC32XX_transfer</name>
         <load_address>0x2cd2</load_address>
         <run_address>0x2cd2</run_address>
         <size>0x90</size>
         <input_file_ref idref="fl-13"/>
      </object_component>
      <object_component id="oc-83a">
         <name>.text:clkFxn</name>
         <load_address>0x2d62</load_address>
         <run_address>0x2d62</run_address>
         <size>0x2</size>
         <input_file_ref idref="fl-21"/>
      </object_component>
      <object_component id="oc-637">
         <name>.text:restoreNVICRegs</name>
         <load_address>0x2d64</load_address>
         <run_address>0x2d64</run_address>
         <size>0x90</size>
         <input_file_ref idref="fl-14"/>
      </object_component>
      <object_component id="oc-801">
         <name>.text:HwiP_construct</name>
         <load_address>0x2df4</load_address>
         <run_address>0x2df4</run_address>
         <size>0x8c</size>
         <input_file_ref idref="fl-24"/>
      </object_component>
      <object_component id="oc-3d9">
         <name>.text:fputc</name>
         <load_address>0x2e80</load_address>
         <run_address>0x2e80</run_address>
         <size>0x8c</size>
         <input_file_ref idref="fl-eb"/>
      </object_component>
      <object_component id="oc-77f">
         <name>.text:IntPendSet</name>
         <load_address>0x2f0c</load_address>
         <run_address>0x2f0c</run_address>
         <size>0x88</size>
         <input_file_ref idref="fl-2a"/>
      </object_component>
      <object_component id="oc-42f">
         <name>.text:PinConfigSet</name>
         <load_address>0x2f94</load_address>
         <run_address>0x2f94</run_address>
         <size>0x88</size>
         <input_file_ref idref="fl-2b"/>
      </object_component>
      <object_component id="oc-720">
         <name>.text:I2CCC32XX_primeTransfer</name>
         <load_address>0x301c</load_address>
         <run_address>0x301c</run_address>
         <size>0x86</size>
         <input_file_ref idref="fl-13"/>
      </object_component>
      <object_component id="oc-389">
         <name>.text:__aeabi_cdcmple</name>
         <load_address>0x30a2</load_address>
         <run_address>0x30a2</run_address>
         <size>0x86</size>
         <input_file_ref idref="fl-f4"/>
      </object_component>
      <object_component id="oc-47e">
         <name>.text:__aeabi_cdrcmple</name>
         <load_address>0x3128</load_address>
         <run_address>0x3128</run_address>
         <size>0x86</size>
         <input_file_ref idref="fl-f4"/>
      </object_component>
      <object_component id="oc-5c">
         <name>.text:defaultHandler</name>
         <load_address>0x31ae</load_address>
         <run_address>0x31ae</run_address>
         <size>0x2</size>
         <input_file_ref idref="fl-26"/>
      </object_component>
      <object_component id="oc-5e5">
         <name>.text:I2CCC32XX_close</name>
         <load_address>0x31b0</load_address>
         <run_address>0x31b0</run_address>
         <size>0x84</size>
         <input_file_ref idref="fl-13"/>
      </object_component>
      <object_component id="oc-2ef">
         <name>.text:I2SEnable</name>
         <load_address>0x3234</load_address>
         <run_address>0x3234</run_address>
         <size>0x84</size>
         <input_file_ref idref="fl-29"/>
      </object_component>
      <object_component id="oc-285">
         <name>.text:Power_init</name>
         <load_address>0x32b8</load_address>
         <run_address>0x32b8</run_address>
         <size>0x84</size>
         <input_file_ref idref="fl-14"/>
      </object_component>
      <object_component id="oc-62c">
         <name>.text:saveNVICRegs</name>
         <load_address>0x333c</load_address>
         <run_address>0x333c</run_address>
         <size>0x84</size>
         <input_file_ref idref="fl-14"/>
      </object_component>
      <object_component id="oc-2e3">
         <name>.text:Power_setDependency</name>
         <load_address>0x33c0</load_address>
         <run_address>0x33c0</run_address>
         <size>0x80</size>
         <input_file_ref idref="fl-14"/>
      </object_component>
      <object_component id="oc-5df">
         <name>.text:I2CCC32XX_cancel</name>
         <load_address>0x3440</load_address>
         <run_address>0x3440</run_address>
         <size>0x7e</size>
         <input_file_ref idref="fl-13"/>
      </object_component>
      <object_component id="oc-56">
         <name>.text:faultISR</name>
         <load_address>0x34be</load_address>
         <run_address>0x34be</run_address>
         <size>0x2</size>
         <input_file_ref idref="fl-26"/>
      </object_component>
      <object_component id="oc-160">
         <name>.text:ConfigureI2S</name>
         <load_address>0x34c0</load_address>
         <run_address>0x34c0</run_address>
         <size>0x7c</size>
         <input_file_ref idref="fl-3"/>
      </object_component>
      <object_component id="oc-869">
         <name>.text:split</name>
         <load_address>0x353c</load_address>
         <run_address>0x353c</run_address>
         <size>0x7c</size>
         <input_file_ref idref="fl-109"/>
      </object_component>
      <object_component id="oc-8c">
         <name>.text</name>
         <load_address>0x35b8</load_address>
         <run_address>0x35b8</run_address>
         <size>0x7a</size>
         <input_file_ref idref="fl-f2"/>
      </object_component>
      <object_component id="oc-50">
         <name>.text:nmiISR</name>
         <load_address>0x3632</load_address>
         <run_address>0x3632</run_address>
         <size>0x2</size>
         <input_file_ref idref="fl-26"/>
      </object_component>
      <object_component id="oc-7a2">
         <name>.text:__TI_closefile</name>
         <load_address>0x3634</load_address>
         <run_address>0x3634</run_address>
         <size>0x74</size>
         <input_file_ref idref="fl-124"/>
      </object_component>
      <object_component id="oc-49e">
         <name>.text:_mcpy</name>
         <load_address>0x36a8</load_address>
         <run_address>0x36a8</run_address>
         <size>0x6e</size>
         <input_file_ref idref="fl-ea"/>
      </object_component>
      <object_component id="oc-52a">
         <name>.text</name>
         <load_address>0x3716</load_address>
         <run_address>0x3716</run_address>
         <size>0x2</size>
         <input_file_ref idref="fl-115"/>
      </object_component>
      <object_component id="oc-7c6">
         <name>.text:HOSTlseek</name>
         <load_address>0x3718</load_address>
         <run_address>0x3718</run_address>
         <size>0x68</size>
         <input_file_ref idref="fl-11b"/>
      </object_component>
      <object_component id="oc-7d2">
         <name>.text:HOSTrename</name>
         <load_address>0x3780</load_address>
         <run_address>0x3780</run_address>
         <size>0x68</size>
         <input_file_ref idref="fl-11e"/>
      </object_component>
      <object_component id="oc-3">
         <name>.text:decompress:lzss:__TI_decompress_lzss</name>
         <load_address>0x37e8</load_address>
         <run_address>0x37e8</run_address>
         <size>0x68</size>
         <input_file_ref idref="fl-100"/>
      </object_component>
      <object_component id="oc-6af">
         <name>.text:initHw</name>
         <load_address>0x3850</load_address>
         <run_address>0x3850</run_address>
         <size>0x68</size>
         <input_file_ref idref="fl-13"/>
      </object_component>
      <object_component id="oc-14e">
         <name>.text:printf</name>
         <load_address>0x38b8</load_address>
         <run_address>0x38b8</run_address>
         <size>0x68</size>
         <input_file_ref idref="fl-e9"/>
      </object_component>
      <object_component id="oc-5b8">
         <name>.text:fseek</name>
         <load_address>0x3920</load_address>
         <run_address>0x3920</run_address>
         <size>0x64</size>
         <input_file_ref idref="fl-114"/>
      </object_component>
      <object_component id="oc-4ea">
         <name>.text:__TI_wrt_ok</name>
         <load_address>0x3984</load_address>
         <run_address>0x3984</run_address>
         <size>0x62</size>
         <input_file_ref idref="fl-ed"/>
      </object_component>
      <object_component id="oc-7ae">
         <name>.text:HOSTopen</name>
         <load_address>0x39e8</load_address>
         <run_address>0x39e8</run_address>
         <size>0x60</size>
         <input_file_ref idref="fl-11c"/>
      </object_component>
      <object_component id="oc-344">
         <name>.text:PRCMSysResetCauseGet</name>
         <load_address>0x3a48</load_address>
         <run_address>0x3a48</run_address>
         <size>0x60</size>
         <input_file_ref idref="fl-2c"/>
      </object_component>
      <object_component id="oc-870">
         <name>.text:close</name>
         <load_address>0x3aa8</load_address>
         <run_address>0x3aa8</run_address>
         <size>0x5c</size>
         <input_file_ref idref="fl-12a"/>
      </object_component>
      <object_component id="oc-4b3">
         <name>.text:frexp</name>
         <load_address>0x3b04</load_address>
         <run_address>0x3b04</run_address>
         <size>0x5c</size>
         <input_file_ref idref="fl-ef"/>
      </object_component>
      <object_component id="oc-746">
         <name>.text:sysTickInit</name>
         <load_address>0x3b60</load_address>
         <run_address>0x3b60</run_address>
         <size>0x5c</size>
         <input_file_ref idref="fl-23"/>
      </object_component>
      <object_component id="oc-7ba">
         <name>.text:HOSTread</name>
         <load_address>0x3bbc</load_address>
         <run_address>0x3bbc</run_address>
         <size>0x58</size>
         <input_file_ref idref="fl-11d"/>
      </object_component>
      <object_component id="oc-7c0">
         <name>.text:HOSTwrite</name>
         <load_address>0x3c14</load_address>
         <run_address>0x3c14</run_address>
         <size>0x58</size>
         <input_file_ref idref="fl-120"/>
      </object_component>
      <object_component id="oc-2f5">
         <name>.text:PRCMI2SClockFreqSet</name>
         <load_address>0x3c6c</load_address>
         <run_address>0x3c6c</run_address>
         <size>0x58</size>
         <input_file_ref idref="fl-2c"/>
      </object_component>
      <object_component id="oc-2e9">
         <name>.text:PRCMPeripheralReset</name>
         <load_address>0x3cc4</load_address>
         <run_address>0x3cc4</run_address>
         <size>0x58</size>
         <input_file_ref idref="fl-2c"/>
      </object_component>
      <object_component id="oc-6b6">
         <name>.text:Power_releaseDependency</name>
         <load_address>0x3d1c</load_address>
         <run_address>0x3d1c</run_address>
         <size>0x58</size>
         <input_file_ref idref="fl-14"/>
      </object_component>
      <object_component id="oc-394">
         <name>.text:_pconv_f</name>
         <load_address>0x3d74</load_address>
         <run_address>0x3d74</run_address>
         <size>0x56</size>
         <input_file_ref idref="fl-ea"/>
      </object_component>
      <object_component id="oc-488">
         <name>.text:ltoa</name>
         <load_address>0x3dca</load_address>
         <run_address>0x3dca</run_address>
         <size>0x54</size>
         <input_file_ref idref="fl-106"/>
      </object_component>
      <object_component id="oc-75c">
         <name>.text:PowerCC32XX_resumeLPDS</name>
         <load_address>0x3e1e</load_address>
         <run_address>0x3e1e</run_address>
         <size>0x52</size>
         <input_file_ref idref="fl-15"/>
      </object_component>
      <object_component id="oc-498">
         <name>.text:_ecpy</name>
         <load_address>0x3e70</load_address>
         <run_address>0x3e70</run_address>
         <size>0x52</size>
         <input_file_ref idref="fl-ea"/>
      </object_component>
      <object_component id="oc-68">
         <name>.text:ClockP_sysTickHandler</name>
         <load_address>0x3ec4</load_address>
         <run_address>0x3ec4</run_address>
         <size>0x50</size>
         <input_file_ref idref="fl-23"/>
      </object_component>
      <object_component id="oc-814">
         <name>.text:I2CCC32XX_completeTransfer</name>
         <load_address>0x3f14</load_address>
         <run_address>0x3f14</run_address>
         <size>0x50</size>
         <input_file_ref idref="fl-13"/>
      </object_component>
      <object_component id="oc-80c">
         <name>.text:SemaphoreP_construct</name>
         <load_address>0x3f64</load_address>
         <run_address>0x3f64</run_address>
         <size>0x50</size>
         <input_file_ref idref="fl-21"/>
      </object_component>
      <object_component id="oc-753">
         <name>.text:PowerCC32XX_parkPin</name>
         <load_address>0x3fb4</load_address>
         <run_address>0x3fb4</run_address>
         <size>0x4c</size>
         <input_file_ref idref="fl-14"/>
      </object_component>
      <object_component id="oc-4f6">
         <name>.text:__TI_doflush</name>
         <load_address>0x4000</load_address>
         <run_address>0x4000</run_address>
         <size>0x4c</size>
         <input_file_ref idref="fl-112"/>
      </object_component>
      <object_component id="oc-37d">
         <name>.text:atoi</name>
         <load_address>0x404c</load_address>
         <run_address>0x404c</run_address>
         <size>0x4c</size>
         <input_file_ref idref="fl-103"/>
      </object_component>
      <object_component id="oc-63d">
         <name>.text:restorePeriphClocks</name>
         <load_address>0x4098</load_address>
         <run_address>0x4098</run_address>
         <size>0x4c</size>
         <input_file_ref idref="fl-14"/>
      </object_component>
      <object_component id="oc-777">
         <name>.text:FlashDisable</name>
         <load_address>0x40e4</load_address>
         <run_address>0x40e4</run_address>
         <size>0x48</size>
         <input_file_ref idref="fl-33"/>
      </object_component>
      <object_component id="oc-649">
         <name>.text:PRCMLPDSEnter</name>
         <load_address>0x412c</load_address>
         <run_address>0x412c</run_address>
         <size>0x48</size>
         <input_file_ref idref="fl-2c"/>
      </object_component>
      <object_component id="oc-30d">
         <name>.text:PRCMPeripheralClkEnable</name>
         <load_address>0x4174</load_address>
         <run_address>0x4174</run_address>
         <size>0x48</size>
         <input_file_ref idref="fl-2c"/>
      </object_component>
      <object_component id="oc-8bc">
         <name>.text:Power_releaseConstraint</name>
         <load_address>0x41bc</load_address>
         <run_address>0x41bc</run_address>
         <size>0x48</size>
         <input_file_ref idref="fl-14"/>
      </object_component>
      <object_component id="oc-17f">
         <name>.text:exit</name>
         <load_address>0x4204</load_address>
         <run_address>0x4204</run_address>
         <size>0x48</size>
         <input_file_ref idref="fl-101"/>
      </object_component>
      <object_component id="oc-483">
         <name>.text</name>
         <load_address>0x424c</load_address>
         <run_address>0x424c</run_address>
         <size>0x48</size>
         <input_file_ref idref="fl-f7"/>
      </object_component>
      <object_component id="oc-8c4">
         <name>.text:ClockP_stop</name>
         <load_address>0x4294</load_address>
         <run_address>0x4294</run_address>
         <size>0x44</size>
         <input_file_ref idref="fl-23"/>
      </object_component>
      <object_component id="oc-7b4">
         <name>.text:HOSTclose</name>
         <load_address>0x42d8</load_address>
         <run_address>0x42d8</run_address>
         <size>0x44</size>
         <input_file_ref idref="fl-11a"/>
      </object_component>
      <object_component id="oc-7cc">
         <name>.text:HOSTunlink</name>
         <load_address>0x431c</load_address>
         <run_address>0x431c</run_address>
         <size>0x44</size>
         <input_file_ref idref="fl-11f"/>
      </object_component>
      <object_component id="oc-2a7">
         <name>.text:I2C_init</name>
         <load_address>0x4360</load_address>
         <run_address>0x4360</run_address>
         <size>0x44</size>
         <input_file_ref idref="fl-12"/>
      </object_component>
      <object_component id="oc-301">
         <name>.text:I2SSerializerConfig</name>
         <load_address>0x43a4</load_address>
         <run_address>0x43a4</run_address>
         <size>0x44</size>
         <input_file_ref idref="fl-29"/>
      </object_component>
      <object_component id="oc-761">
         <name>.text:PRCMLPDSRestoreInfoSet</name>
         <load_address>0x43e8</load_address>
         <run_address>0x43e8</run_address>
         <size>0x44</size>
         <input_file_ref idref="fl-2c"/>
      </object_component>
      <object_component id="oc-632">
         <name>.text:PowerCC32XX_enterLPDS</name>
         <load_address>0x442c</load_address>
         <run_address>0x442c</run_address>
         <size>0x44</size>
         <input_file_ref idref="fl-15"/>
      </object_component>
      <object_component id="oc-72c">
         <name>.text:SemaphoreP_post</name>
         <load_address>0x4470</load_address>
         <run_address>0x4470</run_address>
         <size>0x44</size>
         <input_file_ref idref="fl-21"/>
      </object_component>
      <object_component id="oc-576">
         <name>.text:SwiP_restore</name>
         <load_address>0x44b4</load_address>
         <run_address>0x44b4</run_address>
         <size>0x44</size>
         <input_file_ref idref="fl-27"/>
      </object_component>
      <object_component id="oc-185">
         <name>.text:__TI_auto_init_nobinit_nopinit:__TI_auto_init_nobinit_nopinit</name>
         <load_address>0x44f8</load_address>
         <run_address>0x44f8</run_address>
         <size>0x44</size>
         <input_file_ref idref="fl-116"/>
      </object_component>
      <object_component id="oc-8da">
         <name>.text:getdevice</name>
         <load_address>0x453c</load_address>
         <run_address>0x453c</run_address>
         <size>0x44</size>
         <input_file_ref idref="fl-125"/>
      </object_component>
      <object_component id="oc-2b3">
         <name>.text:I2C_open</name>
         <load_address>0x4580</load_address>
         <run_address>0x4580</run_address>
         <size>0x40</size>
         <input_file_ref idref="fl-12"/>
      </object_component>
      <object_component id="oc-363">
         <name>.text:PinModeSet</name>
         <load_address>0x45c0</load_address>
         <run_address>0x45c0</run_address>
         <size>0x40</size>
         <input_file_ref idref="fl-2b"/>
      </object_component>
      <object_component id="oc-4ab">
         <name>.text:_fcpy</name>
         <load_address>0x4600</load_address>
         <run_address>0x4600</run_address>
         <size>0x3e</size>
         <input_file_ref idref="fl-ea"/>
      </object_component>
      <object_component id="oc-834">
         <name>.text:ClockP_destruct</name>
         <load_address>0x4640</load_address>
         <run_address>0x4640</run_address>
         <size>0x3c</size>
         <input_file_ref idref="fl-23"/>
      </object_component>
      <object_component id="oc-714">
         <name>.text:Power_setConstraint</name>
         <load_address>0x467c</load_address>
         <run_address>0x467c</run_address>
         <size>0x3c</size>
         <input_file_ref idref="fl-14"/>
      </object_component>
      <object_component id="oc-55f">
         <name>.text:getCountsRTC</name>
         <load_address>0x46b8</load_address>
         <run_address>0x46b8</run_address>
         <size>0x3a</size>
         <input_file_ref idref="fl-25"/>
      </object_component>
      <object_component id="oc-64f">
         <name>.text:PRCMLPDSEnterKeepDebugIf</name>
         <load_address>0x46f4</load_address>
         <run_address>0x46f4</run_address>
         <size>0x38</size>
         <input_file_ref idref="fl-2c"/>
      </object_component>
      <object_component id="oc-881">
         <name>.text:__TI_writemsg</name>
         <load_address>0x472c</load_address>
         <run_address>0x472c</run_address>
         <size>0x38</size>
         <input_file_ref idref="fl-121"/>
      </object_component>
      <object_component id="oc-ca">
         <name>.text:addToList</name>
         <load_address>0x4764</load_address>
         <run_address>0x4764</run_address>
         <size>0x38</size>
         <input_file_ref idref="fl-23"/>
      </object_component>
      <object_component id="oc-48">
         <name>.text:initVectors</name>
         <load_address>0x479c</load_address>
         <run_address>0x479c</run_address>
         <size>0x38</size>
         <input_file_ref idref="fl-26"/>
      </object_component>
      <object_component id="oc-620">
         <name>.text:notify</name>
         <load_address>0x47d4</load_address>
         <run_address>0x47d4</run_address>
         <size>0x38</size>
         <input_file_ref idref="fl-14"/>
      </object_component>
      <object_component id="oc-904">
         <name>.text:strncpy</name>
         <load_address>0x480c</load_address>
         <run_address>0x480c</run_address>
         <size>0x36</size>
         <input_file_ref idref="fl-128"/>
      </object_component>
      <object_component id="oc-553">
         <name>.text:ClockP_getTicksUntilInterrupt</name>
         <load_address>0x4844</load_address>
         <run_address>0x4844</run_address>
         <size>0x34</size>
         <input_file_ref idref="fl-23"/>
      </object_component>
      <object_component id="oc-617">
         <name>.text:ClockP_startup</name>
         <load_address>0x4878</load_address>
         <run_address>0x4878</run_address>
         <size>0x34</size>
         <input_file_ref idref="fl-23"/>
      </object_component>
      <object_component id="oc-35d">
         <name>.text:PinModeGet</name>
         <load_address>0x48ac</load_address>
         <run_address>0x48ac</run_address>
         <size>0x34</size>
         <input_file_ref idref="fl-2b"/>
      </object_component>
      <object_component id="oc-689">
         <name>.text:__TI_cleanup</name>
         <load_address>0x48e0</load_address>
         <run_address>0x48e0</run_address>
         <size>0x34</size>
         <input_file_ref idref="fl-113"/>
      </object_component>
      <object_component id="oc-887">
         <name>.text:__TI_readmsg</name>
         <load_address>0x4914</load_address>
         <run_address>0x4914</run_address>
         <size>0x34</size>
         <input_file_ref idref="fl-121"/>
      </object_component>
      <object_component id="oc-822">
         <name>.text:ClockP_start</name>
         <load_address>0x4948</load_address>
         <run_address>0x4948</run_address>
         <size>0x30</size>
         <input_file_ref idref="fl-23"/>
      </object_component>
      <object_component id="oc-2c7">
         <name>.text:CodecRegWrite</name>
         <load_address>0x4978</load_address>
         <run_address>0x4978</run_address>
         <size>0x30</size>
         <input_file_ref idref="fl-3"/>
      </object_component>
      <object_component id="oc-770">
         <name>.text:PowerCC32XX_restoreParkedPin</name>
         <load_address>0x49a8</load_address>
         <run_address>0x49a8</run_address>
         <size>0x30</size>
         <input_file_ref idref="fl-14"/>
      </object_component>
      <object_component id="oc-90a">
         <name>.text:finddevice</name>
         <load_address>0x49d8</load_address>
         <run_address>0x49d8</run_address>
         <size>0x30</size>
         <input_file_ref idref="fl-125"/>
      </object_component>
      <object_component id="oc-2cd">
         <name>.text:CodecRegRead</name>
         <load_address>0x4a08</load_address>
         <run_address>0x4a08</run_address>
         <size>0x2e</size>
         <input_file_ref idref="fl-3"/>
      </object_component>
      <object_component id="oc-48e">
         <name>.text</name>
         <load_address>0x4a36</load_address>
         <run_address>0x4a36</run_address>
         <size>0x2e</size>
         <input_file_ref idref="fl-f9"/>
      </object_component>
      <object_component id="oc-166">
         <name>.text:I2SDataPut</name>
         <load_address>0x4a64</load_address>
         <run_address>0x4a64</run_address>
         <size>0x2c</size>
         <input_file_ref idref="fl-29"/>
      </object_component>
      <object_component id="oc-876">
         <name>.text:unlink</name>
         <load_address>0x4a90</load_address>
         <run_address>0x4a90</run_address>
         <size>0x2c</size>
         <input_file_ref idref="fl-12b"/>
      </object_component>
      <object_component id="oc-6e9">
         <name>.text:HwiP_create</name>
         <load_address>0x4abc</load_address>
         <run_address>0x4abc</run_address>
         <size>0x2a</size>
         <input_file_ref idref="fl-24"/>
      </object_component>
      <object_component id="oc-420">
         <name>.text:I2SGBLEnable</name>
         <load_address>0x4ae6</load_address>
         <run_address>0x4ae6</run_address>
         <size>0x2a</size>
         <input_file_ref idref="fl-29"/>
      </object_component>
      <object_component id="oc-154">
         <name>.text:ConfigureI2C</name>
         <load_address>0x4b10</load_address>
         <run_address>0x4b10</run_address>
         <size>0x28</size>
         <input_file_ref idref="fl-3"/>
      </object_component>
      <object_component id="oc-357">
         <name>.text:PRCMPeripheralClkDisable</name>
         <load_address>0x4b38</load_address>
         <run_address>0x4b38</run_address>
         <size>0x28</size>
         <input_file_ref idref="fl-2c"/>
      </object_component>
      <object_component id="oc-6dd">
         <name>.text:Power_registerNotify</name>
         <load_address>0x4b60</load_address>
         <run_address>0x4b60</run_address>
         <size>0x28</size>
         <input_file_ref idref="fl-14"/>
      </object_component>
      <object_component id="oc-794">
         <name>.text:free_list_insert</name>
         <load_address>0x4b88</load_address>
         <run_address>0x4b88</run_address>
         <size>0x28</size>
         <input_file_ref idref="fl-109"/>
      </object_component>
      <object_component id="oc-675">
         <name>.text:lseek</name>
         <load_address>0x4bb0</load_address>
         <run_address>0x4bb0</run_address>
         <size>0x28</size>
         <input_file_ref idref="fl-123"/>
      </object_component>
      <object_component id="oc-4fc">
         <name>.text:write</name>
         <load_address>0x4bd8</load_address>
         <run_address>0x4bd8</run_address>
         <size>0x28</size>
         <input_file_ref idref="fl-10c"/>
      </object_component>
      <object_component id="oc-7f9">
         <name>.text:List_put</name>
         <load_address>0x4c00</load_address>
         <run_address>0x4c00</run_address>
         <size>0x26</size>
         <input_file_ref idref="fl-1d"/>
      </object_component>
      <object_component id="oc-7e8">
         <name>.text:List_remove</name>
         <load_address>0x4c26</load_address>
         <run_address>0x4c26</run_address>
         <size>0x26</size>
         <input_file_ref idref="fl-1d"/>
      </object_component>
      <object_component id="oc-8a9">
         <name>.text:HwiP_dispatch</name>
         <load_address>0x4c4c</load_address>
         <run_address>0x4c4c</run_address>
         <size>0x24</size>
         <input_file_ref idref="fl-24"/>
      </object_component>
      <object_component id="oc-b4">
         <name>.text:_c_int00_noargs:_c_int00_noargs</name>
         <load_address>0x4c70</load_address>
         <run_address>0x4c70</run_address>
         <size>0x24</size>
         <input_file_ref idref="fl-10e"/>
      </object_component>
      <object_component id="oc-7f0">
         <name>.text:HwiP_destruct</name>
         <load_address>0x4c94</load_address>
         <run_address>0x4c94</run_address>
         <size>0x20</size>
         <input_file_ref idref="fl-24"/>
      </object_component>
      <object_component id="oc-6bc">
         <name>.text:Power_unregisterNotify</name>
         <load_address>0x4cb4</load_address>
         <run_address>0x4cb4</run_address>
         <size>0x20</size>
         <input_file_ref idref="fl-14"/>
      </object_component>
      <object_component id="oc-4f0">
         <name>.text:memchr</name>
         <load_address>0x4cd4</load_address>
         <run_address>0x4cd4</run_address>
         <size>0x20</size>
         <input_file_ref idref="fl-108"/>
      </object_component>
      <object_component id="oc-2bb">
         <name>.text:CodecReset</name>
         <load_address>0x4cf4</load_address>
         <run_address>0x4cf4</run_address>
         <size>0x1e</size>
         <input_file_ref idref="fl-3"/>
      </object_component>
      <object_component id="oc-6c2">
         <name>.text:PinToPadGet</name>
         <load_address>0x4d14</load_address>
         <run_address>0x4d14</run_address>
         <size>0x1c</size>
         <input_file_ref idref="fl-2b"/>
      </object_component>
      <object_component id="oc-547">
         <name>.text:SwiP_disable</name>
         <load_address>0x4d30</load_address>
         <run_address>0x4d30</run_address>
         <size>0x1c</size>
         <input_file_ref idref="fl-27"/>
      </object_component>
      <object_component id="oc-78e">
         <name>.text:free_list_remove</name>
         <load_address>0x4d4c</load_address>
         <run_address>0x4d4c</run_address>
         <size>0x1c</size>
         <input_file_ref idref="fl-109"/>
      </object_component>
      <object_component id="oc-3a6">
         <name>.text:memccpy</name>
         <load_address>0x4d68</load_address>
         <run_address>0x4d68</run_address>
         <size>0x1c</size>
         <input_file_ref idref="fl-107"/>
      </object_component>
      <object_component id="oc-307">
         <name>.text:PinTypeI2S</name>
         <load_address>0x4d84</load_address>
         <run_address>0x4d84</run_address>
         <size>0x1a</size>
         <input_file_ref idref="fl-2b"/>
      </object_component>
      <object_component id="oc-10">
         <name>.text:resetISR</name>
         <load_address>0x4da0</load_address>
         <run_address>0x4da0</run_address>
         <size>0x1a</size>
         <input_file_ref idref="fl-26"/>
      </object_component>
      <object_component id="oc-8b3">
         <name>.text:Power_idleFunc</name>
         <load_address>0x4dbc</load_address>
         <run_address>0x4dbc</run_address>
         <size>0x18</size>
         <input_file_ref idref="fl-14"/>
      </object_component>
      <object_component id="oc-56b">
         <name>.text</name>
         <load_address>0x4dd4</load_address>
         <run_address>0x4dd4</run_address>
         <size>0x18</size>
         <input_file_ref idref="fl-fa"/>
      </object_component>
      <object_component id="oc-921">
         <name>.text:strcmp</name>
         <load_address>0x4dec</load_address>
         <run_address>0x4dec</run_address>
         <size>0x18</size>
         <input_file_ref idref="fl-126"/>
      </object_component>
      <object_component id="oc-351">
         <name>.text:PRCMHIBRegRead</name>
         <load_address>0x4e04</load_address>
         <run_address>0x4e04</run_address>
         <size>0x16</size>
         <input_file_ref idref="fl-2c"/>
      </object_component>
      <object_component id="oc-34b">
         <name>.text:PRCMHIBRegWrite</name>
         <load_address>0x4e1a</load_address>
         <run_address>0x4e1a</run_address>
         <size>0x16</size>
         <input_file_ref idref="fl-2c"/>
      </object_component>
      <object_component id="oc-6f5">
         <name>.text:SemaphoreP_create</name>
         <load_address>0x4e30</load_address>
         <run_address>0x4e30</run_address>
         <size>0x16</size>
         <input_file_ref idref="fl-21"/>
      </object_component>
      <object_component id="oc-4bf">
         <name>.text:strchr</name>
         <load_address>0x4e46</load_address>
         <run_address>0x4e46</run_address>
         <size>0x16</size>
         <input_file_ref idref="fl-10a"/>
      </object_component>
      <object_component id="oc-92">
         <name>.text:CPUcpsid</name>
         <load_address>0x4e5c</load_address>
         <run_address>0x4e5c</run_address>
         <size>0x14</size>
         <input_file_ref idref="fl-32"/>
      </object_component>
      <object_component id="oc-848">
         <name>.text:HwiP_inISR</name>
         <load_address>0x4e70</load_address>
         <run_address>0x4e70</run_address>
         <size>0x14</size>
         <input_file_ref idref="fl-24"/>
      </object_component>
      <object_component id="oc-9e">
         <name>.text:IntVTableBaseSet</name>
         <load_address>0x4e84</load_address>
         <run_address>0x4e84</run_address>
         <size>0x14</size>
         <input_file_ref idref="fl-2a"/>
      </object_component>
      <object_component id="oc-84e">
         <name>.text:Power_disablePolicy</name>
         <load_address>0x4e98</load_address>
         <run_address>0x4e98</run_address>
         <size>0x14</size>
         <input_file_ref idref="fl-14"/>
      </object_component>
      <object_component id="oc-769">
         <name>.text:Power_getDependencyCount</name>
         <load_address>0x4eac</load_address>
         <run_address>0x4eac</run_address>
         <size>0x14</size>
         <input_file_ref idref="fl-14"/>
      </object_component>
      <object_component id="oc-89b">
         <name>.text:strcpy</name>
         <load_address>0x4ec0</load_address>
         <run_address>0x4ec0</run_address>
         <size>0x14</size>
         <input_file_ref idref="fl-127"/>
      </object_component>
      <object_component id="oc-377">
         <name>.text:strlen</name>
         <load_address>0x4ed4</load_address>
         <run_address>0x4ed4</run_address>
         <size>0x14</size>
         <input_file_ref idref="fl-10b"/>
      </object_component>
      <object_component id="oc-6e3">
         <name>.text:HwiP_Params_init</name>
         <load_address>0x4ee8</load_address>
         <run_address>0x4ee8</run_address>
         <size>0x12</size>
         <input_file_ref idref="fl-24"/>
      </object_component>
      <object_component id="oc-3ac">
         <name>.text:wcslen</name>
         <load_address>0x4efa</load_address>
         <run_address>0x4efa</run_address>
         <size>0x12</size>
         <input_file_ref idref="fl-110"/>
      </object_component>
      <object_component id="oc-81c">
         <name>.text:ClockP_add</name>
         <load_address>0x4f0c</load_address>
         <run_address>0x4f0c</run_address>
         <size>0x10</size>
         <input_file_ref idref="fl-23"/>
      </object_component>
      <object_component id="oc-541">
         <name>.text:ClockP_getCpuFreq</name>
         <load_address>0x4f1c</load_address>
         <run_address>0x4f1c</run_address>
         <size>0x10</size>
         <input_file_ref idref="fl-23"/>
      </object_component>
      <object_component id="oc-559">
         <name>.text:ClockP_getSystemTicks</name>
         <load_address>0x4f2c</load_address>
         <run_address>0x4f2c</run_address>
         <size>0x10</size>
         <input_file_ref idref="fl-23"/>
      </object_component>
      <object_component id="oc-570">
         <name>.text:ClockP_setTicks</name>
         <load_address>0x4f3c</load_address>
         <run_address>0x4f3c</run_address>
         <size>0x10</size>
         <input_file_ref idref="fl-23"/>
      </object_component>
      <object_component id="oc-6c8">
         <name>.text:HwiP_delete</name>
         <load_address>0x4f4c</load_address>
         <run_address>0x4f4c</run_address>
         <size>0x10</size>
         <input_file_ref idref="fl-24"/>
      </object_component>
      <object_component id="oc-3ed">
         <name>.text:HwiP_restore</name>
         <load_address>0x4f5c</load_address>
         <run_address>0x4f5c</run_address>
         <size>0x10</size>
         <input_file_ref idref="fl-24"/>
      </object_component>
      <object_component id="oc-2ad">
         <name>.text:I2C_Params_init</name>
         <load_address>0x4f6c</load_address>
         <run_address>0x4f6c</run_address>
         <size>0x10</size>
         <input_file_ref idref="fl-12"/>
      </object_component>
      <object_component id="oc-828">
         <name>.text:Power_enablePolicy</name>
         <load_address>0x4f7c</load_address>
         <run_address>0x4f7c</run_address>
         <size>0x10</size>
         <input_file_ref idref="fl-14"/>
      </object_component>
      <object_component id="oc-6ef">
         <name>.text:SemaphoreP_Params_init</name>
         <load_address>0x4f8c</load_address>
         <run_address>0x4f8c</run_address>
         <size>0x10</size>
         <input_file_ref idref="fl-21"/>
      </object_component>
      <object_component id="oc-6d7">
         <name>.text:HwiP_clearInterrupt</name>
         <load_address>0x4f9c</load_address>
         <run_address>0x4f9c</run_address>
         <size>0xe</size>
         <input_file_ref idref="fl-24"/>
      </object_component>
      <object_component id="oc-3e7">
         <name>.text:HwiP_disable</name>
         <load_address>0x4faa</load_address>
         <run_address>0x4faa</run_address>
         <size>0xe</size>
         <input_file_ref idref="fl-24"/>
      </object_component>
      <object_component id="oc-71a">
         <name>.text:HwiP_disableInterrupt</name>
         <load_address>0x4fb8</load_address>
         <run_address>0x4fb8</run_address>
         <size>0xe</size>
         <input_file_ref idref="fl-24"/>
      </object_component>
      <object_component id="oc-148">
         <name>.text:HwiP_enable</name>
         <load_address>0x4fc6</load_address>
         <run_address>0x4fc6</run_address>
         <size>0xe</size>
         <input_file_ref idref="fl-24"/>
      </object_component>
      <object_component id="oc-726">
         <name>.text:HwiP_enableInterrupt</name>
         <load_address>0x4fd4</load_address>
         <run_address>0x4fd4</run_address>
         <size>0xe</size>
         <input_file_ref idref="fl-24"/>
      </object_component>
      <object_component id="oc-9">
         <name>.text:decompress:none:__TI_decompress_none</name>
         <load_address>0x4fe2</load_address>
         <run_address>0x4fe2</run_address>
         <size>0xe</size>
         <input_file_ref idref="fl-ff"/>
      </object_component>
      <object_component id="oc-142">
         <name>.text:CC3220S_LAUNCHXL_initGeneral</name>
         <load_address>0x4ff0</load_address>
         <run_address>0x4ff0</run_address>
         <size>0xc</size>
         <input_file_ref idref="fl-2"/>
      </object_component>
      <object_component id="oc-54d">
         <name>.text:Power_getConstraintMask</name>
         <load_address>0x4ffc</load_address>
         <run_address>0x4ffc</run_address>
         <size>0xc</size>
         <input_file_ref idref="fl-14"/>
      </object_component>
      <object_component id="oc-59c">
         <name>.text:copysign</name>
         <load_address>0x5008</load_address>
         <run_address>0x5008</run_address>
         <size>0xc</size>
         <input_file_ref idref="fl-111"/>
      </object_component>
      <object_component id="oc-3c">
         <name>.text:decompress:ZI:__TI_zero_init</name>
         <load_address>0x5014</load_address>
         <run_address>0x5014</run_address>
         <size>0xc</size>
         <input_file_ref idref="fl-fe"/>
      </object_component>
      <object_component id="oc-6fb">
         <name>.text:postNotify</name>
         <load_address>0x5020</load_address>
         <run_address>0x5020</run_address>
         <size>0xc</size>
         <input_file_ref idref="fl-13"/>
      </object_component>
      <object_component id="oc-82e">
         <name>.text:ClockP_isActive</name>
         <load_address>0x502c</load_address>
         <run_address>0x502c</run_address>
         <size>0xa</size>
         <input_file_ref idref="fl-23"/>
      </object_component>
      <object_component id="oc-406">
         <name>.text:I2C_transfer</name>
         <load_address>0x5036</load_address>
         <run_address>0x5036</run_address>
         <size>0xa</size>
         <input_file_ref idref="fl-12"/>
      </object_component>
      <object_component id="oc-42">
         <name>.text:IntMasterDisable</name>
         <load_address>0x5040</load_address>
         <run_address>0x5040</run_address>
         <size>0xa</size>
         <input_file_ref idref="fl-2a"/>
      </object_component>
      <object_component id="oc-2c1">
         <name>.text:CodecPageSelect</name>
         <load_address>0x504a</load_address>
         <run_address>0x504a</run_address>
         <size>0x8</size>
         <input_file_ref idref="fl-3"/>
      </object_component>
      <object_component id="oc-707">
         <name>.text:I2CCC32XX_blockingCallback</name>
         <load_address>0x5052</load_address>
         <run_address>0x5052</run_address>
         <size>0x8</size>
         <input_file_ref idref="fl-13"/>
      </object_component>
      <object_component id="oc-3b2">
         <name>.text:__aeabi_errno_addr</name>
         <load_address>0x505c</load_address>
         <run_address>0x505c</run_address>
         <size>0x8</size>
         <input_file_ref idref="fl-10f"/>
      </object_component>
      <object_component id="oc-683">
         <name>.text:malloc</name>
         <load_address>0x5064</load_address>
         <run_address>0x5064</run_address>
         <size>0x8</size>
         <input_file_ref idref="fl-109"/>
      </object_component>
      <object_component id="oc-5eb">
         <name>.text:I2CCC32XX_control</name>
         <load_address>0x506c</load_address>
         <run_address>0x506c</run_address>
         <size>0x6</size>
         <input_file_ref idref="fl-13"/>
      </object_component>
      <object_component id="oc-34a">
         <name>.text:UtilsDelay</name>
         <load_address>0x5072</load_address>
         <run_address>0x5072</run_address>
         <size>0x6</size>
         <input_file_ref idref="fl-31"/>
      </object_component>
      <object_component id="oc-658">
         <name>.text:HwiP_post</name>
         <load_address>0x5078</load_address>
         <run_address>0x5078</run_address>
         <size>0x4</size>
         <input_file_ref idref="fl-24"/>
      </object_component>
      <object_component id="oc-6ce">
         <name>.text:SemaphoreP_delete</name>
         <load_address>0x507c</load_address>
         <run_address>0x507c</run_address>
         <size>0x4</size>
         <input_file_ref idref="fl-21"/>
      </object_component>
      <object_component id="oc-29f">
         <name>.text:_outc</name>
         <load_address>0x5080</load_address>
         <run_address>0x5080</run_address>
         <size>0x4</size>
         <input_file_ref idref="fl-e9"/>
      </object_component>
      <object_component id="oc-299">
         <name>.text:_outs</name>
         <load_address>0x5084</load_address>
         <run_address>0x5084</run_address>
         <size>0x4</size>
         <input_file_ref idref="fl-e9"/>
      </object_component>
      <object_component id="oc-103">
         <name>.text:_system_pre_init</name>
         <load_address>0x5088</load_address>
         <run_address>0x5088</run_address>
         <size>0x4</size>
         <input_file_ref idref="fl-117"/>
      </object_component>
      <object_component id="oc-179">
         <name>.text:abort:abort</name>
         <load_address>0x508c</load_address>
         <run_address>0x508c</run_address>
         <size>0x4</size>
         <input_file_ref idref="fl-101"/>
      </object_component>
      <object_component id="oc-46d">
         <name>.const:.string:_ctypes_</name>
         <load_address>0x5804</load_address>
         <run_address>0x5804</run_address>
         <size>0x101</size>
         <input_file_ref idref="fl-104"/>
      </object_component>
      <object_component id="oc-452">
         <name>.const:g_ulPinToPadMap</name>
         <load_address>0x5908</load_address>
         <run_address>0x5908</run_address>
         <size>0x100</size>
         <input_file_ref idref="fl-2b"/>
      </object_component>
      <object_component id="oc-41b">
         <name>.const:PRCM_PeriphRegsList</name>
         <load_address>0x5a08</load_address>
         <run_address>0x5a08</run_address>
         <size>0xa8</size>
         <input_file_ref idref="fl-2c"/>
      </object_component>
      <object_component id="oc-16c">
         <name>.const:$P$T0$1</name>
         <load_address>0x5ab0</load_address>
         <run_address>0x5ab0</run_address>
[...]
      </symbol>
      <symbol id="sm-7bd">
         <name>IntEnable</name>
         <value>0x29b1</value>
         <object_component_ref idref="oc-a4"/>
      </symbol>
      <symbol id="sm-7be">
         <name>IntMasterDisable</name>
         <value>0x5041</value>
         <object_component_ref idref="oc-42"/>
      </symbol>
      <symbol id="sm-7bf">
         <name>IntPendSet</name>
         <value>0x2f0d</value>
         <object_component_ref idref="oc-77f"/>
      </symbol>
      <symbol id="sm-801">
         <name>PinTypeI2S</name>
         <value>0x4d85</value>
         <object_component_ref idref="oc-307"/>
      </symbol>
      <symbol id="sm-802">
         <name>PinModeGet</name>
         <value>0x48ad</value>
         <object_component_ref idref="oc-35d"/>
      </symbol>
      <symbol id="sm-803">
         <name>PinConfigSet</name>
         <value>0x2f95</value>
         <object_component_ref idref="oc-42f"/>
      </symbol>
      <symbol id="sm-804">
         <name>PinModeSet</name>
         <value>0x45c1</value>
         <object_component_ref idref="oc-363"/>
      </symbol>
      <symbol id="sm-805">
         <name>PinToPadGet</name>
         <value>0x4d15</value>
         <object_component_ref idref="oc-6c2"/>
      </symbol>
      <symbol id="sm-8d9">
         <name>PRCMLPDSRestoreInfoSet</name>
         <value>0x43e9</value>
         <object_component_ref idref="oc-761"/>
      </symbol>
      <symbol id="sm-8da">
         <name>PRCMPeripheralReset</name>
         <value>0x3cc5</value>
         <object_component_ref idref="oc-2e9"/>
      </symbol>
      <symbol id="sm-8db">
         <name>PRCMLPDSEnter</name>
         <value>0x412d</value>
         <object_component_ref idref="oc-649"/>
      </symbol>
      <symbol id="sm-8dc">
         <name>PRCMPeripheralClkEnable</name>
         <value>0x4175</value>
         <object_component_ref idref="oc-30d"/>
      </symbol>
      <symbol id="sm-8dd">
         <name>PRCMLPDSEnterKeepDebugIf</name>
         <value>0x46f5</value>
         <object_component_ref idref="oc-64f"/>
      </symbol>
      <symbol id="sm-8de">
         <name>PRCMI2SClockFreqSet</name>
         <value>0x3c6d</value>
         <object_component_ref idref="oc-2f5"/>
      </symbol>
      <symbol id="sm-8df">
         <name>PRCMCC3200MCUInit</name>
         <value>0xa71</value>
         <object_component_ref idref="oc-27f"/>
      </symbol>
      <symbol id="sm-8e0">
         <name>PRCMHIBRegWrite</name>
         <value>0x4e1b</value>
         <object_component_ref idref="oc-34b"/>
      </symbol>
      <symbol id="sm-8e1">
         <name>PRCMSysResetCauseGet</name>
         <value>0x3a49</value>
         <object_component_ref idref="oc-344"/>
      </symbol>
      <symbol id="sm-8e2">
         <name>PRCMPeripheralClkDisable</name>
         <value>0x4b39</value>
         <object_component_ref idref="oc-357"/>
      </symbol>
      <symbol id="sm-8e3">
         <name>PRCMHIBRegRead</name>
         <value>0x4e05</value>
         <object_component_ref idref="oc-351"/>
      </symbol>
      <symbol id="sm-8eb">
         <name>UtilsDelay</name>
         <value>0x5073</value>
         <object_component_ref idref="oc-34a"/>
      </symbol>
      <symbol id="sm-8f5">
         <name>CPUcpsid</name>
         <value>0x4e5d</value>
         <object_component_ref idref="oc-92"/>
      </symbol>
      <symbol id="sm-905">
         <name>FlashDisable</name>
         <value>0x40e5</value>
         <object_component_ref idref="oc-777"/>
      </symbol>
      <symbol id="sm-931">
         <name>printf</name>
         <value>0x38b9</value>
         <object_component_ref idref="oc-14e"/>
      </symbol>
      <symbol id="sm-a9b">
         <name>__TI_printfi</name>
         <value>0x21</value>
         <object_component_ref idref="oc-28d"/>
      </symbol>
      <symbol id="sm-ab0">
         <name>putc</name>
         <value>0x2e81</value>
         <object_component_ref idref="oc-3d9"/>
      </symbol>
      <symbol id="sm-ab1">
         <name>fputc</name>
         <value>0x2e81</value>
         <object_component_ref idref="oc-3d9"/>
      </symbol>
      <symbol id="sm-acf">
         <name>fputs</name>
         <value>0x1fe1</value>
         <object_component_ref idref="oc-3d2"/>
      </symbol>
      <symbol id="sm-ae7">
         <name>__TI_wrt_ok</name>
         <value>0x3985</value>
         <object_component_ref idref="oc-4ea"/>
      </symbol>
      <symbol id="sm-b03">
         <name>setvbuf</name>
         <value>0x2691</value>
         <object_component_ref idref="oc-5be"/>
      </symbol>
      <symbol id="sm-b23">
         <name>frexpl</name>
         <value>0x3b05</value>
         <object_component_ref idref="oc-4b3"/>
      </symbol>
      <symbol id="sm-b24">
         <name>frexp</name>
         <value>0x3b05</value>
         <object_component_ref idref="oc-4b3"/>
      </symbol>
      <symbol id="sm-b42">
         <name>scalbn</name>
         <value>0x276d</value>
         <object_component_ref idref="oc-4b9"/>
      </symbol>
      <symbol id="sm-b43">
         <name>scalbnl</name>
         <value>0x276d</value>
         <object_component_ref idref="oc-4b9"/>
      </symbol>
      <symbol id="sm-b44">
         <name>ldexpl</name>
         <value>0x276d</value>
         <object_component_ref idref="oc-4b9"/>
      </symbol>
      <symbol id="sm-b45">
         <name>ldexp</name>
         <value>0x276d</value>
         <object_component_ref idref="oc-4b9"/>
      </symbol>
      <symbol id="sm-b52">
         <name>__aeabi_uldivmod</name>
         <value>0x2c3d</value>
         <object_component_ref idref="oc-427"/>
      </symbol>
      <symbol id="sm-b61">
         <name>__aeabi_memset</name>
         <value>0x35bb</value>
         <object_component_ref idref="oc-8c"/>
      </symbol>
      <symbol id="sm-b62">
         <name>memset</name>
         <value>0x35c1</value>
         <object_component_ref idref="oc-8c"/>
      </symbol>
      <symbol id="sm-b63">
         <name>__aeabi_memset8</name>
         <value>0x35bb</value>
         <object_component_ref idref="oc-8c"/>
      </symbol>
      <symbol id="sm-b64">
         <name>__aeabi_memset4</name>
         <value>0x35bb</value>
         <object_component_ref idref="oc-8c"/>
      </symbol>
      <symbol id="sm-b65">
         <name>__aeabi_memclr8</name>
         <value>0x35b9</value>
         <object_component_ref idref="oc-8c"/>
      </symbol>
      <symbol id="sm-b66">
         <name>__aeabi_memclr4</name>
         <value>0x35b9</value>
         <object_component_ref idref="oc-8c"/>
      </symbol>
      <symbol id="sm-b67">
         <name>__aeabi_memclr</name>
         <value>0x35b9</value>
         <object_component_ref idref="oc-8c"/>
      </symbol>
      <symbol id="sm-b7e">
         <name>__aeabi_dsub</name>
         <value>0x1579</value>
         <object_component_ref idref="oc-493"/>
      </symbol>
      <symbol id="sm-b7f">
         <name>__aeabi_dadd</name>
         <value>0x1583</value>
         <object_component_ref idref="oc-493"/>
      </symbol>
      <symbol id="sm-ba1">
         <name>__aeabi_cdcmpeq</name>
         <value>0x30a3</value>
         <object_component_ref idref="oc-389"/>
      </symbol>
      <symbol id="sm-ba2">
         <name>__aeabi_cdcmple</name>
         <value>0x30a3</value>
         <object_component_ref idref="oc-389"/>
      </symbol>
      <symbol id="sm-ba3">
         <name>__aeabi_cdrcmple</name>
         <value>0x3129</value>
         <object_component_ref idref="oc-47e"/>
      </symbol>
      <symbol id="sm-bb7">
         <name>__aeabi_ddiv</name>
         <value>0x1b4d</value>
         <object_component_ref idref="oc-479"/>
      </symbol>
      <symbol id="sm-bc2">
         <name>__aeabi_dmul</name>
         <value>0x21f1</value>
         <object_component_ref idref="oc-474"/>
      </symbol>
      <symbol id="sm-bcc">
         <name>__aeabi_d2iz</name>
         <value>0x424d</value>
         <object_component_ref idref="oc-483"/>
      </symbol>
      <symbol id="sm-bd7">
         <name>__aeabi_i2d</name>
         <value>0x4a37</value>
         <object_component_ref idref="oc-48e"/>
      </symbol>
      <symbol id="sm-be0">
         <name>__aeabi_lmul</name>
         <value>0x4dd5</value>
         <object_component_ref idref="oc-56b"/>
      </symbol>
      <symbol id="sm-bfb">
         <name>memcpy</name>
         <value>0x2ba1</value>
         <object_component_ref idref="oc-2a"/>
      </symbol>
      <symbol id="sm-bfc">
         <name>__aeabi_memcpy</name>
         <value>0x2ba1</value>
         <object_component_ref idref="oc-2a"/>
      </symbol>
      <symbol id="sm-bfd">
         <name>__aeabi_memcpy8</name>
         <value>0x2ba1</value>
         <object_component_ref idref="oc-2a"/>
      </symbol>
      <symbol id="sm-bfe">
         <name>__aeabi_memcpy4</name>
         <value>0x2ba1</value>
         <object_component_ref idref="oc-2a"/>
      </symbol>
      <symbol id="sm-c12">
         <name>__TI_zero_init</name>
         <value>0x5015</value>
         <object_component_ref idref="oc-3c"/>
      </symbol>
      <symbol id="sm-c29">
         <name>__TI_decompress_none</name>
         <value>0x4fe3</value>
         <object_component_ref idref="oc-9"/>
      </symbol>
      <symbol id="sm-c4c">
         <name>__TI_decompress_lzss</name>
         <value>0x37e9</value>
         <object_component_ref idref="oc-3"/>
      </symbol>
      <symbol id="sm-c72">
         <name>C$$EXIT</name>
         <value>0x508d</value>
         <object_component_ref idref="oc-179"/>
      </symbol>
      <symbol id="sm-c73">
         <name>abort</name>
         <value>0x508d</value>
         <object_component_ref idref="oc-179"/>
      </symbol>
      <symbol id="sm-c74">
         <name>__TI_dtors_ptr</name>
         <value>0x57cc</value>
         <object_component_ref idref="oc-31c"/>
      </symbol>
      <symbol id="sm-c75">
         <name>__TI_cleanup_ptr</name>
         <value>0x57c8</value>
         <object_component_ref idref="oc-31c"/>
      </symbol>
      <symbol id="sm-c76">
         <name>__TI_enable_exit_profile_output</name>
         <value>0x57d0</value>
         <object_component_ref idref="oc-31c"/>
      </symbol>
      <symbol id="sm-c77">
         <name>exit</name>
         <value>0x4205</value>
         <object_component_ref idref="oc-17f"/>
      </symbol>
      <symbol id="sm-c8c">
         <name>_nop</name>
         <value>0x1da3</value>
         <object_component_ref idref="oc-3c4"/>
      </symbol>
      <symbol id="sm-c8d">
         <name>_lock</name>
         <value>0x57d4</value>
         <object_component_ref idref="oc-293"/>
      </symbol>
      <symbol id="sm-c8e">
         <name>_unlock</name>
         <value>0x57d8</value>
         <object_component_ref idref="oc-293"/>
      </symbol>
      <symbol id="sm-ca4">
         <name>atoi</name>
         <value>0x404d</value>
         <object_component_ref idref="oc-37d"/>
      </symbol>
      <symbol id="sm-caf">
         <name>_ctypes_</name>
         <value>0x5804</value>
         <object_component_ref idref="oc-46d"/>
      </symbol>
      <symbol id="sm-cc4">
         <name>__TI_tmpnams</name>
         <value>0x5f64</value>
      </symbol>
      <symbol id="sm-cc5">
         <name>__aeabi_stdout</name>
         <value>0x57c0</value>
         <object_component_ref idref="oc-7a8"/>
      </symbol>
      <symbol id="sm-cc6">
         <name>__aeabi_stderr</name>
         <value>0x57c4</value>
         <object_component_ref idref="oc-7a8"/>
      </symbol>
      <symbol id="sm-cc7">
         <name>__aeabi_stdin</name>
         <value>0x57bc</value>
         <object_component_ref idref="oc-7a8"/>
      </symbol>
      <symbol id="sm-cc8">
         <name>_ftable</name>
         <value>0x5600</value>
         <object_component_ref idref="oc-296"/>
      </symbol>
      <symbol id="sm-cc9">
         <name>__TI_ft_end</name>
         <value>0x57b8</value>
         <object_component_ref idref="oc-7a8"/>
      </symbol>
      <symbol id="sm-cd8">
         <name>ltoa</name>
         <value>0x3dcb</value>
         <object_component_ref idref="oc-488"/>
      </symbol>
      <symbol id="sm-ce8">
         <name>memccpy</name>
         <value>0x4d69</value>
         <object_component_ref idref="oc-3a6"/>
      </symbol>
      <symbol id="sm-cf8">
         <name>memchr</name>
         <value>0x4cd5</value>
         <object_component_ref idref="oc-4f0"/>
      </symbol>
      <symbol id="sm-d7f">
         <name>_sys_memory</name>
         <value>0x6880</value>
         <object_component_ref idref="oc-19"/>
      </symbol>
      <symbol id="sm-d80">
         <name>free</name>
         <value>0x24cd</value>
         <object_component_ref idref="oc-67d"/>
      </symbol>
      <symbol id="sm-d81">
         <name>memalign</name>
         <value>0x22ed</value>
         <object_component_ref idref="oc-79b"/>
      </symbol>
      <symbol id="sm-d82">
         <name>malloc</name>
         <value>0x5065</value>
         <object_component_ref idref="oc-683"/>
      </symbol>
      <symbol id="sm-d83">
         <name>aligned_alloc</name>
         <value>0x22ed</value>
         <object_component_ref idref="oc-79b"/>
      </symbol>
      <symbol id="sm-d93">
         <name>strchr</name>
         <value>0x4e47</value>
         <object_component_ref idref="oc-4bf"/>
      </symbol>
      <symbol id="sm-da1">
         <name>strlen</name>
         <value>0x4ed5</value>
         <object_component_ref idref="oc-377"/>
      </symbol>
      <symbol id="sm-dbb">
         <name>write</name>
         <value>0x4bd9</value>
         <object_component_ref idref="oc-4fc"/>
      </symbol>
      <symbol id="sm-dcc">
         <name>_stream</name>
         <value>0x5768</value>
         <object_component_ref idref="oc-5ca"/>
      </symbol>
      <symbol id="sm-dcd">
         <name>_device</name>
         <value>0x56f0</value>
         <object_component_ref idref="oc-69c"/>
      </symbol>
      <symbol id="sm-ddf">
         <name>__stack</name>
         <value>0x6080</value>
         <object_component_ref idref="oc-1c"/>
      </symbol>
      <symbol id="sm-de0">
         <name>_c_int00_noargs</name>
         <value>0x4c71</value>
         <object_component_ref idref="oc-b4"/>
      </symbol>
      <symbol id="sm-df6">
         <name>__aeabi_errno_addr</name>
         <value>0x505d</value>
         <object_component_ref idref="oc-3b2"/>
      </symbol>
      <symbol id="sm-df7">
         <name>errno</name>
         <value>0x57fc</value>
         <object_component_ref idref="oc-4cf"/>
      </symbol>
      <symbol id="sm-e10">
         <name>wcslen</name>
         <value>0x4efb</value>
         <object_component_ref idref="oc-3ac"/>
      </symbol>
      <symbol id="sm-e1a">
         <name>copysign</name>
         <value>0x5009</value>
         <object_component_ref idref="oc-59c"/>
      </symbol>
      <symbol id="sm-e1b">
         <name>copysignl</name>
         <value>0x5009</value>
         <object_component_ref idref="oc-59c"/>
      </symbol>
      <symbol id="sm-e2b">
         <name>__TI_doflush</name>
         <value>0x4001</value>
         <object_component_ref idref="oc-4f6"/>
      </symbol>
      <symbol id="sm-e3b">
         <name>__TI_cleanup</name>
         <value>0x48e1</value>
         <object_component_ref idref="oc-689"/>
      </symbol>
      <symbol id="sm-e4d">
         <name>fseek</name>
         <value>0x3921</value>
         <object_component_ref idref="oc-5b8"/>
      </symbol>
      <symbol id="sm-e57">
         <name>__aeabi_idiv0</name>
         <value>0x3717</value>
         <object_component_ref idref="oc-52a"/>
      </symbol>
      <symbol id="sm-e58">
         <name>__aeabi_ldiv0</name>
         <value>0x3717</value>
         <object_component_ref idref="oc-52a"/>
      </symbol>
      <symbol id="sm-e80">
         <name>__TI_auto_init_nobinit_nopinit</name>
         <value>0x44f9</value>
         <object_component_ref idref="oc-185"/>
      </symbol>
      <symbol id="sm-e8a">
         <name>_system_pre_init</name>
         <value>0x5089</value>
         <object_component_ref idref="oc-103"/>
      </symbol>
      <symbol id="sm-e9d">
         <name>HOSTclose</name>
         <value>0x42d9</value>
         <object_component_ref idref="oc-7b4"/>
      </symbol>
      <symbol id="sm-eae">
         <name>HOSTlseek</name>
         <value>0x3719</value>
         <object_component_ref idref="oc-7c6"/>
      </symbol>
      <symbol id="sm-ec0">
         <name>parmbuf</name>
         <value>0x6075</value>
      </symbol>
      <symbol id="sm-ec1">
         <name>HOSTopen</name>
         <value>0x39e9</value>
         <object_component_ref idref="oc-7ae"/>
      </symbol>
      <symbol id="sm-ed2">
         <name>HOSTread</name>
         <value>0x3bbd</value>
         <object_component_ref idref="oc-7ba"/>
      </symbol>
      <symbol id="sm-ee3">
         <name>HOSTrename</name>
         <value>0x3781</value>
         <object_component_ref idref="oc-7d2"/>
      </symbol>
      <symbol id="sm-ef4">
         <name>HOSTunlink</name>
         <value>0x431d</value>
         <object_component_ref idref="oc-7cc"/>
      </symbol>
      <symbol id="sm-f05">
         <name>HOSTwrite</name>
         <value>0x3c15</value>
         <object_component_ref idref="oc-7c0"/>
      </symbol>
      <symbol id="sm-f29">
         <name>__TI_readmsg</name>
         <value>0x4915</value>
         <object_component_ref idref="oc-887"/>
      </symbol>
      <symbol id="sm-f2a">
         <name>C$$IO$$</name>
         <value>0x475b</value>
         <object_component_ref idref="oc-881"/>
      </symbol>
      <symbol id="sm-f2b">
         <name>__CIOBUF_</name>
         <value>0x5e44</value>
         <object_component_ref idref="oc-8e4"/>
      </symbol>
      <symbol id="sm-f2c">
         <name>__TI_writemsg</name>
         <value>0x472d</value>
         <object_component_ref idref="oc-881"/>
      </symbol>
      <symbol id="sm-f3d">
         <name>lseek</name>
         <value>0x4bb1</value>
         <object_component_ref idref="oc-675"/>
      </symbol>
      <symbol id="sm-f52">
         <name>__TI_closefile</name>
         <value>0x3635</value>
         <object_component_ref idref="oc-7a2"/>
      </symbol>
      <symbol id="sm-f75">
         <name>finddevice</name>
         <value>0x49d9</value>
         <object_component_ref idref="oc-90a"/>
      </symbol>
      <symbol id="sm-f76">
         <name>getdevice</name>
         <value>0x453d</value>
         <object_component_ref idref="oc-8da"/>
      </symbol>
      <symbol id="sm-f85">
         <name>strcmp</name>
         <value>0x4ded</value>
         <object_component_ref idref="oc-921"/>
      </symbol>
      <symbol id="sm-f93">
         <name>strcpy</name>
         <value>0x4ec1</value>
         <object_component_ref idref="oc-89b"/>
      </symbol>
      <symbol id="sm-fa3">
         <name>strncpy</name>
         <value>0x480d</value>
         <object_component_ref idref="oc-904"/>
      </symbol>
      <symbol id="sm-fb8">
         <name>close</name>
         <value>0x3aa9</value>
         <object_component_ref idref="oc-870"/>
      </symbol>
      <symbol id="sm-fc8">
         <name>unlink</name>
         <value>0x4a91</value>
         <object_component_ref idref="oc-876"/>
      </symbol>
      <symbol id="sm-fc9">
         <name>__TI_static_base__</name>
         <value>0x73d0</value>
      </symbol>
      <symbol id="sm-fcc">
         <name>__mpu_init</name>
         <value>0x0</value>
      </symbol>
      <symbol id="sm-fcd">
         <name>_system_post_cinit</name>
         <value>0x0</value>
      </symbol>
      <symbol id="sm-fce">
         <name>NoRTOS_start</name>
         <value>0x4fc7</value>
      </symbol>
      <symbol id="sm-fcf">
         <name>remove</name>
         <value>0x4a91</value>
      </symbol>
   </symbol_table>
   <title>Link successful</title>
</link_info>
