******************************************************************************
                  TI ARM Linker PC v18.12.2                    
******************************************************************************
>> Linked Tue Sep 17 10:00:39 2019

OUTPUT FILE NAME:   <line_in_2_line_out2_interrupt.out>
ENTRY POINT SYMBOL: "resetISR"  address: 20010ee5


MEMORY CONFIGURATION

         name            origin    length      used     unused   attr    fill
----------------------  --------  ---------  --------  --------  ----  --------
  SRAM2                 20000000   00004000  0000130c  00002cf4  RW X
  SRAM                  20004000   0003c000  0000e246  0002ddba  RW X


SEGMENT ALLOCATION MAP

run origin  load origin   length   init length attrs members
----------  ----------- ---------- ----------- ----- -------
20003000    20003000    00001000   00000000    rw-
  20003000    20003000    00001000   00000000    rw- .stack
20004000    20004000    00000040   00000040    r--
  20004000    20004000    00000040   00000040    r-- .resetVecs
20004040    20004040    00008000   00000000    rw-
  20004040    20004040    00008000   00000000    rw- .sysmem
2000c040    2000c040    000051ac   000051ac    r-x
  2000c040    2000c040    000051ac   000051ac    r-x .text
200111ec    200111ec    00000771   00000000    rw-
  200111ec    200111ec    00000771   00000000    rw- .data
20011960    20011960    00000454   00000454    r--
  20011960    20011960    00000454   00000454    r-- .const
20011db8    20011db8    00000365   00000000    rw-
  20011db8    20011db8    00000365   00000000    rw- .bss
20012120    20012120    00000130   00000130    r--
  20012120    20012120    00000130   00000130    r-- .cinit


SECTION ALLOCATION MAP

 output                                  attributes/
section   page    origin      length       input sections
--------  ----  ----------  ----------   ----------------
.text      0    2000c040    000051ac     
                  2000c040    00000a4e     rtsv7M4_T_le_eabi.lib : _printfi.c.obj (.text:__TI_printfi)
                  2000ca8e    00000002     drivers_cc32xx.aem4 : I2CCC32XX.oem4 (.text:I2CCC32XX_init)
                  2000ca90    0000042c     driverlib.a : prcm.obj (.text:PRCMCC3200MCUInit)
                  2000cebc    000002a0     config.obj (.text:ConfigureAudioCodec)
                  2000d15c    00000268     rtsv7M4_T_le_eabi.lib : _printfi.c.obj (.text:_pconv_a)
                  2000d3c4    000001cc                           : _printfi.c.obj (.text:_pconv_g)
                  2000d590    000001b6                           : fd_add_t2.asm.obj (.text)
                  2000d746    00000002     nortos_cc32xx.aem4 : PowerCC32XX_nortos.oem4 (.text:PowerCC32XX_initPolicy)
                  2000d748    00000198                        : PowerCC32XX_nortos.oem4 (.text:PowerCC32XX_sleepPolicy)
                  2000d8e0    00000148     drivers_cc32xx.aem4 : PowerCC32XX.oem4 (.text:parkPins)
                  2000da28    0000013c     rtsv7M4_T_le_eabi.lib : _printfi.c.obj (.text:_pconv_e)
                  2000db64    00000136                           : fd_div_t2.asm.obj (.text)
                  2000dc9a    00000120     drivers_cc32xx.aem4 : I2CCC32XX.oem4 (.text:I2CCC32XX_hwiFxn)
                  2000ddba    00000002     rtsv7M4_T_le_eabi.lib : _lock.c.obj (.text:_nop)
                  2000ddbc    00000120                           : _printfi.c.obj (.text:fcvt)
                  2000dedc    0000011c     drivers_cc32xx.aem4 : PowerCC32XX.oem4 (.text:Power_sleep)
                  2000dff8    00000114     rtsv7M4_T_le_eabi.lib : fputs.c.obj (.text:fputs)
                  2000e10c    000000fc     drivers_cc32xx.aem4 : I2CCC32XX.oem4 (.text:I2CCC32XX_open)
                  2000e208    000000fc     rtsv7M4_T_le_eabi.lib : fd_mul_t2.asm.obj (.text)
                  2000e304    000000f4                           : memory.c.obj (.text:aligned_alloc)
                  2000e3f8    000000ec     driverlib.a : i2s.obj (.text:I2SConfigSetExpClk)
                  2000e4e4    000000e8     rtsv7M4_T_le_eabi.lib : memory.c.obj (.text:free)
                  2000e5cc    000000dc                           : setvbuf.c.obj (.text:setvbuf)
                  2000e6a8    000000d0                           : s_scalbn.c.obj (.text:scalbn)
                  2000e778    000000c0     drivers_cc32xx.aem4 : PowerCC32XX.oem4 (.text:restoreParkedPins)
                  2000e838    000000b1     rtsv7M4_T_le_eabi.lib : _printfi.c.obj (.text:_ltostr)
                  2000e8e9    00000001     --HOLE-- [fill = 0]
                  2000e8ea    00000002     nortos_cc32xx.aem4 : startup_cc32xx_ccs.oem4 (.text:busFaultHandler)
                  2000e8ec    000000b0     main_nortos.obj (.text:main)
                  2000e99c    000000a8     driverlib.a : interrupt.obj (.text:IntEnable)
                  2000ea44    000000a8     drivers_cc32xx.aem4 : PowerCC32XX.oem4 (.text:PowerCC32XX_configureWakeup)
                  2000eaec    000000a0     nortos_cc32xx.aem4 : SemaphoreP_nortos.oem4 (.text:SemaphoreP_pend)
                  2000eb8c    0000009c     rtsv7M4_T_le_eabi.lib : memcpy_t2.asm.obj (.text)
                  2000ec28    00000096                           : ull_div_t2.asm.obj (.text)
                  2000ecbe    00000090     drivers_cc32xx.aem4 : I2CCC32XX.oem4 (.text:I2CCC32XX_transfer)
                  2000ed4e    00000002     nortos_cc32xx.aem4 : SemaphoreP_nortos.oem4 (.text:clkFxn)
                  2000ed50    00000090     drivers_cc32xx.aem4 : PowerCC32XX.oem4 (.text:restoreNVICRegs)
                  2000ede0    0000008c     nortos_cc32xx.aem4 : HwiPCC32XX_nortos.oem4 (.text:HwiP_construct)
                  2000ee6c    0000008c     rtsv7M4_T_le_eabi.lib : fputc.c.obj (.text:fputc)
                  2000eef8    00000088     config.obj (.text:ConfigureI2S)
                  2000ef80    00000088     driverlib.a : interrupt.obj (.text:IntPendSet)
                  2000f008    00000088                 : pin.obj (.text:PinConfigSet)
                  2000f090    00000086     drivers_cc32xx.aem4 : I2CCC32XX.oem4 (.text:I2CCC32XX_primeTransfer)
                  2000f116    00000086     rtsv7M4_T_le_eabi.lib : fd_cmp_t2.asm.obj (.text:__aeabi_cdcmple)
                  2000f19c    00000086                           : fd_cmp_t2.asm.obj (.text:__aeabi_cdrcmple)
                  2000f222    00000002     nortos_cc32xx.aem4 : startup_cc32xx_ccs.oem4 (.text:defaultHandler)
                  2000f224    00000084     drivers_cc32xx.aem4 : I2CCC32XX.oem4 (.text:I2CCC32XX_close)
                  2000f2a8    00000084     driverlib.a : i2s.obj (.text:I2SEnable)
                  2000f32c    00000084     drivers_cc32xx.aem4 : PowerCC32XX.oem4 (.text:Power_init)
                  2000f3b0    00000084                         : PowerCC32XX.oem4 (.text:saveNVICRegs)
                  2000f434    00000080                         : PowerCC32XX.oem4 (.text:Power_setDependency)
                  2000f4b4    0000007e                         : I2CCC32XX.oem4 (.text:I2CCC32XX_cancel)
                  2000f532    00000002     nortos_cc32xx.aem4 : startup_cc32xx_ccs.oem4 (.text:faultISR)
                  2000f534    0000007c     rtsv7M4_T_le_eabi.lib : memory.c.obj (.text:split)
                  2000f5b0    0000007a                           : memset_t2.asm.obj (.text)
                  2000f62a    00000002     nortos_cc32xx.aem4 : startup_cc32xx_ccs.oem4 (.text:nmiISR)
                  2000f62c    00000074     rtsv7M4_T_le_eabi.lib : fclose.c.obj (.text:__TI_closefile)
                  2000f6a0    0000006e                           : _printfi.c.obj (.text:_mcpy)
                  2000f70e    00000002                           : div0.asm.obj (.text)
                  2000f710    00000068                           : hostlseek.c.obj (.text:HOSTlseek)
                  2000f778    00000068                           : hostrename.c.obj (.text:HOSTrename)
                  2000f7e0    00000068                           : copy_decompress_lzss.c.obj (.text:decompress:lzss:__TI_decompress_lzss)
                  2000f848    00000068     drivers_cc32xx.aem4 : I2CCC32XX.oem4 (.text:initHw)
                  2000f8b0    00000068     rtsv7M4_T_le_eabi.lib : printf.c.obj (.text:printf)
                  2000f918    00000064                           : fseek.c.obj (.text:fseek)
                  2000f97c    00000062                           : _io_perm.c.obj (.text:__TI_wrt_ok)
                  2000f9de    00000002     --HOLE-- [fill = 0]
                  2000f9e0    00000060                           : hostopen.c.obj (.text:HOSTopen)
                  2000fa40    00000060     driverlib.a : prcm.obj (.text:PRCMSysResetCauseGet)
                  2000faa0    0000005c     rtsv7M4_T_le_eabi.lib : close.c.obj (.text:close)
                  2000fafc    0000005c                           : s_frexp.c.obj (.text:frexp)
                  2000fb58    0000005c     nortos_cc32xx.aem4 : ClockPSysTick_nortos.oem4 (.text:sysTickInit)
                  2000fbb4    00000058     rtsv7M4_T_le_eabi.lib : hostread.c.obj (.text:HOSTread)
                  2000fc0c    00000058                           : hostwrite.c.obj (.text:HOSTwrite)
                  2000fc64    00000058     driverlib.a : prcm.obj (.text:PRCMI2SClockFreqSet)
                  2000fcbc    00000058                 : prcm.obj (.text:PRCMPeripheralReset)
                  2000fd14    00000058     drivers_cc32xx.aem4 : PowerCC32XX.oem4 (.text:Power_releaseDependency)
                  2000fd6c    00000056     rtsv7M4_T_le_eabi.lib : _printfi.c.obj (.text:_pconv_f)
                  2000fdc2    00000054                           : ltoa.c.obj (.text:ltoa)
                  2000fe16    00000052     drivers_cc32xx.aem4 : PowerCC32XX_asm.oem4 (.text:PowerCC32XX_resumeLPDS)
                  2000fe68    00000052     rtsv7M4_T_le_eabi.lib : _printfi.c.obj (.text:_ecpy)
                  2000feba    00000002     --HOLE-- [fill = 0]
                  2000febc    00000050     nortos_cc32xx.aem4 : ClockPSysTick_nortos.oem4 (.text:ClockP_sysTickHandler)
                  2000ff0c    00000050     drivers_cc32xx.aem4 : I2CCC32XX.oem4 (.text:I2CCC32XX_completeTransfer)
                  2000ff5c    00000050     nortos_cc32xx.aem4 : SemaphoreP_nortos.oem4 (.text:SemaphoreP_construct)
                  2000ffac    0000004c     drivers_cc32xx.aem4 : PowerCC32XX.oem4 (.text:PowerCC32XX_parkPin)
                  2000fff8    0000004c     rtsv7M4_T_le_eabi.lib : fflush.c.obj (.text:__TI_doflush)
                  20010044    0000004c                           : atoi.c.obj (.text:atoi)
                  20010090    0000004c     drivers_cc32xx.aem4 : PowerCC32XX.oem4 (.text:restorePeriphClocks)
                  200100dc    00000048     driverlib.a : flash.obj (.text:FlashDisable)
                  20010124    00000048                 : prcm.obj (.text:PRCMLPDSEnter)
                  2001016c    00000048                 : prcm.obj (.text:PRCMPeripheralClkEnable)
                  200101b4    00000048     drivers_cc32xx.aem4 : PowerCC32XX.oem4 (.text:Power_releaseConstraint)
                  200101fc    00000048     rtsv7M4_T_le_eabi.lib : exit.c.obj (.text:exit)
                  20010244    00000048                           : fd_toi_t2.asm.obj (.text)
                  2001028c    00000046     config.obj (.text:CodecRegWrite)
                  200102d2    00000002     --HOLE-- [fill = 0]
                  200102d4    00000044     nortos_cc32xx.aem4 : ClockPSysTick_nortos.oem4 (.text:ClockP_stop)
                  20010318    00000044     rtsv7M4_T_le_eabi.lib : hostclose.c.obj (.text:HOSTclose)
                  2001035c    00000044                           : hostunlink.c.obj (.text:HOSTunlink)
                  200103a0    00000044     drivers_cc32xx.aem4 : I2C.oem4 (.text:I2C_init)
                  200103e4    00000044     driverlib.a : i2s.obj (.text:I2SSerializerConfig)
                  20010428    00000044                 : prcm.obj (.text:PRCMLPDSRestoreInfoSet)
                  2001046c    00000044     drivers_cc32xx.aem4 : PowerCC32XX_asm.oem4 (.text:PowerCC32XX_enterLPDS)
                  200104b0    00000044     nortos_cc32xx.aem4 : SemaphoreP_nortos.oem4 (.text:SemaphoreP_post)
                  200104f4    00000044                        : SwiP_nortos.oem4 (.text:SwiP_restore)
                  20010538    00000044     rtsv7M4_T_le_eabi.lib : autoinit.c.obj (.text:__TI_auto_init_nobinit_nopinit:__TI_auto_init_nobinit_nopinit)
                  2001057c    00000044                           : getdevice.c.obj (.text:getdevice)
                  200105c0    00000040     drivers_cc32xx.aem4 : I2C.oem4 (.text:I2C_open)
                  20010600    00000040     driverlib.a : i2s.obj (.text:I2SIntEnable)
                  20010640    00000040                 : pin.obj (.text:PinModeSet)
                  20010680    0000003e     rtsv7M4_T_le_eabi.lib : _printfi.c.obj (.text:_fcpy)
                  200106be    00000002     --HOLE-- [fill = 0]
                  200106c0    0000003c     nortos_cc32xx.aem4 : ClockPSysTick_nortos.oem4 (.text:ClockP_destruct)
                  200106fc    0000003c     drivers_cc32xx.aem4 : PowerCC32XX.oem4 (.text:Power_setConstraint)
                  20010738    0000003a     nortos_cc32xx.aem4 : PowerCC32XX_nortos.oem4 (.text:getCountsRTC)
                  20010772    00000038     config.obj (.text:CodecRegRead)
                  200107aa    00000038     config.obj (.text:ConfigureI2C)
                  200107e2    00000002     --HOLE-- [fill = 0]
                  200107e4    00000038     driverlib.a : i2s.obj (.text:I2SIntClear)
                  2001081c    00000038     main_nortos.obj (.text:I2S_ISR)
                  20010854    00000038     driverlib.a : prcm.obj (.text:PRCMLPDSEnterKeepDebugIf)
                  2001088c    00000038     rtsv7M4_T_le_eabi.lib : trgmsg.c.obj (.text:__TI_writemsg)
                  200108c4    00000038     nortos_cc32xx.aem4 : ClockPSysTick_nortos.oem4 (.text:addToList)
                  200108fc    00000038                        : startup_cc32xx_ccs.oem4 (.text:initVectors)
                  20010934    00000038     drivers_cc32xx.aem4 : PowerCC32XX.oem4 (.text:notify)
                  2001096c    00000036     rtsv7M4_T_le_eabi.lib : strncpy.c.obj (.text:strncpy)
                  200109a2    00000002     --HOLE-- [fill = 0]
                  200109a4    00000034     nortos_cc32xx.aem4 : ClockPSysTick_nortos.oem4 (.text:ClockP_getTicksUntilInterrupt)
                  200109d8    00000034                        : ClockPSysTick_nortos.oem4 (.text:ClockP_startup)
                  20010a0c    00000034     driverlib.a : pin.obj (.text:PinModeGet)
                  20010a40    00000034     rtsv7M4_T_le_eabi.lib : fopen.c.obj (.text:__TI_cleanup)
                  20010a74    00000034                           : trgmsg.c.obj (.text:__TI_readmsg)
                  20010aa8    00000030     nortos_cc32xx.aem4 : ClockPSysTick_nortos.oem4 (.text:ClockP_start)
                  20010ad8    00000030     drivers_cc32xx.aem4 : PowerCC32XX.oem4 (.text:PowerCC32XX_restoreParkedPin)
                  20010b08    00000030     rtsv7M4_T_le_eabi.lib : getdevice.c.obj (.text:finddevice)
                  20010b38    0000002e     driverlib.a : i2s.obj (.text:I2SDataGet)
                  20010b66    0000002e     rtsv7M4_T_le_eabi.lib : i_tofd_t2.asm.obj (.text)
                  20010b94    0000002c     driverlib.a : i2s.obj (.text:I2SDataPut)
                  20010bc0    0000002c     rtsv7M4_T_le_eabi.lib : unlink.c.obj (.text:unlink)
                  20010bec    0000002a     nortos_cc32xx.aem4 : HwiPCC32XX_nortos.oem4 (.text:HwiP_create)
                  20010c16    0000002a     driverlib.a : i2s.obj (.text:I2SGBLEnable)
                  20010c40    00000028                 : prcm.obj (.text:PRCMPeripheralClkDisable)
                  20010c68    00000028     drivers_cc32xx.aem4 : PowerCC32XX.oem4 (.text:Power_registerNotify)
                  20010c90    00000028     rtsv7M4_T_le_eabi.lib : memory.c.obj (.text:free_list_insert)
                  20010cb8    00000028                           : lseek.c.obj (.text:lseek)
                  20010ce0    00000028                           : write.c.obj (.text:write)
                  20010d08    00000026     drivers_cc32xx.aem4 : List.oem4 (.text:List_put)
                  20010d2e    00000026                         : List.oem4 (.text:List_remove)
                  20010d54    00000024     nortos_cc32xx.aem4 : HwiPCC32XX_nortos.oem4 (.text:HwiP_dispatch)
                  20010d78    00000024     rtsv7M4_T_le_eabi.lib : boot_cortex_m.c.obj (.text:_c_int00_noargs:_c_int00_noargs)
                  20010d9c    00000020     config.obj (.text:CodecReset)
                  20010dbc    00000020     nortos_cc32xx.aem4 : HwiPCC32XX_nortos.oem4 (.text:HwiP_destruct)
                  20010ddc    00000020     driverlib.a : interrupt.obj (.text:IntRegister)
                  20010dfc    00000020     drivers_cc32xx.aem4 : PowerCC32XX.oem4 (.text:Power_unregisterNotify)
                  20010e1c    00000020     rtsv7M4_T_le_eabi.lib : memchr.c.obj (.text:memchr)
                  20010e3c    0000001c     driverlib.a : pin.obj (.text:PinToPadGet)
                  20010e58    0000001c     nortos_cc32xx.aem4 : SwiP_nortos.oem4 (.text:SwiP_disable)
                  20010e74    0000001c     rtsv7M4_T_le_eabi.lib : copy_zero_init.c.obj (.text:decompress:ZI:__TI_zero_init_nomemset:__TI_zero_init_nomemset)
                  20010e90    0000001c                           : memory.c.obj (.text:free_list_remove)
                  20010eac    0000001c                           : memccpy.c.obj (.text:memccpy)
                  20010ec8    0000001a     driverlib.a : pin.obj (.text:PinTypeI2S)
                  20010ee2    00000002     --HOLE-- [fill = 0]
                  20010ee4    0000001a     nortos_cc32xx.aem4 : startup_cc32xx_ccs.oem4 (.text:resetISR)
                  20010efe    00000002     --HOLE-- [fill = 0]
                  20010f00    00000018     drivers_cc32xx.aem4 : PowerCC32XX.oem4 (.text:Power_idleFunc)
                  20010f18    00000018     rtsv7M4_T_le_eabi.lib : ll_mul_t2.asm.obj (.text)
                  20010f30    00000018                           : strcmp.c.obj (.text:strcmp)
                  20010f48    00000016     driverlib.a : i2s.obj (.text:I2SIntRegister)
                  20010f5e    00000016                 : prcm.obj (.text:PRCMHIBRegRead)
                  20010f74    00000016                 : prcm.obj (.text:PRCMHIBRegWrite)
                  20010f8a    00000016     nortos_cc32xx.aem4 : SemaphoreP_nortos.oem4 (.text:SemaphoreP_create)
                  20010fa0    00000016     rtsv7M4_T_le_eabi.lib : strchr.c.obj (.text:strchr)
                  20010fb6    00000014     driverlib.a : cpu.obj (.text:CPUcpsid)
                  20010fca    00000014     config.obj (.text:CodecPageSelect)
                  20010fde    00000002     --HOLE-- [fill = 0]
                  20010fe0    00000014     nortos_cc32xx.aem4 : HwiPCC32XX_nortos.oem4 (.text:HwiP_inISR)
                  20010ff4    00000014     driverlib.a : interrupt.obj (.text:IntVTableBaseSet)
                  20011008    00000014     drivers_cc32xx.aem4 : PowerCC32XX.oem4 (.text:Power_disablePolicy)
                  2001101c    00000014                         : PowerCC32XX.oem4 (.text:Power_getDependencyCount)
                  20011030    00000014     rtsv7M4_T_le_eabi.lib : strcpy.c.obj (.text:strcpy)
                  20011044    00000014                           : strlen.c.obj (.text:strlen)
                  20011058    00000012     nortos_cc32xx.aem4 : HwiPCC32XX_nortos.oem4 (.text:HwiP_Params_init)
                  2001106a    00000012     rtsv7M4_T_le_eabi.lib : wcslen.c.obj (.text:wcslen)
                  2001107c    00000010     nortos_cc32xx.aem4 : ClockPSysTick_nortos.oem4 (.text:ClockP_add)
                  2001108c    00000010                        : ClockPSysTick_nortos.oem4 (.text:ClockP_getCpuFreq)
                  2001109c    00000010                        : ClockPSysTick_nortos.oem4 (.text:ClockP_getSystemTicks)
                  200110ac    00000010                        : ClockPSysTick_nortos.oem4 (.text:ClockP_setTicks)
                  200110bc    00000010                        : HwiPCC32XX_nortos.oem4 (.text:HwiP_delete)
                  200110cc    00000010                        : HwiPCC32XX_nortos.oem4 (.text:HwiP_restore)
                  200110dc    00000010     drivers_cc32xx.aem4 : I2C.oem4 (.text:I2C_Params_init)
                  200110ec    00000010                         : PowerCC32XX.oem4 (.text:Power_enablePolicy)
                  200110fc    00000010     nortos_cc32xx.aem4 : SemaphoreP_nortos.oem4 (.text:SemaphoreP_Params_init)
                  2001110c    0000000e                        : HwiPCC32XX_nortos.oem4 (.text:HwiP_clearInterrupt)
                  2001111a    0000000e                        : HwiPCC32XX_nortos.oem4 (.text:HwiP_disable)
                  20011128    0000000e                        : HwiPCC32XX_nortos.oem4 (.text:HwiP_disableInterrupt)
                  20011136    0000000e                        : HwiPCC32XX_nortos.oem4 (.text:HwiP_enable)
                  20011144    0000000e                        : HwiPCC32XX_nortos.oem4 (.text:HwiP_enableInterrupt)
                  20011152    0000000e     rtsv7M4_T_le_eabi.lib : copy_decompress_none.c.obj (.text:decompress:none:__TI_decompress_none)
                  20011160    0000000c     CC3220S_LAUNCHXL.obj (.text:CC3220S_LAUNCHXL_initGeneral)
                  2001116c    0000000c     drivers_cc32xx.aem4 : PowerCC32XX.oem4 (.text:Power_getConstraintMask)
                  20011178    0000000c     rtsv7M4_T_le_eabi.lib : s_copysign.c.obj (.text:copysign)
                  20011184    0000000c     drivers_cc32xx.aem4 : I2CCC32XX.oem4 (.text:postNotify)
                  20011190    0000000a     nortos_cc32xx.aem4 : ClockPSysTick_nortos.oem4 (.text:ClockP_isActive)
                  2001119a    0000000a     drivers_cc32xx.aem4 : I2C.oem4 (.text:I2C_transfer)
                  200111a4    0000000a     driverlib.a : interrupt.obj (.text:IntMasterDisable)
                  200111ae    00000008     drivers_cc32xx.aem4 : I2CCC32XX.oem4 (.text:I2CCC32XX_blockingCallback)
                  200111b6    00000002     --HOLE-- [fill = 0]
                  200111b8    00000008     rtsv7M4_T_le_eabi.lib : errno.c.obj (.text:__aeabi_errno_addr)
                  200111c0    00000008                           : memory.c.obj (.text:malloc)
                  200111c8    00000006     drivers_cc32xx.aem4 : I2CCC32XX.oem4 (.text:I2CCC32XX_control)
                  200111ce    00000006     driverlib.a : utils.obj (.text:UtilsDelay)
                  200111d4    00000004     nortos_cc32xx.aem4 : HwiPCC32XX_nortos.oem4 (.text:HwiP_post)
                  200111d8    00000004                        : SemaphoreP_nortos.oem4 (.text:SemaphoreP_delete)
                  200111dc    00000004     rtsv7M4_T_le_eabi.lib : printf.c.obj (.text:_outc)
                  200111e0    00000004                           : printf.c.obj (.text:_outs)
                  200111e4    00000004                           : pre_init.c.obj (.text:_system_pre_init)
                  200111e8    00000004                           : exit.c.obj (.text:abort:abort)

.ramVecs   0    20000000    0000030c     NOLOAD SECTION
                  20000000    0000030c     nortos_cc32xx.aem4 : startup_cc32xx_ccs.oem4 (.ramVecs)

.stack     0    20003000    00001000     UNINITIALIZED
                  20003000    00000004     rtsv7M4_T_le_eabi.lib : boot_cortex_m.c.obj (.stack)
                  20003004    00000ffc     --HOLE--

.resetVecs 
*          0    20004000    00000040     
                  20004000    00000040     nortos_cc32xx.aem4 : startup_cc32xx_ccs.oem4 (.resetVecs:retain)

.sysmem    0    20004040    00008000     UNINITIALIZED
                  20004040    00000010     rtsv7M4_T_le_eabi.lib : memory.c.obj (.sysmem)
                  20004050    00007ff0     --HOLE--

.const     0    20011960    00000454     
                  20011960    00000101     rtsv7M4_T_le_eabi.lib : ctype.c.obj (.const:.string:_ctypes_)
                  20011a61    00000003     --HOLE-- [fill = 0]
                  20011a64    00000100     driverlib.a : pin.obj (.const:g_ulPinToPadMap)
                  20011b64    000000a8                 : prcm.obj (.const:PRCM_PeriphRegsList)
                  20011c0c    00000040     CC3220S_LAUNCHXL.obj (.const:PowerCC32XX_config)
                  20011c4c    0000002c     config.obj (.const:$P$T0$1)
                  20011c78    0000002c     config.obj (.const:$P$T1$2)
                  20011ca4    0000002c     config.obj (.const:$P$T2$3)
                  20011cd0    0000002c     config.obj (.const:$P$T3$4)
                  20011cfc    0000002c     config.obj (.const:$P$T4$5)
                  20011d28    00000018     drivers_cc32xx.aem4 : I2CCC32XX.oem4 (.const:I2CCC32XX_fxnTable)
                  20011d40    00000018     driverlib.a : interrupt.obj (.const:g_pulEnRegs)
                  20011d58    00000018                 : interrupt.obj (.const:g_pulPendRegs)
                  20011d70    00000010     drivers_cc32xx.aem4 : I2C.oem4 (.const:I2C_defaultParams)
                  20011d80    00000010     CC3220S_LAUNCHXL.obj (.const:i2cCC3220SHWAttrs)
                  20011d90    0000000d     CC3220S_LAUNCHXL.obj (.const)
                  20011d9d    00000003     --HOLE-- [fill = 0]
                  20011da0    0000000c     CC3220S_LAUNCHXL.obj (.const:I2C_config)
                  20011dac    00000008     drivers_cc32xx.aem4 : I2CCC32XX.oem4 (.const:bitRate)

.cinit     0    20012120    00000130     
                  20012120    00000107     (.cinit..data.load) [load image, compression = lzss]
                  20012227    00000001     --HOLE-- [fill = 0]
                  20012228    0000000c     (__TI_handler_table)
                  20012234    00000004     --HOLE-- [fill = 0]
                  20012238    00000008     (.cinit..bss.load) [load image, compression = zero_init]
                  20012240    00000010     (__TI_cinit_table)

.init_array 
*          0    20004000    00000000     UNINITIALIZED

.data      0    200111ec    00000771     UNINITIALIZED
                  200111ec    0000030c     nortos_cc32xx.aem4 : HwiPCC32XX_nortos.oem4 (.data:HwiP_dispatchTable)
                  200114f8    0000016c     drivers_cc32xx.aem4 : PowerCC32XX.oem4 (.data:PowerCC32XX_module)
                  20011664    000000f8     CC3220S_LAUNCHXL.obj (.data:parkInfo)
                  2001175c    000000f0     rtsv7M4_T_le_eabi.lib : defs.c.obj (.data:_ftable)
                  2001184c    00000078                           : host_device.c.obj (.data:_device)
                  200118c4    00000050                           : host_device.c.obj (.data:_stream)
                  20011914    00000010                           : defs.c.obj (.data)
                  20011924    0000000c                           : exit.c.obj (.data:$O1$$)
                  20011930    00000008                           : _lock.c.obj (.data:$O1$$)
                  20011938    00000008                           : memory.c.obj (.data:$O1$$)
                  20011940    00000008     nortos_cc32xx.aem4 : SemaphoreP_nortos.oem4 (.data:SemaphoreP_defaultParams)
                  20011948    00000008                        : HwiPCC32XX_nortos.oem4 (.data)
                  20011950    00000005                        : ClockPSysTick_nortos.oem4 (.data)
                  20011955    00000003                        : SemaphoreP_nortos.oem4 (.data)
                  20011958    00000004     rtsv7M4_T_le_eabi.lib : errno.c.obj (.data)
                  2001195c    00000001     drivers_cc32xx.aem4 : I2C.oem4 (.data)

.bss       0    20011db8    00000365     UNINITIALIZED
                  20011db8    0000012c     (.common:PowerCC32XX_contextSave)
                  20011ee4    00000120     rtsv7M4_T_le_eabi.lib : trgmsg.c.obj (.bss:_CIOBUF_)
                  20012004    000000a0     (.common:__TI_tmpnams)
                  200120a4    00000050     (.common:i2cCC3220SObjects)
                  200120f4    00000004     nortos_cc32xx.aem4 : ClockPSysTick_nortos.oem4 (.bss)
                  200120f8    00000010     (.common:ClockP_ctrl)
                  20012108    0000000d                        : SwiP_nortos.oem4 (.bss)
                  20012115    00000008     (.common:parmbuf)

MODULE SUMMARY

       Module                       code    ro data   rw data
       ------                       ----    -------   -------
    .\
       config.obj                   1042    220       0      
       CC3220S_LAUNCHXL.obj         12      105       328    
       main_nortos.obj              232     0         0      
    +--+----------------------------+-------+---------+---------+
       Total:                       1286    325       328    
                                                             
    C:/ti/simplelink_cc32xx_sdk_3_20_00_06/kernel/nortos/lib/nortos_cc32xx.aem4
       HwiPCC32XX_nortos.oem4       394     0         788    
       startup_cc32xx_ccs.oem4      90      64        780    
       ClockPSysTick_nortos.oem4    582     0         25     
       PowerCC32XX_nortos.oem4      468     0         0      
       SemaphoreP_nortos.oem4       352     0         11     
       SwiP_nortos.oem4             96      0         13     
    +--+----------------------------+-------+---------+---------+
       Total:                       1982    64        1617   
                                                             
    C:/ti/simplelink_cc32xx_sdk_3_20_00_06/source/ti/devices/cc32xx/driverlib/ccs/Release/driverlib.a
       prcm.obj                     1692    168       0      
       i2s.obj                      710     0         0      
       pin.obj                      306     256       0      
       interrupt.obj                366     48        0      
       flash.obj                    72      0         0      
       cpu.obj                      20      0         0      
       utils.obj                    6       0         0      
    +--+----------------------------+-------+---------+---------+
       Total:                       3172    472       0      
                                                             
    C:/ti/simplelink_cc32xx_sdk_3_20_00_06/source/ti/drivers/lib/drivers_cc32xx.aem4
       PowerCC32XX.oem4             2148    0         664    
       I2CCC32XX.oem4               1288    32        0      
       I2C.oem4                     158     16        1      
       PowerCC32XX_asm.oem4         150     0         0      
       List.oem4                    76      0         0      
    +--+----------------------------+-------+---------+---------+
       Total:                       3820    48        665    
                                                             
    C:\ti\ccs910\ccs\tools\compiler\ti-cgt-arm_18.12.2.LTS\lib\rtsv7M4_T_le_eabi.lib
       _printfi.c.obj               4835    0         0      
       memory.c.obj                 676     0         8      
       fd_add_t2.asm.obj            438     0         0      
       defs.c.obj                   0       0         416    
       trgmsg.c.obj                 108     0         288    
       fd_div_t2.asm.obj            310     0         0      
       fputs.c.obj                  276     0         0      
       fd_cmp_t2.asm.obj            268     0         0      
       ctype.c.obj                  0       257       0      
       fd_mul_t2.asm.obj            252     0         0      
       setvbuf.c.obj                220     0         0      
       s_scalbn.c.obj               208     0         0      
       host_device.c.obj            0       0         200    
       memcpy_t2.asm.obj            156     0         0      
       ull_div_t2.asm.obj           150     0         0      
       fputc.c.obj                  140     0         0      
       memset_t2.asm.obj            122     0         0      
       fclose.c.obj                 116     0         0      
       getdevice.c.obj              116     0         0      
       printf.c.obj                 112     0         0      
       copy_decompress_lzss.c.obj   104     0         0      
       hostlseek.c.obj              104     0         0      
       hostopen.c.obj               96      0         8      
       hostrename.c.obj             104     0         0      
       fseek.c.obj                  100     0         0      
       _io_perm.c.obj               98      0         0      
       close.c.obj                  92      0         0      
       s_frexp.c.obj                92      0         0      
       exit.c.obj                   76      0         12     
       hostread.c.obj               88      0         0      
       hostwrite.c.obj              88      0         0      
       ltoa.c.obj                   84      0         0      
       atoi.c.obj                   76      0         0      
       fflush.c.obj                 76      0         0      
       fd_toi_t2.asm.obj            72      0         0      
       autoinit.c.obj               68      0         0      
       hostclose.c.obj              68      0         0      
       hostunlink.c.obj             68      0         0      
       strncpy.c.obj                54      0         0      
       fopen.c.obj                  52      0         0      
       i_tofd_t2.asm.obj            46      0         0      
       unlink.c.obj                 44      0         0      
       lseek.c.obj                  40      0         0      
       write.c.obj                  40      0         0      
       boot_cortex_m.c.obj          36      0         0      
       memchr.c.obj                 32      0         0      
       copy_zero_init.c.obj         28      0         0      
       memccpy.c.obj                28      0         0      
       ll_mul_t2.asm.obj            24      0         0      
       strcmp.c.obj                 24      0         0      
       strchr.c.obj                 22      0         0      
       strcpy.c.obj                 20      0         0      
       strlen.c.obj                 20      0         0      
       wcslen.c.obj                 18      0         0      
       copy_decompress_none.c.obj   14      0         0      
       errno.c.obj                  8       0         4      
       s_copysign.c.obj             12      0         0      
       _lock.c.obj                  2       0         8      
       pre_init.c.obj               4       0         0      
       div0.asm.obj                 2       0         0      
    +--+----------------------------+-------+---------+---------+
       Total:                       10627   257       944    
                                                             
       Heap:                        0       0         32768  
       Stack:                       0       0         4096   
       Linker Generated:            0       299       0      
    +--+----------------------------+-------+---------+---------+
       Grand Total:                 20887   1465      40418  


LINKER GENERATED COPY TABLES

__TI_cinit_table @ 20012240 records: 2, size/record: 8, table size: 16
	.data: load addr=20012120, load size=00000107 bytes, run addr=200111ec, run size=00000771 bytes, compression=lzss
	.bss: load addr=20012238, load size=00000008 bytes, run addr=20011db8, run size=00000365 bytes, compression=zero_init


LINKER GENERATED HANDLER TABLE

__TI_handler_table @ 20012228 records: 3, size/record: 4, table size: 12
	index: 0, handler: __TI_decompress_lzss
	index: 1, handler: __TI_decompress_none
	index: 2, handler: __TI_zero_init


GLOBAL SYMBOLS: SORTED ALPHABETICALLY BY Name 

address   name                           
-------   ----                           
20011d90  ADC_count                      
200111e9  C$$EXIT                        
200108bb  C$$IO$$                        
20011161  CC3220S_LAUNCHXL_initGeneral   
20010fb7  CPUcpsid                       
20011d91  Capture_count                  
2001107d  ClockP_add                     
200120f8  ClockP_ctrl                    
200106c1  ClockP_destruct                
2000febd  ClockP_doTick                  
2001108d  ClockP_getCpuFreq              
2001109d  ClockP_getSystemTicks          
200109a5  ClockP_getTicksUntilInterrupt  
20011191  ClockP_isActive                
200110ad  ClockP_setTicks                
20010aa9  ClockP_start                   
200109d9  ClockP_startup                 
200102d5  ClockP_stop                    
2000febd  ClockP_sysTickHandler          
20011950  ClockP_tickPeriod              
2000cebd  ConfigureAudioCodec            
200107ab  ConfigureI2C                   
2000eef9  ConfigureI2S                   
20011d92  CryptoCC32XX_count             
20011d93  Display_count                  
200100dd  FlashDisable                   
20010319  HOSTclose                      
2000f711  HOSTlseek                      
2000f9e1  HOSTopen                       
2000fbb5  HOSTread                       
2000f779  HOSTrename                     
2001035d  HOSTunlink                     
2000fc0d  HOSTwrite                      
20011059  HwiP_Params_init               
2001110d  HwiP_clearInterrupt            
2000ede1  HwiP_construct                 
20010bed  HwiP_create                    
200110bd  HwiP_delete                    
20010dbd  HwiP_destruct                  
2001111b  HwiP_disable                   
20011129  HwiP_disableInterrupt          
20010d55  HwiP_dispatch                  
20011137  HwiP_enable                    
20011145  HwiP_enableInterrupt           
20010fe1  HwiP_inISR                     
20011948  HwiP_key                       
200111d5  HwiP_post                      
200110cd  HwiP_restore                   
2001194c  HwiP_swiPIntNum                
2000f4b5  I2CCC32XX_cancel               
2000f225  I2CCC32XX_close                
200111c9  I2CCC32XX_control              
20011d28  I2CCC32XX_fxnTable             
2000ca8f  I2CCC32XX_init                 
2000e10d  I2CCC32XX_open                 
2000ecbf  I2CCC32XX_transfer             
200110dd  I2C_Params_init                
20011da0  I2C_config                     
20011d94  I2C_count                      
20011d70  I2C_defaultParams              
200103a1  I2C_init                       
200105c1  I2C_open                       
2001119b  I2C_transfer                   
2000e3f9  I2SConfigSetExpClk             
20010b39  I2SDataGet                     
20010b95  I2SDataPut                     
2000f2a9  I2SEnable                      
200107e5  I2SIntClear                    
20010601  I2SIntEnable                   
20010f49  I2SIntRegister                 
200103e5  I2SSerializerConfig            
2001081d  I2S_ISR                        
20011d95  I2S_count                      
2000e99d  IntEnable                      
200111a5  IntMasterDisable               
2000ef81  IntPendSet                     
20010ddd  IntRegister                    
20010ff5  IntVTableBaseSet               
20010d09  List_put                       
20010d2f  List_remove                    
20011137  NoRTOS_start                   
2000ca91  PRCMCC3200MCUInit              
20010f5f  PRCMHIBRegRead                 
20010f75  PRCMHIBRegWrite                
2000fc65  PRCMI2SClockFreqSet            
20010125  PRCMLPDSEnter                  
20010855  PRCMLPDSEnterKeepDebugIf       
20010429  PRCMLPDSRestoreInfoSet         
20010c41  PRCMPeripheralClkDisable       
2001016d  PRCMPeripheralClkEnable        
2000fcbd  PRCMPeripheralReset            
2000fa41  PRCMSysResetCauseGet           
20011d96  PWM_count                      
2000f009  PinConfigSet                   
20010a0d  PinModeGet                     
20010641  PinModeSet                     
20010e3d  PinToPadGet                    
20010ec9  PinTypeI2S                     
20011c0c  PowerCC32XX_config             
2000ea45  PowerCC32XX_configureWakeup    
20011db8  PowerCC32XX_contextSave        
2001046d  PowerCC32XX_enterLPDS          
2000d747  PowerCC32XX_initPolicy         
200114f8  PowerCC32XX_module             
2000ffad  PowerCC32XX_parkPin            
20010ad9  PowerCC32XX_restoreParkedPin   
2000fe17  PowerCC32XX_resumeLPDS         
2000d749  PowerCC32XX_sleepPolicy        
20011009  Power_disablePolicy            
200110ed  Power_enablePolicy             
2001116d  Power_getConstraintMask        
2001101d  Power_getDependencyCount       
20010f01  Power_idleFunc                 
2000f32d  Power_init                     
20010c69  Power_registerNotify           
200101b5  Power_releaseConstraint        
2000fd15  Power_releaseDependency        
200106fd  Power_setConstraint            
2000f435  Power_setDependency            
2000dedd  Power_sleep                    
20010dfd  Power_unregisterNotify         
20011d97  SDFatFS_count                  
20011d98  SD_count                       
20011d99  SPI_count                      
200110fd  SemaphoreP_Params_init         
2000ff5d  SemaphoreP_construct           
20010f8b  SemaphoreP_create              
20011940  SemaphoreP_defaultParams       
200111d9  SemaphoreP_delete              
2000eaed  SemaphoreP_pend                
200104b1  SemaphoreP_post                
20010e59  SwiP_disable                   
200104f5  SwiP_restore                   
20011d9a  Timer_count                    
20011d9b  UART_count                     
200111cf  UtilsDelay                     
20011d9c  Watchdog_count                 
20011ee4  __CIOBUF_                      
20004000  __STACK_END                    
00001000  __STACK_SIZE                   
00008000  __SYSMEM_SIZE                  
20012240  __TI_CINIT_Base                
20012250  __TI_CINIT_Limit               
20012228  __TI_Handler_Table_Base        
20012234  __TI_Handler_Table_Limit       
20010539  __TI_auto_init_nobinit_nopinit 
20010a41  __TI_cleanup                   
20011924  __TI_cleanup_ptr               
2000f62d  __TI_closefile                 
2000f7e1  __TI_decompress_lzss           
20011153  __TI_decompress_none           
2000fff9  __TI_doflush                   
20011928  __TI_dtors_ptr                 
2001192c  __TI_enable_exit_profile_output
20011914  __TI_ft_end                    
ffffffff  __TI_pprof_out_hndl            
2000c041  __TI_printfi                   
ffffffff  __TI_prof_data_size            
ffffffff  __TI_prof_data_start           
20010a75  __TI_readmsg                   
20012120  __TI_static_base__             
20012004  __TI_tmpnams                   
2001088d  __TI_writemsg                  
2000f97d  __TI_wrt_ok                    
20010e75  __TI_zero_init_nomemset        
2000f117  __aeabi_cdcmpeq                
2000f117  __aeabi_cdcmple                
2000f19d  __aeabi_cdrcmple               
20010245  __aeabi_d2iz                   
2000d59b  __aeabi_dadd                   
2000db65  __aeabi_ddiv                   
2000e209  __aeabi_dmul                   
2000d591  __aeabi_dsub                   
200111b9  __aeabi_errno_addr             
20010b67  __aeabi_i2d                    
2000f70f  __aeabi_idiv0                  
2000f70f  __aeabi_ldiv0                  
20010f19  __aeabi_lmul                   
2000f5b1  __aeabi_memclr                 
2000f5b1  __aeabi_memclr4                
2000f5b1  __aeabi_memclr8                
2000eb8d  __aeabi_memcpy                 
2000eb8d  __aeabi_memcpy4                
2000eb8d  __aeabi_memcpy8                
2000f5b3  __aeabi_memset                 
2000f5b3  __aeabi_memset4                
2000f5b3  __aeabi_memset8                
20011920  __aeabi_stderr                 
20011918  __aeabi_stdin                  
2001191c  __aeabi_stdout                 
2000ec29  __aeabi_uldivmod               
ffffffff  __binit__                      
ffffffff  __c_args__                     
UNDEFED   __mpu_init                     
20003000  __stack                        
20010d79  _c_int00_noargs                
20011960  _ctypes_                       
2001184c  _device                        
2001175c  _ftable                        
20011930  _lock                          
2000ddbb  _nop                           
200118c4  _stream                        
20004040  _sys_memory                    
UNDEFED   _system_post_cinit             
200111e5  _system_pre_init               
20011934  _unlock                        
200111e9  abort                          
2000e305  aligned_alloc                  
20010045  atoi                           
ffffffff  binit                          
2000ed4f  clkFxn                         
2000faa1  close                          
20011179  copysign                       
20011179  copysignl                      
20011958  errno                          
200101fd  exit                           
20010b09  finddevice                     
2000ee6d  fputc                          
2000dff9  fputs                          
2000e4e5  free                           
2000fafd  frexp                          
2000fafd  frexpl                         
2000f919  fseek                          
2001057d  getdevice                      
20011d80  i2cCC3220SHWAttrs              
200120a4  i2cCC3220SObjects              
200108fd  initVectors                    
2000e6a9  ldexp                          
2000e6a9  ldexpl                         
20010cb9  lseek                          
2000fdc3  ltoa                           
2000e8ed  main                           
200111c1  malloc                         
2000e305  memalign                       
20010ead  memccpy                        
20010e1d  memchr                         
2000eb8d  memcpy                         
2000f5b9  memset                         
20011664  parkInfo                       
20012115  parmbuf                        
2000f8b1  printf                         
2000ee6d  putc                           
20010bc1  remove                         
20010ee5  resetISR                       
20010ef8  resetVectorAddr                
20004000  resetVectors                   
2000e6a9  scalbn                         
2000e6a9  scalbnl                        
2000e5cd  setvbuf                        
20010fa1  strchr                         
20010f31  strcmp                         
20011031  strcpy                         
20011045  strlen                         
2001096d  strncpy                        
20010bc1  unlink                         
2001106b  wcslen                         
20010ce1  write                          


GLOBAL SYMBOLS: SORTED BY Symbol Address 

address   name                           
-------   ----                           
00001000  __STACK_SIZE                   
00008000  __SYSMEM_SIZE                  
20003000  __stack                        
20004000  __STACK_END                    
20004000  resetVectors                   
20004040  _sys_memory                    
2000c041  __TI_printfi                   
2000ca8f  I2CCC32XX_init                 
2000ca91  PRCMCC3200MCUInit              
2000cebd  ConfigureAudioCodec            
2000d591  __aeabi_dsub                   
2000d59b  __aeabi_dadd                   
2000d747  PowerCC32XX_initPolicy         
2000d749  PowerCC32XX_sleepPolicy        
2000db65  __aeabi_ddiv                   
2000ddbb  _nop                           
2000dedd  Power_sleep                    
2000dff9  fputs                          
2000e10d  I2CCC32XX_open                 
2000e209  __aeabi_dmul                   
2000e305  aligned_alloc                  
2000e305  memalign                       
2000e3f9  I2SConfigSetExpClk             
2000e4e5  free                           
2000e5cd  setvbuf                        
2000e6a9  ldexp                          
2000e6a9  ldexpl                         
2000e6a9  scalbn                         
2000e6a9  scalbnl                        
2000e8ed  main                           
2000e99d  IntEnable                      
2000ea45  PowerCC32XX_configureWakeup    
2000eaed  SemaphoreP_pend                
2000eb8d  __aeabi_memcpy                 
2000eb8d  __aeabi_memcpy4                
2000eb8d  __aeabi_memcpy8                
2000eb8d  memcpy                         
2000ec29  __aeabi_uldivmod               
2000ecbf  I2CCC32XX_transfer             
2000ed4f  clkFxn                         
2000ede1  HwiP_construct                 
2000ee6d  fputc                          
2000ee6d  putc                           
2000eef9  ConfigureI2S                   
2000ef81  IntPendSet                     
2000f009  PinConfigSet                   
2000f117  __aeabi_cdcmpeq                
2000f117  __aeabi_cdcmple                
2000f19d  __aeabi_cdrcmple               
2000f225  I2CCC32XX_close                
2000f2a9  I2SEnable                      
2000f32d  Power_init                     
2000f435  Power_setDependency            
2000f4b5  I2CCC32XX_cancel               
2000f5b1  __aeabi_memclr                 
2000f5b1  __aeabi_memclr4                
2000f5b1  __aeabi_memclr8                
2000f5b3  __aeabi_memset                 
2000f5b3  __aeabi_memset4                
2000f5b3  __aeabi_memset8                
2000f5b9  memset                         
2000f62d  __TI_closefile                 
2000f70f  __aeabi_idiv0                  
2000f70f  __aeabi_ldiv0                  
2000f711  HOSTlseek                      
2000f779  HOSTrename                     
2000f7e1  __TI_decompress_lzss           
2000f8b1  printf                         
2000f919  fseek                          
2000f97d  __TI_wrt_ok                    
2000f9e1  HOSTopen                       
2000fa41  PRCMSysResetCauseGet           
2000faa1  close                          
2000fafd  frexp                          
2000fafd  frexpl                         
2000fbb5  HOSTread                       
2000fc0d  HOSTwrite                      
2000fc65  PRCMI2SClockFreqSet            
2000fcbd  PRCMPeripheralReset            
2000fd15  Power_releaseDependency        
2000fdc3  ltoa                           
2000fe17  PowerCC32XX_resumeLPDS         
2000febd  ClockP_doTick                  
2000febd  ClockP_sysTickHandler          
2000ff5d  SemaphoreP_construct           
2000ffad  PowerCC32XX_parkPin            
2000fff9  __TI_doflush                   
20010045  atoi                           
200100dd  FlashDisable                   
20010125  PRCMLPDSEnter                  
2001016d  PRCMPeripheralClkEnable        
200101b5  Power_releaseConstraint        
200101fd  exit                           
20010245  __aeabi_d2iz                   
200102d5  ClockP_stop                    
20010319  HOSTclose                      
2001035d  HOSTunlink                     
200103a1  I2C_init                       
200103e5  I2SSerializerConfig            
20010429  PRCMLPDSRestoreInfoSet         
2001046d  PowerCC32XX_enterLPDS          
200104b1  SemaphoreP_post                
200104f5  SwiP_restore                   
20010539  __TI_auto_init_nobinit_nopinit 
2001057d  getdevice                      
200105c1  I2C_open                       
20010601  I2SIntEnable                   
20010641  PinModeSet                     
200106c1  ClockP_destruct                
200106fd  Power_setConstraint            
200107ab  ConfigureI2C                   
200107e5  I2SIntClear                    
2001081d  I2S_ISR                        
20010855  PRCMLPDSEnterKeepDebugIf       
2001088d  __TI_writemsg                  
200108bb  C$$IO$$                        
200108fd  initVectors                    
2001096d  strncpy                        
200109a5  ClockP_getTicksUntilInterrupt  
200109d9  ClockP_startup                 
20010a0d  PinModeGet                     
20010a41  __TI_cleanup                   
20010a75  __TI_readmsg                   
20010aa9  ClockP_start                   
20010ad9  PowerCC32XX_restoreParkedPin   
20010b09  finddevice                     
20010b39  I2SDataGet                     
20010b67  __aeabi_i2d                    
20010b95  I2SDataPut                     
20010bc1  remove                         
20010bc1  unlink                         
20010bed  HwiP_create                    
20010c41  PRCMPeripheralClkDisable       
20010c69  Power_registerNotify           
20010cb9  lseek                          
20010ce1  write                          
20010d09  List_put                       
20010d2f  List_remove                    
20010d55  HwiP_dispatch                  
20010d79  _c_int00_noargs                
20010dbd  HwiP_destruct                  
20010ddd  IntRegister                    
20010dfd  Power_unregisterNotify         
20010e1d  memchr                         
20010e3d  PinToPadGet                    
20010e59  SwiP_disable                   
20010e75  __TI_zero_init_nomemset        
20010ead  memccpy                        
20010ec9  PinTypeI2S                     
20010ee5  resetISR                       
20010ef8  resetVectorAddr                
20010f01  Power_idleFunc                 
20010f19  __aeabi_lmul                   
20010f31  strcmp                         
20010f49  I2SIntRegister                 
20010f5f  PRCMHIBRegRead                 
20010f75  PRCMHIBRegWrite                
20010f8b  SemaphoreP_create              
20010fa1  strchr                         
20010fb7  CPUcpsid                       
20010fe1  HwiP_inISR                     
20010ff5  IntVTableBaseSet               
20011009  Power_disablePolicy            
2001101d  Power_getDependencyCount       
20011031  strcpy                         
20011045  strlen                         
20011059  HwiP_Params_init               
2001106b  wcslen                         
2001107d  ClockP_add                     
2001108d  ClockP_getCpuFreq              
2001109d  ClockP_getSystemTicks          
200110ad  ClockP_setTicks                
200110bd  HwiP_delete                    
200110cd  HwiP_restore                   
200110dd  I2C_Params_init                
200110ed  Power_enablePolicy             
200110fd  SemaphoreP_Params_init         
2001110d  HwiP_clearInterrupt            
2001111b  HwiP_disable                   
20011129  HwiP_disableInterrupt          
20011137  HwiP_enable                    
20011137  NoRTOS_start                   
20011145  HwiP_enableInterrupt           
20011153  __TI_decompress_none           
20011161  CC3220S_LAUNCHXL_initGeneral   
2001116d  Power_getConstraintMask        
20011179  copysign                       
20011179  copysignl                      
20011191  ClockP_isActive                
2001119b  I2C_transfer                   
200111a5  IntMasterDisable               
200111b9  __aeabi_errno_addr             
200111c1  malloc                         
200111c9  I2CCC32XX_control              
200111cf  UtilsDelay                     
200111d5  HwiP_post                      
200111d9  SemaphoreP_delete              
200111e5  _system_pre_init               
200111e9  C$$EXIT                        
200111e9  abort                          
200114f8  PowerCC32XX_module             
20011664  parkInfo                       
2001175c  _ftable                        
2001184c  _device                        
200118c4  _stream                        
20011914  __TI_ft_end                    
20011918  __aeabi_stdin                  
2001191c  __aeabi_stdout                 
20011920  __aeabi_stderr                 
20011924  __TI_cleanup_ptr               
20011928  __TI_dtors_ptr                 
2001192c  __TI_enable_exit_profile_output
20011930  _lock                          
20011934  _unlock                        
20011940  SemaphoreP_defaultParams       
20011948  HwiP_key                       
2001194c  HwiP_swiPIntNum                
20011950  ClockP_tickPeriod              
20011958  errno                          
20011960  _ctypes_                       
20011c0c  PowerCC32XX_config             
20011d28  I2CCC32XX_fxnTable             
20011d70  I2C_defaultParams              
20011d80  i2cCC3220SHWAttrs              
20011d90  ADC_count                      
20011d91  Capture_count                  
20011d92  CryptoCC32XX_count             
20011d93  Display_count                  
20011d94  I2C_count                      
20011d95  I2S_count                      
20011d96  PWM_count                      
20011d97  SDFatFS_count                  
20011d98  SD_count                       
20011d99  SPI_count                      
20011d9a  Timer_count                    
20011d9b  UART_count                     
20011d9c  Watchdog_count                 
20011da0  I2C_config                     
20011db8  PowerCC32XX_contextSave        
20011ee4  __CIOBUF_                      
20012004  __TI_tmpnams                   
200120a4  i2cCC3220SObjects              
200120f8  ClockP_ctrl                    
20012115  parmbuf                        
20012120  __TI_static_base__             
20012228  __TI_Handler_Table_Base        
20012234  __TI_Handler_Table_Limit       
20012240  __TI_CINIT_Base                
20012250  __TI_CINIT_Limit               
ffffffff  __TI_pprof_out_hndl            
ffffffff  __TI_prof_data_size            
ffffffff  __TI_prof_data_start           
ffffffff  __binit__                      
ffffffff  __c_args__                     
ffffffff  binit                          
UNDEFED   __mpu_init                     
UNDEFED   _system_post_cinit             

[257 symbols]
