******************************************************************************
                  TI ARM Linker PC v18.12.2                    
******************************************************************************
>> Linked Mon Sep  9 08:48:47 2019

OUTPUT FILE NAME:   <line_in_2_line_out.out>
ENTRY POINT SYMBOL: "resetISR"  address: 20010e25


MEMORY CONFIGURATION

         name            origin    length      used     unused   attr    fill
----------------------  --------  ---------  --------  --------  ----  --------
  SRAM2                 20000000   00004000  0000130c  00002cf4  RW X
  SRAM                  20004000   0003c000  0000e16e  0002de92  RW X


SEGMENT ALLOCATION MAP

run origin  load origin   length   init length attrs members
----------  ----------- ---------- ----------- ----- -------
20003000    20003000    00001000   00000000    rw-
  20003000    20003000    00001000   00000000    rw- .stack
20004000    20004000    00000040   00000040    r--
  20004000    20004000    00000040   00000040    r-- .resetVecs
20004040    20004040    00008000   00000000    rw-
  20004040    20004040    00008000   00000000    rw- .sysmem
2000c040    2000c040    000050d4   000050d4    r-x
  2000c040    2000c040    000050d4   000050d4    r-x .text
20011114    20011114    00000771   00000000    rw-
  20011114    20011114    00000771   00000000    rw- .data
20011888    20011888    00000454   00000454    r--
  20011888    20011888    00000454   00000454    r-- .const
20011ce0    20011ce0    00000365   00000000    rw-
  20011ce0    20011ce0    00000365   00000000    rw- .bss
20012048    20012048    00000130   00000130    r--
  20012048    20012048    00000130   00000130    r-- .cinit


SECTION ALLOCATION MAP

 output                                  attributes/
section   page    origin      length       input sections
--------  ----  ----------  ----------   ----------------
.text      0    2000c040    000050d4     
                  2000c040    00000a4e     rtsv7M4_T_le_eabi.lib : _printfi.c.obj (.text:__TI_printfi)
                  2000ca8e    00000002     drivers_cc32xx.aem4 : I2CCC32XX.oem4 (.text:I2CCC32XX_init)
                  2000ca90    0000042c     driverlib.a : prcm.obj (.text:PRCMCC3200MCUInit)
                  2000cebc    000002a0     config.obj (.text:ConfigureAudioCodec)
                  2000d15c    00000268     rtsv7M4_T_le_eabi.lib : _printfi.c.obj (.text:_pconv_a)
                  2000d3c4    000001cc                           : _printfi.c.obj (.text:_pconv_g)
                  2000d590    000001b6                           : fd_add_t2.asm.obj (.text)
                  2000d746    00000002     nortos_cc32xx.aem4 : PowerCC32XX_nortos.oem4 (.text:PowerCC32XX_initPolicy)
                  2000d748    00000198                        : PowerCC32XX_nortos.oem4 (.text:PowerCC32XX_sleepPolicy)
                  2000d8e0    00000148     drivers_cc32xx.aem4 : PowerCC32XX.oem4 (.text:parkPins)
                  2000da28    0000013c     rtsv7M4_T_le_eabi.lib : _printfi.c.obj (.text:_pconv_e)
                  2000db64    00000136                           : fd_div_t2.asm.obj (.text)
                  2000dc9a    00000120     drivers_cc32xx.aem4 : I2CCC32XX.oem4 (.text:I2CCC32XX_hwiFxn)
                  2000ddba    00000002     rtsv7M4_T_le_eabi.lib : _lock.c.obj (.text:_nop)
                  2000ddbc    00000120                           : _printfi.c.obj (.text:fcvt)
                  2000dedc    0000011c     drivers_cc32xx.aem4 : PowerCC32XX.oem4 (.text:Power_sleep)
                  2000dff8    00000114     rtsv7M4_T_le_eabi.lib : fputs.c.obj (.text:fputs)
                  2000e10c    000000fc     drivers_cc32xx.aem4 : I2CCC32XX.oem4 (.text:I2CCC32XX_open)
                  2000e208    000000fc     rtsv7M4_T_le_eabi.lib : fd_mul_t2.asm.obj (.text)
                  2000e304    000000f4                           : memory.c.obj (.text:aligned_alloc)
                  2000e3f8    000000ec     driverlib.a : i2s.obj (.text:I2SConfigSetExpClk)
                  2000e4e4    000000e8     rtsv7M4_T_le_eabi.lib : memory.c.obj (.text:free)
                  2000e5cc    000000dc                           : setvbuf.c.obj (.text:setvbuf)
                  2000e6a8    000000d0                           : s_scalbn.c.obj (.text:scalbn)
                  2000e778    000000c0     main_nortos.obj (.text:main)
                  2000e838    000000c0     drivers_cc32xx.aem4 : PowerCC32XX.oem4 (.text:restoreParkedPins)
                  2000e8f8    000000b1     rtsv7M4_T_le_eabi.lib : _printfi.c.obj (.text:_ltostr)
                  2000e9a9    00000001     --HOLE-- [fill = 0]
                  2000e9aa    00000002     nortos_cc32xx.aem4 : startup_cc32xx_ccs.oem4 (.text:busFaultHandler)
                  2000e9ac    000000a8     driverlib.a : interrupt.obj (.text:IntEnable)
                  2000ea54    000000a8     drivers_cc32xx.aem4 : PowerCC32XX.oem4 (.text:PowerCC32XX_configureWakeup)
                  2000eafc    000000a0     nortos_cc32xx.aem4 : SemaphoreP_nortos.oem4 (.text:SemaphoreP_pend)
                  2000eb9c    0000009c     rtsv7M4_T_le_eabi.lib : memcpy_t2.asm.obj (.text)
                  2000ec38    00000096                           : ull_div_t2.asm.obj (.text)
                  2000ecce    00000090     drivers_cc32xx.aem4 : I2CCC32XX.oem4 (.text:I2CCC32XX_transfer)
                  2000ed5e    00000002     nortos_cc32xx.aem4 : SemaphoreP_nortos.oem4 (.text:clkFxn)
                  2000ed60    00000090     drivers_cc32xx.aem4 : PowerCC32XX.oem4 (.text:restoreNVICRegs)
                  2000edf0    0000008c     nortos_cc32xx.aem4 : HwiPCC32XX_nortos.oem4 (.text:HwiP_construct)
                  2000ee7c    0000008c     rtsv7M4_T_le_eabi.lib : fputc.c.obj (.text:fputc)
                  2000ef08    00000088     config.obj (.text:ConfigureI2S)
                  2000ef90    00000088     driverlib.a : interrupt.obj (.text:IntPendSet)
                  2000f018    00000088                 : pin.obj (.text:PinConfigSet)
                  2000f0a0    00000086     drivers_cc32xx.aem4 : I2CCC32XX.oem4 (.text:I2CCC32XX_primeTransfer)
                  2000f126    00000086     rtsv7M4_T_le_eabi.lib : fd_cmp_t2.asm.obj (.text:__aeabi_cdcmple)
                  2000f1ac    00000086                           : fd_cmp_t2.asm.obj (.text:__aeabi_cdrcmple)
                  2000f232    00000002     nortos_cc32xx.aem4 : startup_cc32xx_ccs.oem4 (.text:defaultHandler)
                  2000f234    00000084     drivers_cc32xx.aem4 : I2CCC32XX.oem4 (.text:I2CCC32XX_close)
                  2000f2b8    00000084     driverlib.a : i2s.obj (.text:I2SEnable)
                  2000f33c    00000084     drivers_cc32xx.aem4 : PowerCC32XX.oem4 (.text:Power_init)
                  2000f3c0    00000084                         : PowerCC32XX.oem4 (.text:saveNVICRegs)
                  2000f444    00000080                         : PowerCC32XX.oem4 (.text:Power_setDependency)
                  2000f4c4    0000007e                         : I2CCC32XX.oem4 (.text:I2CCC32XX_cancel)
                  2000f542    00000002     nortos_cc32xx.aem4 : startup_cc32xx_ccs.oem4 (.text:faultISR)
                  2000f544    0000007c     rtsv7M4_T_le_eabi.lib : memory.c.obj (.text:split)
                  2000f5c0    0000007a                           : memset_t2.asm.obj (.text)
                  2000f63a    00000002     nortos_cc32xx.aem4 : startup_cc32xx_ccs.oem4 (.text:nmiISR)
                  2000f63c    00000074     rtsv7M4_T_le_eabi.lib : fclose.c.obj (.text:__TI_closefile)
                  2000f6b0    0000006e                           : _printfi.c.obj (.text:_mcpy)
                  2000f71e    00000002                           : div0.asm.obj (.text)
                  2000f720    00000068                           : hostlseek.c.obj (.text:HOSTlseek)
                  2000f788    00000068                           : hostrename.c.obj (.text:HOSTrename)
                  2000f7f0    00000068                           : copy_decompress_lzss.c.obj (.text:decompress:lzss:__TI_decompress_lzss)
                  2000f858    00000068     drivers_cc32xx.aem4 : I2CCC32XX.oem4 (.text:initHw)
                  2000f8c0    00000068     rtsv7M4_T_le_eabi.lib : printf.c.obj (.text:printf)
                  2000f928    00000064                           : fseek.c.obj (.text:fseek)
                  2000f98c    00000062                           : _io_perm.c.obj (.text:__TI_wrt_ok)
                  2000f9ee    00000002     --HOLE-- [fill = 0]
                  2000f9f0    00000060                           : hostopen.c.obj (.text:HOSTopen)
                  2000fa50    00000060     driverlib.a : prcm.obj (.text:PRCMSysResetCauseGet)
                  2000fab0    0000005c     rtsv7M4_T_le_eabi.lib : close.c.obj (.text:close)
                  2000fb0c    0000005c                           : s_frexp.c.obj (.text:frexp)
                  2000fb68    0000005c     nortos_cc32xx.aem4 : ClockPSysTick_nortos.oem4 (.text:sysTickInit)
                  2000fbc4    00000058     rtsv7M4_T_le_eabi.lib : hostread.c.obj (.text:HOSTread)
                  2000fc1c    00000058                           : hostwrite.c.obj (.text:HOSTwrite)
                  2000fc74    00000058     driverlib.a : prcm.obj (.text:PRCMI2SClockFreqSet)
                  2000fccc    00000058                 : prcm.obj (.text:PRCMPeripheralReset)
                  2000fd24    00000058     drivers_cc32xx.aem4 : PowerCC32XX.oem4 (.text:Power_releaseDependency)
                  2000fd7c    00000056     rtsv7M4_T_le_eabi.lib : _printfi.c.obj (.text:_pconv_f)
                  2000fdd2    00000054                           : ltoa.c.obj (.text:ltoa)
                  2000fe26    00000052     drivers_cc32xx.aem4 : PowerCC32XX_asm.oem4 (.text:PowerCC32XX_resumeLPDS)
                  2000fe78    00000052     rtsv7M4_T_le_eabi.lib : _printfi.c.obj (.text:_ecpy)
                  2000feca    00000002     --HOLE-- [fill = 0]
                  2000fecc    00000050     nortos_cc32xx.aem4 : ClockPSysTick_nortos.oem4 (.text:ClockP_sysTickHandler)
                  2000ff1c    00000050     drivers_cc32xx.aem4 : I2CCC32XX.oem4 (.text:I2CCC32XX_completeTransfer)
                  2000ff6c    00000050     nortos_cc32xx.aem4 : SemaphoreP_nortos.oem4 (.text:SemaphoreP_construct)
                  2000ffbc    0000004c     drivers_cc32xx.aem4 : PowerCC32XX.oem4 (.text:PowerCC32XX_parkPin)
                  20010008    0000004c     rtsv7M4_T_le_eabi.lib : fflush.c.obj (.text:__TI_doflush)
                  20010054    0000004c                           : atoi.c.obj (.text:atoi)
                  200100a0    0000004c     drivers_cc32xx.aem4 : PowerCC32XX.oem4 (.text:restorePeriphClocks)
                  200100ec    00000048     driverlib.a : flash.obj (.text:FlashDisable)
                  20010134    00000048                 : prcm.obj (.text:PRCMLPDSEnter)
                  2001017c    00000048                 : prcm.obj (.text:PRCMPeripheralClkEnable)
                  200101c4    00000048     drivers_cc32xx.aem4 : PowerCC32XX.oem4 (.text:Power_releaseConstraint)
                  2001020c    00000048     rtsv7M4_T_le_eabi.lib : exit.c.obj (.text:exit)
                  20010254    00000048                           : fd_toi_t2.asm.obj (.text)
                  2001029c    00000046     config.obj (.text:CodecRegWrite)
                  200102e2    00000002     --HOLE-- [fill = 0]
                  200102e4    00000044     nortos_cc32xx.aem4 : ClockPSysTick_nortos.oem4 (.text:ClockP_stop)
                  20010328    00000044     rtsv7M4_T_le_eabi.lib : hostclose.c.obj (.text:HOSTclose)
                  2001036c    00000044                           : hostunlink.c.obj (.text:HOSTunlink)
                  200103b0    00000044     drivers_cc32xx.aem4 : I2C.oem4 (.text:I2C_init)
                  200103f4    00000044     driverlib.a : i2s.obj (.text:I2SSerializerConfig)
                  20010438    00000044                 : prcm.obj (.text:PRCMLPDSRestoreInfoSet)
                  2001047c    00000044     drivers_cc32xx.aem4 : PowerCC32XX_asm.oem4 (.text:PowerCC32XX_enterLPDS)
                  200104c0    00000044     nortos_cc32xx.aem4 : SemaphoreP_nortos.oem4 (.text:SemaphoreP_post)
                  20010504    00000044                        : SwiP_nortos.oem4 (.text:SwiP_restore)
                  20010548    00000044     rtsv7M4_T_le_eabi.lib : autoinit.c.obj (.text:__TI_auto_init_nobinit_nopinit:__TI_auto_init_nobinit_nopinit)
                  2001058c    00000044                           : getdevice.c.obj (.text:getdevice)
                  200105d0    00000040     drivers_cc32xx.aem4 : I2C.oem4 (.text:I2C_open)
                  20010610    00000040     driverlib.a : pin.obj (.text:PinModeSet)
                  20010650    0000003e     rtsv7M4_T_le_eabi.lib : _printfi.c.obj (.text:_fcpy)
                  2001068e    00000002     --HOLE-- [fill = 0]
                  20010690    0000003c     nortos_cc32xx.aem4 : ClockPSysTick_nortos.oem4 (.text:ClockP_destruct)
                  200106cc    0000003c     drivers_cc32xx.aem4 : PowerCC32XX.oem4 (.text:Power_setConstraint)
                  20010708    0000003a     nortos_cc32xx.aem4 : PowerCC32XX_nortos.oem4 (.text:getCountsRTC)
                  20010742    00000038     config.obj (.text:CodecRegRead)
                  2001077a    00000038     config.obj (.text:ConfigureI2C)
                  200107b2    00000002     --HOLE-- [fill = 0]
                  200107b4    00000038     driverlib.a : prcm.obj (.text:PRCMLPDSEnterKeepDebugIf)
                  200107ec    00000038     rtsv7M4_T_le_eabi.lib : trgmsg.c.obj (.text:__TI_writemsg)
                  20010824    00000038     nortos_cc32xx.aem4 : ClockPSysTick_nortos.oem4 (.text:addToList)
                  2001085c    00000038                        : startup_cc32xx_ccs.oem4 (.text:initVectors)
                  20010894    00000038     drivers_cc32xx.aem4 : PowerCC32XX.oem4 (.text:notify)
                  200108cc    00000036     rtsv7M4_T_le_eabi.lib : strncpy.c.obj (.text:strncpy)
                  20010902    00000002     --HOLE-- [fill = 0]
                  20010904    00000034     nortos_cc32xx.aem4 : ClockPSysTick_nortos.oem4 (.text:ClockP_getTicksUntilInterrupt)
                  20010938    00000034                        : ClockPSysTick_nortos.oem4 (.text:ClockP_startup)
                  2001096c    00000034     driverlib.a : pin.obj (.text:PinModeGet)
                  200109a0    00000034     rtsv7M4_T_le_eabi.lib : fopen.c.obj (.text:__TI_cleanup)
                  200109d4    00000034                           : trgmsg.c.obj (.text:__TI_readmsg)
                  20010a08    00000030     nortos_cc32xx.aem4 : ClockPSysTick_nortos.oem4 (.text:ClockP_start)
                  20010a38    00000030     drivers_cc32xx.aem4 : PowerCC32XX.oem4 (.text:PowerCC32XX_restoreParkedPin)
                  20010a68    00000030     rtsv7M4_T_le_eabi.lib : getdevice.c.obj (.text:finddevice)
                  20010a98    0000002e     driverlib.a : i2s.obj (.text:I2SDataGet)
                  20010ac6    0000002e     rtsv7M4_T_le_eabi.lib : i_tofd_t2.asm.obj (.text)
                  20010af4    0000002c     driverlib.a : i2s.obj (.text:I2SDataPut)
                  20010b20    0000002c     rtsv7M4_T_le_eabi.lib : unlink.c.obj (.text:unlink)
                  20010b4c    0000002a     nortos_cc32xx.aem4 : HwiPCC32XX_nortos.oem4 (.text:HwiP_create)
                  20010b76    0000002a     driverlib.a : i2s.obj (.text:I2SGBLEnable)
                  20010ba0    00000028                 : prcm.obj (.text:PRCMPeripheralClkDisable)
                  20010bc8    00000028     drivers_cc32xx.aem4 : PowerCC32XX.oem4 (.text:Power_registerNotify)
                  20010bf0    00000028     rtsv7M4_T_le_eabi.lib : memory.c.obj (.text:free_list_insert)
                  20010c18    00000028                           : lseek.c.obj (.text:lseek)
                  20010c40    00000028                           : write.c.obj (.text:write)
                  20010c68    00000026     drivers_cc32xx.aem4 : List.oem4 (.text:List_put)
                  20010c8e    00000026                         : List.oem4 (.text:List_remove)
                  20010cb4    00000024     nortos_cc32xx.aem4 : HwiPCC32XX_nortos.oem4 (.text:HwiP_dispatch)
                  20010cd8    00000024     rtsv7M4_T_le_eabi.lib : boot_cortex_m.c.obj (.text:_c_int00_noargs:_c_int00_noargs)
                  20010cfc    00000020     config.obj (.text:CodecReset)
                  20010d1c    00000020     nortos_cc32xx.aem4 : HwiPCC32XX_nortos.oem4 (.text:HwiP_destruct)
                  20010d3c    00000020     drivers_cc32xx.aem4 : PowerCC32XX.oem4 (.text:Power_unregisterNotify)
                  20010d5c    00000020     rtsv7M4_T_le_eabi.lib : memchr.c.obj (.text:memchr)
                  20010d7c    0000001c     driverlib.a : pin.obj (.text:PinToPadGet)
                  20010d98    0000001c     nortos_cc32xx.aem4 : SwiP_nortos.oem4 (.text:SwiP_disable)
                  20010db4    0000001c     rtsv7M4_T_le_eabi.lib : copy_zero_init.c.obj (.text:decompress:ZI:__TI_zero_init_nomemset:__TI_zero_init_nomemset)
                  20010dd0    0000001c                           : memory.c.obj (.text:free_list_remove)
                  20010dec    0000001c                           : memccpy.c.obj (.text:memccpy)
                  20010e08    0000001a     driverlib.a : pin.obj (.text:PinTypeI2S)
                  20010e22    00000002     --HOLE-- [fill = 0]
                  20010e24    0000001a     nortos_cc32xx.aem4 : startup_cc32xx_ccs.oem4 (.text:resetISR)
                  20010e3e    00000002     --HOLE-- [fill = 0]
                  20010e40    00000018     drivers_cc32xx.aem4 : PowerCC32XX.oem4 (.text:Power_idleFunc)
                  20010e58    00000018     rtsv7M4_T_le_eabi.lib : ll_mul_t2.asm.obj (.text)
                  20010e70    00000018                           : strcmp.c.obj (.text:strcmp)
                  20010e88    00000016     driverlib.a : prcm.obj (.text:PRCMHIBRegRead)
                  20010e9e    00000016                 : prcm.obj (.text:PRCMHIBRegWrite)
                  20010eb4    00000016     nortos_cc32xx.aem4 : SemaphoreP_nortos.oem4 (.text:SemaphoreP_create)
                  20010eca    00000016     rtsv7M4_T_le_eabi.lib : strchr.c.obj (.text:strchr)
                  20010ee0    00000014     driverlib.a : cpu.obj (.text:CPUcpsid)
                  20010ef4    00000014     config.obj (.text:CodecPageSelect)
                  20010f08    00000014     nortos_cc32xx.aem4 : HwiPCC32XX_nortos.oem4 (.text:HwiP_inISR)
                  20010f1c    00000014     driverlib.a : interrupt.obj (.text:IntVTableBaseSet)
                  20010f30    00000014     drivers_cc32xx.aem4 : PowerCC32XX.oem4 (.text:Power_disablePolicy)
                  20010f44    00000014                         : PowerCC32XX.oem4 (.text:Power_getDependencyCount)
                  20010f58    00000014     rtsv7M4_T_le_eabi.lib : strcpy.c.obj (.text:strcpy)
                  20010f6c    00000014                           : strlen.c.obj (.text:strlen)
                  20010f80    00000012     nortos_cc32xx.aem4 : HwiPCC32XX_nortos.oem4 (.text:HwiP_Params_init)
                  20010f92    00000012     rtsv7M4_T_le_eabi.lib : wcslen.c.obj (.text:wcslen)
                  20010fa4    00000010     nortos_cc32xx.aem4 : ClockPSysTick_nortos.oem4 (.text:ClockP_add)
                  20010fb4    00000010                        : ClockPSysTick_nortos.oem4 (.text:ClockP_getCpuFreq)
                  20010fc4    00000010                        : ClockPSysTick_nortos.oem4 (.text:ClockP_getSystemTicks)
                  20010fd4    00000010                        : ClockPSysTick_nortos.oem4 (.text:ClockP_setTicks)
                  20010fe4    00000010                        : HwiPCC32XX_nortos.oem4 (.text:HwiP_delete)
                  20010ff4    00000010                        : HwiPCC32XX_nortos.oem4 (.text:HwiP_restore)
                  20011004    00000010     drivers_cc32xx.aem4 : I2C.oem4 (.text:I2C_Params_init)
                  20011014    00000010                         : PowerCC32XX.oem4 (.text:Power_enablePolicy)
                  20011024    00000010     nortos_cc32xx.aem4 : SemaphoreP_nortos.oem4 (.text:SemaphoreP_Params_init)
                  20011034    0000000e                        : HwiPCC32XX_nortos.oem4 (.text:HwiP_clearInterrupt)
                  20011042    0000000e                        : HwiPCC32XX_nortos.oem4 (.text:HwiP_disable)
                  20011050    0000000e                        : HwiPCC32XX_nortos.oem4 (.text:HwiP_disableInterrupt)
                  2001105e    0000000e                        : HwiPCC32XX_nortos.oem4 (.text:HwiP_enable)
                  2001106c    0000000e                        : HwiPCC32XX_nortos.oem4 (.text:HwiP_enableInterrupt)
                  2001107a    0000000e     rtsv7M4_T_le_eabi.lib : copy_decompress_none.c.obj (.text:decompress:none:__TI_decompress_none)
                  20011088    0000000c     CC3220S_LAUNCHXL.obj (.text:CC3220S_LAUNCHXL_initGeneral)
                  20011094    0000000c     drivers_cc32xx.aem4 : PowerCC32XX.oem4 (.text:Power_getConstraintMask)
                  200110a0    0000000c     rtsv7M4_T_le_eabi.lib : s_copysign.c.obj (.text:copysign)
                  200110ac    0000000c     drivers_cc32xx.aem4 : I2CCC32XX.oem4 (.text:postNotify)
                  200110b8    0000000a     nortos_cc32xx.aem4 : ClockPSysTick_nortos.oem4 (.text:ClockP_isActive)
                  200110c2    0000000a     drivers_cc32xx.aem4 : I2C.oem4 (.text:I2C_transfer)
                  200110cc    0000000a     driverlib.a : interrupt.obj (.text:IntMasterDisable)
                  200110d6    00000008     drivers_cc32xx.aem4 : I2CCC32XX.oem4 (.text:I2CCC32XX_blockingCallback)
                  200110de    00000002     --HOLE-- [fill = 0]
                  200110e0    00000008     rtsv7M4_T_le_eabi.lib : errno.c.obj (.text:__aeabi_errno_addr)
                  200110e8    00000008                           : memory.c.obj (.text:malloc)
                  200110f0    00000006     drivers_cc32xx.aem4 : I2CCC32XX.oem4 (.text:I2CCC32XX_control)
                  200110f6    00000006     driverlib.a : utils.obj (.text:UtilsDelay)
                  200110fc    00000004     nortos_cc32xx.aem4 : HwiPCC32XX_nortos.oem4 (.text:HwiP_post)
                  20011100    00000004                        : SemaphoreP_nortos.oem4 (.text:SemaphoreP_delete)
                  20011104    00000004     rtsv7M4_T_le_eabi.lib : printf.c.obj (.text:_outc)
                  20011108    00000004                           : printf.c.obj (.text:_outs)
                  2001110c    00000004                           : pre_init.c.obj (.text:_system_pre_init)
                  20011110    00000004                           : exit.c.obj (.text:abort:abort)

.ramVecs   0    20000000    0000030c     NOLOAD SECTION
                  20000000    0000030c     nortos_cc32xx.aem4 : startup_cc32xx_ccs.oem4 (.ramVecs)

.stack     0    20003000    00001000     UNINITIALIZED
                  20003000    00000004     rtsv7M4_T_le_eabi.lib : boot_cortex_m.c.obj (.stack)
                  20003004    00000ffc     --HOLE--

.resetVecs 
*          0    20004000    00000040     
                  20004000    00000040     nortos_cc32xx.aem4 : startup_cc32xx_ccs.oem4 (.resetVecs:retain)

.sysmem    0    20004040    00008000     UNINITIALIZED
                  20004040    00000010     rtsv7M4_T_le_eabi.lib : memory.c.obj (.sysmem)
                  20004050    00007ff0     --HOLE--

.const     0    20011888    00000454     
                  20011888    00000101     rtsv7M4_T_le_eabi.lib : ctype.c.obj (.const:.string:_ctypes_)
                  20011989    00000003     --HOLE-- [fill = 0]
                  2001198c    00000100     driverlib.a : pin.obj (.const:g_ulPinToPadMap)
                  20011a8c    000000a8                 : prcm.obj (.const:PRCM_PeriphRegsList)
                  20011b34    00000040     CC3220S_LAUNCHXL.obj (.const:PowerCC32XX_config)
                  20011b74    0000002c     config.obj (.const:$P$T0$1)
                  20011ba0    0000002c     config.obj (.const:$P$T1$2)
                  20011bcc    0000002c     config.obj (.const:$P$T2$3)
                  20011bf8    0000002c     config.obj (.const:$P$T3$4)
                  20011c24    0000002c     config.obj (.const:$P$T4$5)
                  20011c50    00000018     drivers_cc32xx.aem4 : I2CCC32XX.oem4 (.const:I2CCC32XX_fxnTable)
                  20011c68    00000018     driverlib.a : interrupt.obj (.const:g_pulEnRegs)
                  20011c80    00000018                 : interrupt.obj (.const:g_pulPendRegs)
                  20011c98    00000010     drivers_cc32xx.aem4 : I2C.oem4 (.const:I2C_defaultParams)
                  20011ca8    00000010     CC3220S_LAUNCHXL.obj (.const:i2cCC3220SHWAttrs)
                  20011cb8    0000000d     CC3220S_LAUNCHXL.obj (.const)
                  20011cc5    00000003     --HOLE-- [fill = 0]
                  20011cc8    0000000c     CC3220S_LAUNCHXL.obj (.const:I2C_config)
                  20011cd4    00000008     drivers_cc32xx.aem4 : I2CCC32XX.oem4 (.const:bitRate)

.cinit     0    20012048    00000130     
                  20012048    00000109     (.cinit..data.load) [load image, compression = lzss]
                  20012151    00000003     --HOLE-- [fill = 0]
                  20012154    0000000c     (__TI_handler_table)
                  20012160    00000008     (.cinit..bss.load) [load image, compression = zero_init]
                  20012168    00000010     (__TI_cinit_table)

.init_array 
*          0    20004000    00000000     UNINITIALIZED

.data      0    20011114    00000771     UNINITIALIZED
                  20011114    0000030c     nortos_cc32xx.aem4 : HwiPCC32XX_nortos.oem4 (.data:HwiP_dispatchTable)
                  20011420    0000016c     drivers_cc32xx.aem4 : PowerCC32XX.oem4 (.data:PowerCC32XX_module)
                  2001158c    000000f8     CC3220S_LAUNCHXL.obj (.data:parkInfo)
                  20011684    000000f0     rtsv7M4_T_le_eabi.lib : defs.c.obj (.data:_ftable)
                  20011774    00000078                           : host_device.c.obj (.data:_device)
                  200117ec    00000050                           : host_device.c.obj (.data:_stream)
                  2001183c    00000010                           : defs.c.obj (.data)
                  2001184c    0000000c                           : exit.c.obj (.data:$O1$$)
                  20011858    00000008                           : _lock.c.obj (.data:$O1$$)
                  20011860    00000008                           : memory.c.obj (.data:$O1$$)
                  20011868    00000008     nortos_cc32xx.aem4 : SemaphoreP_nortos.oem4 (.data:SemaphoreP_defaultParams)
                  20011870    00000008                        : HwiPCC32XX_nortos.oem4 (.data)
                  20011878    00000005                        : ClockPSysTick_nortos.oem4 (.data)
                  2001187d    00000003                        : SemaphoreP_nortos.oem4 (.data)
                  20011880    00000004     rtsv7M4_T_le_eabi.lib : errno.c.obj (.data)
                  20011884    00000001     drivers_cc32xx.aem4 : I2C.oem4 (.data)

.bss       0    20011ce0    00000365     UNINITIALIZED
                  20011ce0    0000012c     (.common:PowerCC32XX_contextSave)
                  20011e0c    00000120     rtsv7M4_T_le_eabi.lib : trgmsg.c.obj (.bss:_CIOBUF_)
                  20011f2c    000000a0     (.common:__TI_tmpnams)
                  20011fcc    00000050     (.common:i2cCC3220SObjects)
                  2001201c    00000004     nortos_cc32xx.aem4 : ClockPSysTick_nortos.oem4 (.bss)
                  20012020    00000010     (.common:ClockP_ctrl)
                  20012030    0000000d                        : SwiP_nortos.oem4 (.bss)
                  2001203d    00000008     (.common:parmbuf)

MODULE SUMMARY

       Module                       code    ro data   rw data
       ------                       ----    -------   -------
    .\
       config.obj                   1042    220       0      
       CC3220S_LAUNCHXL.obj         12      105       328    
       main_nortos.obj              192     0         0      
    +--+----------------------------+-------+---------+---------+
       Total:                       1246    325       328    
                                                             
    C:/ti/simplelink_cc32xx_sdk_3_20_00_06/kernel/nortos/lib/nortos_cc32xx.aem4
       HwiPCC32XX_nortos.oem4       394     0         788    
       startup_cc32xx_ccs.oem4      90      64        780    
       ClockPSysTick_nortos.oem4    582     0         25     
       PowerCC32XX_nortos.oem4      468     0         0      
       SemaphoreP_nortos.oem4       352     0         11     
       SwiP_nortos.oem4             96      0         13     
    +--+----------------------------+-------+---------+---------+
       Total:                       1982    64        1617   
                                                             
    C:/ti/simplelink_cc32xx_sdk_3_20_00_06/source/ti/devices/cc32xx/driverlib/ccs/Release/driverlib.a
       prcm.obj                     1692    168       0      
       i2s.obj                      568     0         0      
       pin.obj                      306     256       0      
       interrupt.obj                334     48        0      
       flash.obj                    72      0         0      
       cpu.obj                      20      0         0      
       utils.obj                    6       0         0      
    +--+----------------------------+-------+---------+---------+
       Total:                       2998    472       0      
                                                             
    C:/ti/simplelink_cc32xx_sdk_3_20_00_06/source/ti/drivers/lib/drivers_cc32xx.aem4
       PowerCC32XX.oem4             2148    0         664    
       I2CCC32XX.oem4               1288    32        0      
       I2C.oem4                     158     16        1      
       PowerCC32XX_asm.oem4         150     0         0      
       List.oem4                    76      0         0      
    +--+----------------------------+-------+---------+---------+
       Total:                       3820    48        665    
                                                             
    C:\ti\ccs910\ccs\tools\compiler\ti-cgt-arm_18.12.2.LTS\lib\rtsv7M4_T_le_eabi.lib
       _printfi.c.obj               4835    0         0      
       memory.c.obj                 676     0         8      
       fd_add_t2.asm.obj            438     0         0      
       defs.c.obj                   0       0         416    
       trgmsg.c.obj                 108     0         288    
       fd_div_t2.asm.obj            310     0         0      
       fputs.c.obj                  276     0         0      
       fd_cmp_t2.asm.obj            268     0         0      
       ctype.c.obj                  0       257       0      
       fd_mul_t2.asm.obj            252     0         0      
       setvbuf.c.obj                220     0         0      
       s_scalbn.c.obj               208     0         0      
       host_device.c.obj            0       0         200    
       memcpy_t2.asm.obj            156     0         0      
       ull_div_t2.asm.obj           150     0         0      
       fputc.c.obj                  140     0         0      
       memset_t2.asm.obj            122     0         0      
       fclose.c.obj                 116     0         0      
       getdevice.c.obj              116     0         0      
       printf.c.obj                 112     0         0      
       copy_decompress_lzss.c.obj   104     0         0      
       hostlseek.c.obj              104     0         0      
       hostopen.c.obj               96      0         8      
       hostrename.c.obj             104     0         0      
       fseek.c.obj                  100     0         0      
       _io_perm.c.obj               98      0         0      
       close.c.obj                  92      0         0      
       s_frexp.c.obj                92      0         0      
       exit.c.obj                   76      0         12     
       hostread.c.obj               88      0         0      
       hostwrite.c.obj              88      0         0      
       ltoa.c.obj                   84      0         0      
       atoi.c.obj                   76      0         0      
       fflush.c.obj                 76      0         0      
       fd_toi_t2.asm.obj            72      0         0      
       autoinit.c.obj               68      0         0      
       hostclose.c.obj              68      0         0      
       hostunlink.c.obj             68      0         0      
       strncpy.c.obj                54      0         0      
       fopen.c.obj                  52      0         0      
       i_tofd_t2.asm.obj            46      0         0      
       unlink.c.obj                 44      0         0      
       lseek.c.obj                  40      0         0      
       write.c.obj                  40      0         0      
       boot_cortex_m.c.obj          36      0         0      
       memchr.c.obj                 32      0         0      
       copy_zero_init.c.obj         28      0         0      
       memccpy.c.obj                28      0         0      
       ll_mul_t2.asm.obj            24      0         0      
       strcmp.c.obj                 24      0         0      
       strchr.c.obj                 22      0         0      
       strcpy.c.obj                 20      0         0      
       strlen.c.obj                 20      0         0      
       wcslen.c.obj                 18      0         0      
       copy_decompress_none.c.obj   14      0         0      
       errno.c.obj                  8       0         4      
       s_copysign.c.obj             12      0         0      
       _lock.c.obj                  2       0         8      
       pre_init.c.obj               4       0         0      
       div0.asm.obj                 2       0         0      
    +--+----------------------------+-------+---------+---------+
       Total:                       10627   257       944    
                                                             
       Heap:                        0       0         32768  
       Stack:                       0       0         4096   
       Linker Generated:            0       301       0      
    +--+----------------------------+-------+---------+---------+
       Grand Total:                 20673   1467      40418  


LINKER GENERATED COPY TABLES

__TI_cinit_table @ 20012168 records: 2, size/record: 8, table size: 16
	.data: load addr=20012048, load size=00000109 bytes, run addr=20011114, run size=00000771 bytes, compression=lzss
	.bss: load addr=20012160, load size=00000008 bytes, run addr=20011ce0, run size=00000365 bytes, compression=zero_init


LINKER GENERATED HANDLER TABLE

__TI_handler_table @ 20012154 records: 3, size/record: 4, table size: 12
	index: 0, handler: __TI_decompress_lzss
	index: 1, handler: __TI_decompress_none
	index: 2, handler: __TI_zero_init


GLOBAL SYMBOLS: SORTED ALPHABETICALLY BY Name 

address   name                           
-------   ----                           
20011cb8  ADC_count                      
20011111  C$$EXIT                        
2001081b  C$$IO$$                        
20011089  CC3220S_LAUNCHXL_initGeneral   
20010ee1  CPUcpsid                       
20011cb9  Capture_count                  
20010fa5  ClockP_add                     
20012020  ClockP_ctrl                    
20010691  ClockP_destruct                
2000fecd  ClockP_doTick                  
20010fb5  ClockP_getCpuFreq              
20010fc5  ClockP_getSystemTicks          
20010905  ClockP_getTicksUntilInterrupt  
200110b9  ClockP_isActive                
20010fd5  ClockP_setTicks                
20010a09  ClockP_start                   
20010939  ClockP_startup                 
200102e5  ClockP_stop                    
2000fecd  ClockP_sysTickHandler          
20011878  ClockP_tickPeriod              
2000cebd  ConfigureAudioCodec            
2001077b  ConfigureI2C                   
2000ef09  ConfigureI2S                   
20011cba  CryptoCC32XX_count             
20011cbb  Display_count                  
200100ed  FlashDisable                   
20010329  HOSTclose                      
2000f721  HOSTlseek                      
2000f9f1  HOSTopen                       
2000fbc5  HOSTread                       
2000f789  HOSTrename                     
2001036d  HOSTunlink                     
2000fc1d  HOSTwrite                      
20010f81  HwiP_Params_init               
20011035  HwiP_clearInterrupt            
2000edf1  HwiP_construct                 
20010b4d  HwiP_create                    
20010fe5  HwiP_delete                    
20010d1d  HwiP_destruct                  
20011043  HwiP_disable                   
20011051  HwiP_disableInterrupt          
20010cb5  HwiP_dispatch                  
2001105f  HwiP_enable                    
2001106d  HwiP_enableInterrupt           
20010f09  HwiP_inISR                     
20011870  HwiP_key                       
200110fd  HwiP_post                      
20010ff5  HwiP_restore                   
20011874  HwiP_swiPIntNum                
2000f4c5  I2CCC32XX_cancel               
2000f235  I2CCC32XX_close                
200110f1  I2CCC32XX_control              
20011c50  I2CCC32XX_fxnTable             
2000ca8f  I2CCC32XX_init                 
2000e10d  I2CCC32XX_open                 
2000eccf  I2CCC32XX_transfer             
20011005  I2C_Params_init                
20011cc8  I2C_config                     
20011cbc  I2C_count                      
20011c98  I2C_defaultParams              
200103b1  I2C_init                       
200105d1  I2C_open                       
200110c3  I2C_transfer                   
2000e3f9  I2SConfigSetExpClk             
20010a99  I2SDataGet                     
20010af5  I2SDataPut                     
2000f2b9  I2SEnable                      
200103f5  I2SSerializerConfig            
20011cbd  I2S_count                      
2000e9ad  IntEnable                      
200110cd  IntMasterDisable               
2000ef91  IntPendSet                     
20010f1d  IntVTableBaseSet               
20010c69  List_put                       
20010c8f  List_remove                    
2001105f  NoRTOS_start                   
2000ca91  PRCMCC3200MCUInit              
20010e89  PRCMHIBRegRead                 
20010e9f  PRCMHIBRegWrite                
2000fc75  PRCMI2SClockFreqSet            
20010135  PRCMLPDSEnter                  
200107b5  PRCMLPDSEnterKeepDebugIf       
20010439  PRCMLPDSRestoreInfoSet         
20010ba1  PRCMPeripheralClkDisable       
2001017d  PRCMPeripheralClkEnable        
2000fccd  PRCMPeripheralReset            
2000fa51  PRCMSysResetCauseGet           
20011cbe  PWM_count                      
2000f019  PinConfigSet                   
2001096d  PinModeGet                     
20010611  PinModeSet                     
20010d7d  PinToPadGet                    
20010e09  PinTypeI2S                     
20011b34  PowerCC32XX_config             
2000ea55  PowerCC32XX_configureWakeup    
20011ce0  PowerCC32XX_contextSave        
2001047d  PowerCC32XX_enterLPDS          
2000d747  PowerCC32XX_initPolicy         
20011420  PowerCC32XX_module             
2000ffbd  PowerCC32XX_parkPin            
20010a39  PowerCC32XX_restoreParkedPin   
2000fe27  PowerCC32XX_resumeLPDS         
2000d749  PowerCC32XX_sleepPolicy        
20010f31  Power_disablePolicy            
20011015  Power_enablePolicy             
20011095  Power_getConstraintMask        
20010f45  Power_getDependencyCount       
20010e41  Power_idleFunc                 
2000f33d  Power_init                     
20010bc9  Power_registerNotify           
200101c5  Power_releaseConstraint        
2000fd25  Power_releaseDependency        
200106cd  Power_setConstraint            
2000f445  Power_setDependency            
2000dedd  Power_sleep                    
20010d3d  Power_unregisterNotify         
20011cbf  SDFatFS_count                  
20011cc0  SD_count                       
20011cc1  SPI_count                      
20011025  SemaphoreP_Params_init         
2000ff6d  SemaphoreP_construct           
20010eb5  SemaphoreP_create              
20011868  SemaphoreP_defaultParams       
20011101  SemaphoreP_delete              
2000eafd  SemaphoreP_pend                
200104c1  SemaphoreP_post                
20010d99  SwiP_disable                   
20010505  SwiP_restore                   
20011cc2  Timer_count                    
20011cc3  UART_count                     
200110f7  UtilsDelay                     
20011cc4  Watchdog_count                 
20011e0c  __CIOBUF_                      
20004000  __STACK_END                    
00001000  __STACK_SIZE                   
00008000  __SYSMEM_SIZE                  
20012168  __TI_CINIT_Base                
20012178  __TI_CINIT_Limit               
20012154  __TI_Handler_Table_Base        
20012160  __TI_Handler_Table_Limit       
20010549  __TI_auto_init_nobinit_nopinit 
200109a1  __TI_cleanup                   
2001184c  __TI_cleanup_ptr               
2000f63d  __TI_closefile                 
2000f7f1  __TI_decompress_lzss           
2001107b  __TI_decompress_none           
20010009  __TI_doflush                   
20011850  __TI_dtors_ptr                 
20011854  __TI_enable_exit_profile_output
2001183c  __TI_ft_end                    
ffffffff  __TI_pprof_out_hndl            
2000c041  __TI_printfi                   
ffffffff  __TI_prof_data_size            
ffffffff  __TI_prof_data_start           
200109d5  __TI_readmsg                   
20012048  __TI_static_base__             
20011f2c  __TI_tmpnams                   
200107ed  __TI_writemsg                  
2000f98d  __TI_wrt_ok                    
20010db5  __TI_zero_init_nomemset        
2000f127  __aeabi_cdcmpeq                
2000f127  __aeabi_cdcmple                
2000f1ad  __aeabi_cdrcmple               
20010255  __aeabi_d2iz                   
2000d59b  __aeabi_dadd                   
2000db65  __aeabi_ddiv                   
2000e209  __aeabi_dmul                   
2000d591  __aeabi_dsub                   
200110e1  __aeabi_errno_addr             
20010ac7  __aeabi_i2d                    
2000f71f  __aeabi_idiv0                  
2000f71f  __aeabi_ldiv0                  
20010e59  __aeabi_lmul                   
2000f5c1  __aeabi_memclr                 
2000f5c1  __aeabi_memclr4                
2000f5c1  __aeabi_memclr8                
2000eb9d  __aeabi_memcpy                 
2000eb9d  __aeabi_memcpy4                
2000eb9d  __aeabi_memcpy8                
2000f5c3  __aeabi_memset                 
2000f5c3  __aeabi_memset4                
2000f5c3  __aeabi_memset8                
20011848  __aeabi_stderr                 
20011840  __aeabi_stdin                  
20011844  __aeabi_stdout                 
2000ec39  __aeabi_uldivmod               
ffffffff  __binit__                      
ffffffff  __c_args__                     
UNDEFED   __mpu_init                     
20003000  __stack                        
20010cd9  _c_int00_noargs                
20011888  _ctypes_                       
20011774  _device                        
20011684  _ftable                        
20011858  _lock                          
2000ddbb  _nop                           
200117ec  _stream                        
20004040  _sys_memory                    
UNDEFED   _system_post_cinit             
2001110d  _system_pre_init               
2001185c  _unlock                        
20011111  abort                          
2000e305  aligned_alloc                  
20010055  atoi                           
ffffffff  binit                          
2000ed5f  clkFxn                         
2000fab1  close                          
200110a1  copysign                       
200110a1  copysignl                      
20011880  errno                          
2001020d  exit                           
20010a69  finddevice                     
2000ee7d  fputc                          
2000dff9  fputs                          
2000e4e5  free                           
2000fb0d  frexp                          
2000fb0d  frexpl                         
2000f929  fseek                          
2001058d  getdevice                      
20011ca8  i2cCC3220SHWAttrs              
20011fcc  i2cCC3220SObjects              
2001085d  initVectors                    
2000e6a9  ldexp                          
2000e6a9  ldexpl                         
20010c19  lseek                          
2000fdd3  ltoa                           
2000e779  main                           
200110e9  malloc                         
2000e305  memalign                       
20010ded  memccpy                        
20010d5d  memchr                         
2000eb9d  memcpy                         
2000f5c9  memset                         
2001158c  parkInfo                       
2001203d  parmbuf                        
2000f8c1  printf                         
2000ee7d  putc                           
20010b21  remove                         
20010e25  resetISR                       
20010e38  resetVectorAddr                
20004000  resetVectors                   
2000e6a9  scalbn                         
2000e6a9  scalbnl                        
2000e5cd  setvbuf                        
20010ecb  strchr                         
20010e71  strcmp                         
20010f59  strcpy                         
20010f6d  strlen                         
200108cd  strncpy                        
20010b21  unlink                         
20010f93  wcslen                         
20010c41  write                          


GLOBAL SYMBOLS: SORTED BY Symbol Address 

address   name                           
-------   ----                           
00001000  __STACK_SIZE                   
00008000  __SYSMEM_SIZE                  
20003000  __stack                        
20004000  __STACK_END                    
20004000  resetVectors                   
20004040  _sys_memory                    
2000c041  __TI_printfi                   
2000ca8f  I2CCC32XX_init                 
2000ca91  PRCMCC3200MCUInit              
2000cebd  ConfigureAudioCodec            
2000d591  __aeabi_dsub                   
2000d59b  __aeabi_dadd                   
2000d747  PowerCC32XX_initPolicy         
2000d749  PowerCC32XX_sleepPolicy        
2000db65  __aeabi_ddiv                   
2000ddbb  _nop                           
2000dedd  Power_sleep                    
2000dff9  fputs                          
2000e10d  I2CCC32XX_open                 
2000e209  __aeabi_dmul                   
2000e305  aligned_alloc                  
2000e305  memalign                       
2000e3f9  I2SConfigSetExpClk             
2000e4e5  free                           
2000e5cd  setvbuf                        
2000e6a9  ldexp                          
2000e6a9  ldexpl                         
2000e6a9  scalbn                         
2000e6a9  scalbnl                        
2000e779  main                           
2000e9ad  IntEnable                      
2000ea55  PowerCC32XX_configureWakeup    
2000eafd  SemaphoreP_pend                
2000eb9d  __aeabi_memcpy                 
2000eb9d  __aeabi_memcpy4                
2000eb9d  __aeabi_memcpy8                
2000eb9d  memcpy                         
2000ec39  __aeabi_uldivmod               
2000eccf  I2CCC32XX_transfer             
2000ed5f  clkFxn                         
2000edf1  HwiP_construct                 
2000ee7d  fputc                          
2000ee7d  putc                           
2000ef09  ConfigureI2S                   
2000ef91  IntPendSet                     
2000f019  PinConfigSet                   
2000f127  __aeabi_cdcmpeq                
2000f127  __aeabi_cdcmple                
2000f1ad  __aeabi_cdrcmple               
2000f235  I2CCC32XX_close                
2000f2b9  I2SEnable                      
2000f33d  Power_init                     
2000f445  Power_setDependency            
2000f4c5  I2CCC32XX_cancel               
2000f5c1  __aeabi_memclr                 
2000f5c1  __aeabi_memclr4                
2000f5c1  __aeabi_memclr8                
2000f5c3  __aeabi_memset                 
2000f5c3  __aeabi_memset4                
2000f5c3  __aeabi_memset8                
2000f5c9  memset                         
2000f63d  __TI_closefile                 
2000f71f  __aeabi_idiv0                  
2000f71f  __aeabi_ldiv0                  
2000f721  HOSTlseek                      
2000f789  HOSTrename                     
2000f7f1  __TI_decompress_lzss           
2000f8c1  printf                         
2000f929  fseek                          
2000f98d  __TI_wrt_ok                    
2000f9f1  HOSTopen                       
2000fa51  PRCMSysResetCauseGet           
2000fab1  close                          
2000fb0d  frexp                          
2000fb0d  frexpl                         
2000fbc5  HOSTread                       
2000fc1d  HOSTwrite                      
2000fc75  PRCMI2SClockFreqSet            
2000fccd  PRCMPeripheralReset            
2000fd25  Power_releaseDependency        
2000fdd3  ltoa                           
2000fe27  PowerCC32XX_resumeLPDS         
2000fecd  ClockP_doTick                  
2000fecd  ClockP_sysTickHandler          
2000ff6d  SemaphoreP_construct           
2000ffbd  PowerCC32XX_parkPin            
20010009  __TI_doflush                   
20010055  atoi                           
200100ed  FlashDisable                   
20010135  PRCMLPDSEnter                  
2001017d  PRCMPeripheralClkEnable        
200101c5  Power_releaseConstraint        
2001020d  exit                           
20010255  __aeabi_d2iz                   
200102e5  ClockP_stop                    
20010329  HOSTclose                      
2001036d  HOSTunlink                     
200103b1  I2C_init                       
200103f5  I2SSerializerConfig            
20010439  PRCMLPDSRestoreInfoSet         
2001047d  PowerCC32XX_enterLPDS          
200104c1  SemaphoreP_post                
20010505  SwiP_restore                   
20010549  __TI_auto_init_nobinit_nopinit 
2001058d  getdevice                      
200105d1  I2C_open                       
20010611  PinModeSet                     
20010691  ClockP_destruct                
200106cd  Power_setConstraint            
2001077b  ConfigureI2C                   
200107b5  PRCMLPDSEnterKeepDebugIf       
200107ed  __TI_writemsg                  
2001081b  C$$IO$$                        
2001085d  initVectors                    
200108cd  strncpy                        
20010905  ClockP_getTicksUntilInterrupt  
20010939  ClockP_startup                 
2001096d  PinModeGet                     
200109a1  __TI_cleanup                   
200109d5  __TI_readmsg                   
20010a09  ClockP_start                   
20010a39  PowerCC32XX_restoreParkedPin   
20010a69  finddevice                     
20010a99  I2SDataGet                     
20010ac7  __aeabi_i2d                    
20010af5  I2SDataPut                     
20010b21  remove                         
20010b21  unlink                         
20010b4d  HwiP_create                    
20010ba1  PRCMPeripheralClkDisable       
20010bc9  Power_registerNotify           
20010c19  lseek                          
20010c41  write                          
20010c69  List_put                       
20010c8f  List_remove                    
20010cb5  HwiP_dispatch                  
20010cd9  _c_int00_noargs                
20010d1d  HwiP_destruct                  
20010d3d  Power_unregisterNotify         
20010d5d  memchr                         
20010d7d  PinToPadGet                    
20010d99  SwiP_disable                   
20010db5  __TI_zero_init_nomemset        
20010ded  memccpy                        
20010e09  PinTypeI2S                     
20010e25  resetISR                       
20010e38  resetVectorAddr                
20010e41  Power_idleFunc                 
20010e59  __aeabi_lmul                   
20010e71  strcmp                         
20010e89  PRCMHIBRegRead                 
20010e9f  PRCMHIBRegWrite                
20010eb5  SemaphoreP_create              
20010ecb  strchr                         
20010ee1  CPUcpsid                       
20010f09  HwiP_inISR                     
20010f1d  IntVTableBaseSet               
20010f31  Power_disablePolicy            
20010f45  Power_getDependencyCount       
20010f59  strcpy                         
20010f6d  strlen                         
20010f81  HwiP_Params_init               
20010f93  wcslen                         
20010fa5  ClockP_add                     
20010fb5  ClockP_getCpuFreq              
20010fc5  ClockP_getSystemTicks          
20010fd5  ClockP_setTicks                
20010fe5  HwiP_delete                    
20010ff5  HwiP_restore                   
20011005  I2C_Params_init                
20011015  Power_enablePolicy             
20011025  SemaphoreP_Params_init         
20011035  HwiP_clearInterrupt            
20011043  HwiP_disable                   
20011051  HwiP_disableInterrupt          
2001105f  HwiP_enable                    
2001105f  NoRTOS_start                   
2001106d  HwiP_enableInterrupt           
2001107b  __TI_decompress_none           
20011089  CC3220S_LAUNCHXL_initGeneral   
20011095  Power_getConstraintMask        
200110a1  copysign                       
200110a1  copysignl                      
200110b9  ClockP_isActive                
200110c3  I2C_transfer                   
200110cd  IntMasterDisable               
200110e1  __aeabi_errno_addr             
200110e9  malloc                         
200110f1  I2CCC32XX_control              
200110f7  UtilsDelay                     
200110fd  HwiP_post                      
20011101  SemaphoreP_delete              
2001110d  _system_pre_init               
20011111  C$$EXIT                        
20011111  abort                          
20011420  PowerCC32XX_module             
2001158c  parkInfo                       
20011684  _ftable                        
20011774  _device                        
200117ec  _stream                        
2001183c  __TI_ft_end                    
20011840  __aeabi_stdin                  
20011844  __aeabi_stdout                 
20011848  __aeabi_stderr                 
2001184c  __TI_cleanup_ptr               
20011850  __TI_dtors_ptr                 
20011854  __TI_enable_exit_profile_output
20011858  _lock                          
2001185c  _unlock                        
20011868  SemaphoreP_defaultParams       
20011870  HwiP_key                       
20011874  HwiP_swiPIntNum                
20011878  ClockP_tickPeriod              
20011880  errno                          
20011888  _ctypes_                       
20011b34  PowerCC32XX_config             
20011c50  I2CCC32XX_fxnTable             
20011c98  I2C_defaultParams              
20011ca8  i2cCC3220SHWAttrs              
20011cb8  ADC_count                      
20011cb9  Capture_count                  
20011cba  CryptoCC32XX_count             
20011cbb  Display_count                  
20011cbc  I2C_count                      
20011cbd  I2S_count                      
20011cbe  PWM_count                      
20011cbf  SDFatFS_count                  
20011cc0  SD_count                       
20011cc1  SPI_count                      
20011cc2  Timer_count                    
20011cc3  UART_count                     
20011cc4  Watchdog_count                 
20011cc8  I2C_config                     
20011ce0  PowerCC32XX_contextSave        
20011e0c  __CIOBUF_                      
20011f2c  __TI_tmpnams                   
20011fcc  i2cCC3220SObjects              
20012020  ClockP_ctrl                    
2001203d  parmbuf                        
20012048  __TI_static_base__             
20012154  __TI_Handler_Table_Base        
20012160  __TI_Handler_Table_Limit       
20012168  __TI_CINIT_Base                
20012178  __TI_CINIT_Limit               
ffffffff  __TI_pprof_out_hndl            
ffffffff  __TI_prof_data_size            
ffffffff  __TI_prof_data_start           
ffffffff  __binit__                      
ffffffff  __c_args__                     
ffffffff  binit                          
UNDEFED   __mpu_init                     
UNDEFED   _system_post_cinit             

[252 symbols]
