<?xml version="1.0" encoding="ISO-8859-1" ?>
<link_info>
   <banner>TI ARM Linker PC v18.12.2.LTS</banner>
   <copyright>Copyright (c) 1996-2018 Texas Instruments Incorporated</copyright>
   <link_time>0x5d7758da</link_time>
   <link_errors>0x0</link_errors>
   <output_file>audioSine1kHz.out</output_file>
   <entry_point>
      <name>resetISR</name>
      <address>0x20010ec9</address>
   </entry_point>
   <input_file_list>
      <input_file id="fl-2">
         <path>.\</path>
         <kind>object</kind>
         <file>CC3220S_LAUNCHXL.obj</file>
         <name>CC3220S_LAUNCHXL.obj</name>
      </input_file>
      <input_file id="fl-3">
         <path>.\</path>
         <kind>object</kind>
         <file>config.obj</file>
         <name>config.obj</name>
      </input_file>
      <input_file id="fl-4">
         <path>.\</path>
         <kind>object</kind>
         <file>main_nortos.obj</file>
         <name>main_nortos.obj</name>
      </input_file>
      <input_file id="fl-f">
         <kind>object</kind>
         <file>&lt;internal&gt;</file>
         <name>&lt;internal&gt;</name>
      </input_file>
      <input_file id="fl-10">
         <path>C:\ti\simplelink_cc32xx_sdk_3_20_00_06\source\ti\display\lib\</path>
         <kind>archive</kind>
         <file>display.aem4</file>
         <name>DisplayUart.oem4</name>
      </input_file>
      <input_file id="fl-11">
         <path>C:\ti\simplelink_cc32xx_sdk_3_20_00_06\source\ti\drivers\lib\</path>
         <kind>archive</kind>
         <file>drivers_cc32xx.aem4</file>
         <name>ADCCC32XX.oem4</name>
      </input_file>
      <input_file id="fl-12">
         <path>C:\ti\simplelink_cc32xx_sdk_3_20_00_06\source\ti\drivers\lib\</path>
         <kind>archive</kind>
         <file>drivers_cc32xx.aem4</file>
         <name>CaptureCC32XX.oem4</name>
      </input_file>
      <input_file id="fl-13">
         <path>C:\ti\simplelink_cc32xx_sdk_3_20_00_06\source\ti\drivers\lib\</path>
         <kind>archive</kind>
         <file>drivers_cc32xx.aem4</file>
         <name>I2C.oem4</name>
      </input_file>
      <input_file id="fl-14">
         <path>C:\ti\simplelink_cc32xx_sdk_3_20_00_06\source\ti\drivers\lib\</path>
         <kind>archive</kind>
         <file>drivers_cc32xx.aem4</file>
         <name>I2CCC32XX.oem4</name>
      </input_file>
      <input_file id="fl-15">
         <path>C:\ti\simplelink_cc32xx_sdk_3_20_00_06\source\ti\drivers\lib\</path>
         <kind>archive</kind>
         <file>drivers_cc32xx.aem4</file>
         <name>PowerCC32XX.oem4</name>
      </input_file>
      <input_file id="fl-16">
         <path>C:\ti\simplelink_cc32xx_sdk_3_20_00_06\source\ti\drivers\lib\</path>
         <kind>archive</kind>
         <file>drivers_cc32xx.aem4</file>
         <name>PowerCC32XX_asm.oem4</name>
      </input_file>
      <input_file id="fl-17">
         <path>C:\ti\simplelink_cc32xx_sdk_3_20_00_06\source\ti\drivers\lib\</path>
         <kind>archive</kind>
         <file>drivers_cc32xx.aem4</file>
         <name>PWMTimerCC32XX.oem4</name>
      </input_file>
      <input_file id="fl-18">
         <path>C:\ti\simplelink_cc32xx_sdk_3_20_00_06\source\ti\drivers\lib\</path>
         <kind>archive</kind>
         <file>drivers_cc32xx.aem4</file>
         <name>SDHostCC32XX.oem4</name>
      </input_file>
      <input_file id="fl-19">
         <path>C:\ti\simplelink_cc32xx_sdk_3_20_00_06\source\ti\drivers\lib\</path>
         <kind>archive</kind>
         <file>drivers_cc32xx.aem4</file>
         <name>SPICC32XXDMA.oem4</name>
      </input_file>
      <input_file id="fl-1a">
         <path>C:\ti\simplelink_cc32xx_sdk_3_20_00_06\source\ti\drivers\lib\</path>
         <kind>archive</kind>
         <file>drivers_cc32xx.aem4</file>
         <name>TimerCC32XX.oem4</name>
      </input_file>
      <input_file id="fl-1b">
         <path>C:\ti\simplelink_cc32xx_sdk_3_20_00_06\source\ti\drivers\lib\</path>
         <kind>archive</kind>
         <file>drivers_cc32xx.aem4</file>
         <name>UART.oem4</name>
      </input_file>
      <input_file id="fl-1c">
         <path>C:\ti\simplelink_cc32xx_sdk_3_20_00_06\source\ti\drivers\lib\</path>
         <kind>archive</kind>
         <file>drivers_cc32xx.aem4</file>
         <name>UARTCC32XX.oem4</name>
      </input_file>
      <input_file id="fl-1d">
         <path>C:\ti\simplelink_cc32xx_sdk_3_20_00_06\source\ti\drivers\lib\</path>
         <kind>archive</kind>
         <file>drivers_cc32xx.aem4</file>
         <name>WatchdogCC32XX.oem4</name>
      </input_file>
      <input_file id="fl-1e">
         <path>C:\ti\simplelink_cc32xx_sdk_3_20_00_06\source\ti\drivers\lib\</path>
         <kind>archive</kind>
         <file>drivers_cc32xx.aem4</file>
         <name>List.oem4</name>
      </input_file>
      <input_file id="fl-1f">
         <path>C:\ti\simplelink_cc32xx_sdk_3_20_00_06\source\ti\drivers\lib\</path>
         <kind>archive</kind>
         <file>drivers_cc32xx.aem4</file>
         <name>RingBuf.oem4</name>
      </input_file>
      <input_file id="fl-20">
         <path>C:\ti\simplelink_cc32xx_sdk_3_20_00_06\source\ti\drivers\lib\</path>
         <kind>archive</kind>
         <file>drivers_cc32xx.aem4</file>
         <name>UDMACC32XX.oem4</name>
      </input_file>
      <input_file id="fl-21">
         <path>C:\ti\simplelink_cc32xx_sdk_3_20_00_06\kernel\nortos\lib\</path>
         <kind>archive</kind>
         <file>nortos_cc32xx.aem4</file>
         <name>NoRTOS.oem4</name>
      </input_file>
      <input_file id="fl-22">
         <path>C:\ti\simplelink_cc32xx_sdk_3_20_00_06\kernel\nortos\lib\</path>
         <kind>archive</kind>
         <file>nortos_cc32xx.aem4</file>
         <name>SemaphoreP_nortos.oem4</name>
      </input_file>
      <input_file id="fl-23">
         <path>C:\ti\simplelink_cc32xx_sdk_3_20_00_06\kernel\nortos\lib\</path>
         <kind>archive</kind>
         <file>nortos_cc32xx.aem4</file>
         <name>SystemP_nortos.oem4</name>
      </input_file>
      <input_file id="fl-24">
         <path>C:\ti\simplelink_cc32xx_sdk_3_20_00_06\kernel\nortos\lib\</path>
         <kind>archive</kind>
         <file>nortos_cc32xx.aem4</file>
         <name>ClockPSysTick_nortos.oem4</name>
      </input_file>
      <input_file id="fl-25">
         <path>C:\ti\simplelink_cc32xx_sdk_3_20_00_06\kernel\nortos\lib\</path>
         <kind>archive</kind>
         <file>nortos_cc32xx.aem4</file>
         <name>HwiPCC32XX_nortos.oem4</name>
      </input_file>
      <input_file id="fl-26">
         <path>C:\ti\simplelink_cc32xx_sdk_3_20_00_06\kernel\nortos\lib\</path>
         <kind>archive</kind>
         <file>nortos_cc32xx.aem4</file>
         <name>PowerCC32XX_nortos.oem4</name>
      </input_file>
      <input_file id="fl-27">
         <path>C:\ti\simplelink_cc32xx_sdk_3_20_00_06\kernel\nortos\lib\</path>
         <kind>archive</kind>
         <file>nortos_cc32xx.aem4</file>
         <name>startup_cc32xx_ccs.oem4</name>
      </input_file>
      <input_file id="fl-28">
         <path>C:\ti\simplelink_cc32xx_sdk_3_20_00_06\kernel\nortos\lib\</path>
         <kind>archive</kind>
         <file>nortos_cc32xx.aem4</file>
         <name>SwiP_nortos.oem4</name>
      </input_file>
      <input_file id="fl-29">
         <path>C:\ti\simplelink_cc32xx_sdk_3_20_00_06\kernel\nortos\lib\</path>
         <kind>archive</kind>
         <file>nortos_cc32xx.aem4</file>
         <name>QueueP_nortos.oem4</name>
      </input_file>
      <input_file id="fl-2a">
         <path>C:\ti\simplelink_cc32xx_sdk_3_20_00_06\source\ti\devices\cc32xx\driverlib\ccs\Release\</path>
         <kind>archive</kind>
         <file>driverlib.a</file>
         <name>i2s.obj</name>
      </input_file>
      <input_file id="fl-2b">
         <path>C:\ti\simplelink_cc32xx_sdk_3_20_00_06\source\ti\devices\cc32xx\driverlib\ccs\Release\</path>
         <kind>archive</kind>
         <file>driverlib.a</file>
         <name>interrupt.obj</name>
      </input_file>
      <input_file id="fl-2c">
         <path>C:\ti\simplelink_cc32xx_sdk_3_20_00_06\source\ti\devices\cc32xx\driverlib\ccs\Release\</path>
         <kind>archive</kind>
         <file>driverlib.a</file>
         <name>pin.obj</name>
      </input_file>
      <input_file id="fl-2d">
         <path>C:\ti\simplelink_cc32xx_sdk_3_20_00_06\source\ti\devices\cc32xx\driverlib\ccs\Release\</path>
         <kind>archive</kind>
         <file>driverlib.a</file>
         <name>prcm.obj</name>
      </input_file>
      <input_file id="fl-2e">
         <path>C:\ti\simplelink_cc32xx_sdk_3_20_00_06\source\ti\devices\cc32xx\driverlib\ccs\Release\</path>
         <kind>archive</kind>
         <file>driverlib.a</file>
         <name>sdhost.obj</name>
      </input_file>
      <input_file id="fl-2f">
         <path>C:\ti\simplelink_cc32xx_sdk_3_20_00_06\source\ti\devices\cc32xx\driverlib\ccs\Release\</path>
         <kind>archive</kind>
         <file>driverlib.a</file>
         <name>timer.obj</name>
      </input_file>
      <input_file id="fl-30">
         <path>C:\ti\simplelink_cc32xx_sdk_3_20_00_06\source\ti\devices\cc32xx\driverlib\ccs\Release\</path>
         <kind>archive</kind>
         <file>driverlib.a</file>
         <name>uart.obj</name>
      </input_file>
      <input_file id="fl-31">
         <path>C:\ti\simplelink_cc32xx_sdk_3_20_00_06\source\ti\devices\cc32xx\driverlib\ccs\Release\</path>
         <kind>archive</kind>
         <file>driverlib.a</file>
         <name>udma.obj</name>
      </input_file>
      <input_file id="fl-32">
         <path>C:\ti\simplelink_cc32xx_sdk_3_20_00_06\source\ti\devices\cc32xx\driverlib\ccs\Release\</path>
         <kind>archive</kind>
         <file>driverlib.a</file>
         <name>utils.obj</name>
      </input_file>
      <input_file id="fl-33">
         <path>C:\ti\simplelink_cc32xx_sdk_3_20_00_06\source\ti\devices\cc32xx\driverlib\ccs\Release\</path>
         <kind>archive</kind>
         <file>driverlib.a</file>
         <name>cpu.obj</name>
      </input_file>
      <input_file id="fl-34">
         <path>C:\ti\simplelink_cc32xx_sdk_3_20_00_06\source\ti\devices\cc32xx\driverlib\ccs\Release\</path>
         <kind>archive</kind>
         <file>driverlib.a</file>
         <name>flash.obj</name>
      </input_file>
      <input_file id="fl-ea">
         <path>C:\ti\ccs910\ccs\tools\compiler\ti-cgt-arm_18.12.2.LTS\lib\</path>
         <kind>archive</kind>
         <file>rtsv7M4_T_le_eabi.lib</file>
         <name>printf.c.obj</name>
      </input_file>
      <input_file id="fl-eb">
         <path>C:\ti\ccs910\ccs\tools\compiler\ti-cgt-arm_18.12.2.LTS\lib\</path>
         <kind>archive</kind>
         <file>rtsv7M4_T_le_eabi.lib</file>
         <name>_printfi.c.obj</name>
      </input_file>
      <input_file id="fl-ec">
         <path>C:\ti\ccs910\ccs\tools\compiler\ti-cgt-arm_18.12.2.LTS\lib\</path>
         <kind>archive</kind>
         <file>rtsv7M4_T_le_eabi.lib</file>
         <name>fputc.c.obj</name>
      </input_file>
      <input_file id="fl-ed">
         <path>C:\ti\ccs910\ccs\tools\compiler\ti-cgt-arm_18.12.2.LTS\lib\</path>
         <kind>archive</kind>
         <file>rtsv7M4_T_le_eabi.lib</file>
         <name>fputs.c.obj</name>
      </input_file>
      <input_file id="fl-ee">
         <path>C:\ti\ccs910\ccs\tools\compiler\ti-cgt-arm_18.12.2.LTS\lib\</path>
         <kind>archive</kind>
         <file>rtsv7M4_T_le_eabi.lib</file>
         <name>_io_perm.c.obj</name>
      </input_file>
      <input_file id="fl-ef">
         <path>C:\ti\ccs910\ccs\tools\compiler\ti-cgt-arm_18.12.2.LTS\lib\</path>
         <kind>archive</kind>
         <file>rtsv7M4_T_le_eabi.lib</file>
         <name>setvbuf.c.obj</name>
      </input_file>
      <input_file id="fl-f0">
         <path>C:\ti\ccs910\ccs\tools\compiler\ti-cgt-arm_18.12.2.LTS\lib\</path>
         <kind>archive</kind>
         <file>rtsv7M4_T_le_eabi.lib</file>
         <name>s_frexp.c.obj</name>
      </input_file>
      <input_file id="fl-f1">
         <path>C:\ti\ccs910\ccs\tools\compiler\ti-cgt-arm_18.12.2.LTS\lib\</path>
         <kind>archive</kind>
         <file>rtsv7M4_T_le_eabi.lib</file>
         <name>s_scalbn.c.obj</name>
      </input_file>
      <input_file id="fl-f2">
         <path>C:\ti\ccs910\ccs\tools\compiler\ti-cgt-arm_18.12.2.LTS\lib\</path>
         <kind>archive</kind>
         <file>rtsv7M4_T_le_eabi.lib</file>
         <name>ull_div_t2.asm.obj</name>
      </input_file>
      <input_file id="fl-f3">
         <path>C:\ti\ccs910\ccs\tools\compiler\ti-cgt-arm_18.12.2.LTS\lib\</path>
         <kind>archive</kind>
         <file>rtsv7M4_T_le_eabi.lib</file>
         <name>memset_t2.asm.obj</name>
      </input_file>
      <input_file id="fl-f4">
         <path>C:\ti\ccs910\ccs\tools\compiler\ti-cgt-arm_18.12.2.LTS\lib\</path>
         <kind>archive</kind>
         <file>rtsv7M4_T_le_eabi.lib</file>
         <name>fd_add_t2.asm.obj</name>
      </input_file>
      <input_file id="fl-f5">
         <path>C:\ti\ccs910\ccs\tools\compiler\ti-cgt-arm_18.12.2.LTS\lib\</path>
         <kind>archive</kind>
         <file>rtsv7M4_T_le_eabi.lib</file>
         <name>fd_cmp_t2.asm.obj</name>
      </input_file>
      <input_file id="fl-f6">
         <path>C:\ti\ccs910\ccs\tools\compiler\ti-cgt-arm_18.12.2.LTS\lib\</path>
         <kind>archive</kind>
         <file>rtsv7M4_T_le_eabi.lib</file>
         <name>fd_div_t2.asm.obj</name>
      </input_file>
      <input_file id="fl-f7">
         <path>C:\ti\ccs910\ccs\tools\compiler\ti-cgt-arm_18.12.2.LTS\lib\</path>
         <kind>archive</kind>
         <file>rtsv7M4_T_le_eabi.lib</file>
         <name>fd_mul_t2.asm.obj</name>
      </input_file>
      <input_file id="fl-f8">
         <path>C:\ti\ccs910\ccs\tools\compiler\ti-cgt-arm_18.12.2.LTS\lib\</path>
         <kind>archive</kind>
         <file>rtsv7M4_T_le_eabi.lib</file>
         <name>fd_toi_t2.asm.obj</name>
      </input_file>
      <input_file id="fl-f9">
         <path>C:\ti\ccs910\ccs\tools\compiler\ti-cgt-arm_18.12.2.LTS\lib\</path>
         <kind>archive</kind>
         <file>rtsv7M4_T_le_eabi.lib</file>
         <name>fd_tou_t2.asm.obj</name>
      </input_file>
      <input_file id="fl-fa">
         <path>C:\ti\ccs910\ccs\tools\compiler\ti-cgt-arm_18.12.2.LTS\lib\</path>
         <kind>archive</kind>
         <file>rtsv7M4_T_le_eabi.lib</file>
         <name>i_tofd_t2.asm.obj</name>
      </input_file>
      <input_file id="fl-fb">
         <path>C:\ti\ccs910\ccs\tools\compiler\ti-cgt-arm_18.12.2.LTS\lib\</path>
         <kind>archive</kind>
         <file>rtsv7M4_T_le_eabi.lib</file>
         <name>ll_mul_t2.asm.obj</name>
      </input_file>
      <input_file id="fl-fc">
         <path>C:\ti\ccs910\ccs\tools\compiler\ti-cgt-arm_18.12.2.LTS\lib\</path>
         <kind>archive</kind>
         <file>rtsv7M4_T_le_eabi.lib</file>
         <name>memcpy_t2.asm.obj</name>
      </input_file>
      <input_file id="fl-fd">
         <path>C:\ti\ccs910\ccs\tools\compiler\ti-cgt-arm_18.12.2.LTS\lib\</path>
         <kind>archive</kind>
         <file>rtsv7M4_T_le_eabi.lib</file>
         <name>u_tofd_t2.asm.obj</name>
      </input_file>
      <input_file id="fl-fe">
         <path>C:\ti\ccs910\ccs\tools\compiler\ti-cgt-arm_18.12.2.LTS\lib\</path>
         <kind>archive</kind>
         <file>rtsv7M4_T_le_eabi.lib</file>
         <name>u_divt2.asm.obj</name>
      </input_file>
      <input_file id="fl-ff">
         <path>C:\ti\ccs910\ccs\tools\compiler\ti-cgt-arm_18.12.2.LTS\lib\</path>
         <kind>archive</kind>
         <file>rtsv7M4_T_le_eabi.lib</file>
         <name>copy_zero_init.c.obj</name>
      </input_file>
      <input_file id="fl-100">
         <path>C:\ti\ccs910\ccs\tools\compiler\ti-cgt-arm_18.12.2.LTS\lib\</path>
         <kind>archive</kind>
         <file>rtsv7M4_T_le_eabi.lib</file>
         <name>copy_decompress_none.c.obj</name>
      </input_file>
      <input_file id="fl-101">
         <path>C:\ti\ccs910\ccs\tools\compiler\ti-cgt-arm_18.12.2.LTS\lib\</path>
         <kind>archive</kind>
         <file>rtsv7M4_T_le_eabi.lib</file>
         <name>copy_decompress_lzss.c.obj</name>
      </input_file>
      <input_file id="fl-102">
         <path>C:\ti\ccs910\ccs\tools\compiler\ti-cgt-arm_18.12.2.LTS\lib\</path>
         <kind>archive</kind>
         <file>rtsv7M4_T_le_eabi.lib</file>
         <name>exit.c.obj</name>
      </input_file>
      <input_file id="fl-103">
         <path>C:\ti\ccs910\ccs\tools\compiler\ti-cgt-arm_18.12.2.LTS\lib\</path>
         <kind>archive</kind>
         <file>rtsv7M4_T_le_eabi.lib</file>
         <name>_lock.c.obj</name>
      </input_file>
      <input_file id="fl-104">
         <path>C:\ti\ccs910\ccs\tools\compiler\ti-cgt-arm_18.12.2.LTS\lib\</path>
         <kind>archive</kind>
         <file>rtsv7M4_T_le_eabi.lib</file>
         <name>atoi.c.obj</name>
      </input_file>
      <input_file id="fl-105">
         <path>C:\ti\ccs910\ccs\tools\compiler\ti-cgt-arm_18.12.2.LTS\lib\</path>
         <kind>archive</kind>
         <file>rtsv7M4_T_le_eabi.lib</file>
         <name>ctype.c.obj</name>
      </input_file>
      <input_file id="fl-106">
         <path>C:\ti\ccs910\ccs\tools\compiler\ti-cgt-arm_18.12.2.LTS\lib\</path>
         <kind>archive</kind>
         <file>rtsv7M4_T_le_eabi.lib</file>
         <name>defs.c.obj</name>
      </input_file>
      <input_file id="fl-107">
         <path>C:\ti\ccs910\ccs\tools\compiler\ti-cgt-arm_18.12.2.LTS\lib\</path>
         <kind>archive</kind>
         <file>rtsv7M4_T_le_eabi.lib</file>
         <name>ltoa.c.obj</name>
      </input_file>
      <input_file id="fl-108">
         <path>C:\ti\ccs910\ccs\tools\compiler\ti-cgt-arm_18.12.2.LTS\lib\</path>
         <kind>archive</kind>
         <file>rtsv7M4_T_le_eabi.lib</file>
         <name>memccpy.c.obj</name>
      </input_file>
      <input_file id="fl-109">
         <path>C:\ti\ccs910\ccs\tools\compiler\ti-cgt-arm_18.12.2.LTS\lib\</path>
         <kind>archive</kind>
         <file>rtsv7M4_T_le_eabi.lib</file>
         <name>memchr.c.obj</name>
      </input_file>
      <input_file id="fl-10a">
         <path>C:\ti\ccs910\ccs\tools\compiler\ti-cgt-arm_18.12.2.LTS\lib\</path>
         <kind>archive</kind>
         <file>rtsv7M4_T_le_eabi.lib</file>
         <name>memory.c.obj</name>
      </input_file>
      <input_file id="fl-10b">
         <path>C:\ti\ccs910\ccs\tools\compiler\ti-cgt-arm_18.12.2.LTS\lib\</path>
         <kind>archive</kind>
         <file>rtsv7M4_T_le_eabi.lib</file>
         <name>strchr.c.obj</name>
      </input_file>
      <input_file id="fl-10c">
         <path>C:\ti\ccs910\ccs\tools\compiler\ti-cgt-arm_18.12.2.LTS\lib\</path>
         <kind>archive</kind>
         <file>rtsv7M4_T_le_eabi.lib</file>
         <name>strlen.c.obj</name>
      </input_file>
      <input_file id="fl-10d">
         <path>C:\ti\ccs910\ccs\tools\compiler\ti-cgt-arm_18.12.2.LTS\lib\</path>
         <kind>archive</kind>
         <file>rtsv7M4_T_le_eabi.lib</file>
         <name>write.c.obj</name>
      </input_file>
      <input_file id="fl-10e">
         <path>C:\ti\ccs910\ccs\tools\compiler\ti-cgt-arm_18.12.2.LTS\lib\</path>
         <kind>archive</kind>
         <file>rtsv7M4_T_le_eabi.lib</file>
         <name>host_device.c.obj</name>
      </input_file>
      <input_file id="fl-10f">
         <path>C:\ti\ccs910\ccs\tools\compiler\ti-cgt-arm_18.12.2.LTS\lib\</path>
         <kind>archive</kind>
         <file>rtsv7M4_T_le_eabi.lib</file>
         <name>boot_cortex_m.c.obj</name>
      </input_file>
      <input_file id="fl-110">
         <path>C:\ti\ccs910\ccs\tools\compiler\ti-cgt-arm_18.12.2.LTS\lib\</path>
         <kind>archive</kind>
         <file>rtsv7M4_T_le_eabi.lib</file>
         <name>errno.c.obj</name>
      </input_file>
      <input_file id="fl-111">
         <path>C:\ti\ccs910\ccs\tools\compiler\ti-cgt-arm_18.12.2.LTS\lib\</path>
         <kind>archive</kind>
         <file>rtsv7M4_T_le_eabi.lib</file>
         <name>wcslen.c.obj</name>
      </input_file>
      <input_file id="fl-112">
         <path>C:\ti\ccs910\ccs\tools\compiler\ti-cgt-arm_18.12.2.LTS\lib\</path>
         <kind>archive</kind>
         <file>rtsv7M4_T_le_eabi.lib</file>
         <name>s_copysign.c.obj</name>
      </input_file>
      <input_file id="fl-113">
         <path>C:\ti\ccs910\ccs\tools\compiler\ti-cgt-arm_18.12.2.LTS\lib\</path>
         <kind>archive</kind>
         <file>rtsv7M4_T_le_eabi.lib</file>
         <name>fflush.c.obj</name>
      </input_file>
      <input_file id="fl-114">
         <path>C:\ti\ccs910\ccs\tools\compiler\ti-cgt-arm_18.12.2.LTS\lib\</path>
         <kind>archive</kind>
         <file>rtsv7M4_T_le_eabi.lib</file>
         <name>fopen.c.obj</name>
      </input_file>
      <input_file id="fl-115">
         <path>C:\ti\ccs910\ccs\tools\compiler\ti-cgt-arm_18.12.2.LTS\lib\</path>
         <kind>archive</kind>
         <file>rtsv7M4_T_le_eabi.lib</file>
         <name>fseek.c.obj</name>
      </input_file>
      <input_file id="fl-116">
         <path>C:\ti\ccs910\ccs\tools\compiler\ti-cgt-arm_18.12.2.LTS\lib\</path>
         <kind>archive</kind>
         <file>rtsv7M4_T_le_eabi.lib</file>
         <name>div0.asm.obj</name>
      </input_file>
      <input_file id="fl-117">
         <path>C:\ti\ccs910\ccs\tools\compiler\ti-cgt-arm_18.12.2.LTS\lib\</path>
         <kind>archive</kind>
         <file>rtsv7M4_T_le_eabi.lib</file>
         <name>autoinit.c.obj</name>
      </input_file>
      <input_file id="fl-118">
         <path>C:\ti\ccs910\ccs\tools\compiler\ti-cgt-arm_18.12.2.LTS\lib\</path>
         <kind>archive</kind>
         <file>rtsv7M4_T_le_eabi.lib</file>
         <name>pre_init.c.obj</name>
      </input_file>
      <input_file id="fl-119">
         <path>C:\ti\ccs910\ccs\tools\compiler\ti-cgt-arm_18.12.2.LTS\lib\</path>
         <kind>archive</kind>
         <file>rtsv7M4_T_le_eabi.lib</file>
         <name>cpy_tbl.c.obj</name>
      </input_file>
      <input_file id="fl-11a">
         <path>C:\ti\ccs910\ccs\tools\compiler\ti-cgt-arm_18.12.2.LTS\lib\</path>
         <kind>archive</kind>
         <file>rtsv7M4_T_le_eabi.lib</file>
         <name>args_main.c.obj</name>
      </input_file>
      <input_file id="fl-11b">
         <path>C:\ti\ccs910\ccs\tools\compiler\ti-cgt-arm_18.12.2.LTS\lib\</path>
         <kind>archive</kind>
         <file>rtsv7M4_T_le_eabi.lib</file>
         <name>hostclose.c.obj</name>
      </input_file>
      <input_file id="fl-11c">
         <path>C:\ti\ccs910\ccs\tools\compiler\ti-cgt-arm_18.12.2.LTS\lib\</path>
         <kind>archive</kind>
         <file>rtsv7M4_T_le_eabi.lib</file>
         <name>hostlseek.c.obj</name>
      </input_file>
      <input_file id="fl-11d">
         <path>C:\ti\ccs910\ccs\tools\compiler\ti-cgt-arm_18.12.2.LTS\lib\</path>
         <kind>archive</kind>
         <file>rtsv7M4_T_le_eabi.lib</file>
         <name>hostopen.c.obj</name>
      </input_file>
      <input_file id="fl-11e">
         <path>C:\ti\ccs910\ccs\tools\compiler\ti-cgt-arm_18.12.2.LTS\lib\</path>
         <kind>archive</kind>
         <file>rtsv7M4_T_le_eabi.lib</file>
         <name>hostread.c.obj</name>
      </input_file>
      <input_file id="fl-11f">
         <path>C:\ti\ccs910\ccs\tools\compiler\ti-cgt-arm_18.12.2.LTS\lib\</path>
         <kind>archive</kind>
         <file>rtsv7M4_T_le_eabi.lib</file>
         <name>hostrename.c.obj</name>
      </input_file>
      <input_file id="fl-120">
         <path>C:\ti\ccs910\ccs\tools\compiler\ti-cgt-arm_18.12.2.LTS\lib\</path>
         <kind>archive</kind>
         <file>rtsv7M4_T_le_eabi.lib</file>
         <name>hostunlink.c.obj</name>
      </input_file>
      <input_file id="fl-121">
         <path>C:\ti\ccs910\ccs\tools\compiler\ti-cgt-arm_18.12.2.LTS\lib\</path>
         <kind>archive</kind>
         <file>rtsv7M4_T_le_eabi.lib</file>
         <name>hostwrite.c.obj</name>
      </input_file>
      <input_file id="fl-122">
         <path>C:\ti\ccs910\ccs\tools\compiler\ti-cgt-arm_18.12.2.LTS\lib\</path>
         <kind>archive</kind>
         <file>rtsv7M4_T_le_eabi.lib</file>
         <name>trgmsg.c.obj</name>
      </input_file>
      <input_file id="fl-123">
         <path>C:\ti\ccs910\ccs\tools\compiler\ti-cgt-arm_18.12.2.LTS\lib\</path>
         <kind>archive</kind>
         <file>rtsv7M4_T_le_eabi.lib</file>
         <name>open.c.obj</name>
      </input_file>
      <input_file id="fl-124">
         <path>C:\ti\ccs910\ccs\tools\compiler\ti-cgt-arm_18.12.2.LTS\lib\</path>
         <kind>archive</kind>
         <file>rtsv7M4_T_le_eabi.lib</file>
         <name>lseek.c.obj</name>
      </input_file>
      <input_file id="fl-125">
         <path>C:\ti\ccs910\ccs\tools\compiler\ti-cgt-arm_18.12.2.LTS\lib\</path>
         <kind>archive</kind>
         <file>rtsv7M4_T_le_eabi.lib</file>
         <name>fclose.c.obj</name>
      </input_file>
      <input_file id="fl-126">
         <path>C:\ti\ccs910\ccs\tools\compiler\ti-cgt-arm_18.12.2.LTS\lib\</path>
         <kind>archive</kind>
         <file>rtsv7M4_T_le_eabi.lib</file>
         <name>getdevice.c.obj</name>
      </input_file>
      <input_file id="fl-127">
         <path>C:\ti\ccs910\ccs\tools\compiler\ti-cgt-arm_18.12.2.LTS\lib\</path>
         <kind>archive</kind>
         <file>rtsv7M4_T_le_eabi.lib</file>
         <name>strcmp.c.obj</name>
      </input_file>
      <input_file id="fl-128">
         <path>C:\ti\ccs910\ccs\tools\compiler\ti-cgt-arm_18.12.2.LTS\lib\</path>
         <kind>archive</kind>
         <file>rtsv7M4_T_le_eabi.lib</file>
         <name>strcpy.c.obj</name>
      </input_file>
      <input_file id="fl-129">
         <path>C:\ti\ccs910\ccs\tools\compiler\ti-cgt-arm_18.12.2.LTS\lib\</path>
         <kind>archive</kind>
         <file>rtsv7M4_T_le_eabi.lib</file>
         <name>strncpy.c.obj</name>
      </input_file>
      <input_file id="fl-12a">
         <path>C:\ti\ccs910\ccs\tools\compiler\ti-cgt-arm_18.12.2.LTS\lib\</path>
         <kind>archive</kind>
         <file>rtsv7M4_T_le_eabi.lib</file>
         <name>remove.c.obj</name>
      </input_file>
      <input_file id="fl-12b">
         <path>C:\ti\ccs910\ccs\tools\compiler\ti-cgt-arm_18.12.2.LTS\lib\</path>
         <kind>archive</kind>
         <file>rtsv7M4_T_le_eabi.lib</file>
         <name>close.c.obj</name>
      </input_file>
      <input_file id="fl-12c">
         <path>C:\ti\ccs910\ccs\tools\compiler\ti-cgt-arm_18.12.2.LTS\lib\</path>
         <kind>archive</kind>
         <file>rtsv7M4_T_le_eabi.lib</file>
         <name>unlink.c.obj</name>
      </input_file>
   </input_file_list>
   <object_component_list>
      <object_component id="oc-299">
         <name>.text:__TI_printfi</name>
         <load_address>0x2000c040</load_address>
         <run_address>0x2000c040</run_address>
         <size>0xa4e</size>
         <input_file_ref idref="fl-eb"/>
      </object_component>
      <object_component id="oc-5fd">
         <name>.text:I2CCC32XX_init</name>
         <load_address>0x2000ca8e</load_address>
         <run_address>0x2000ca8e</run_address>
         <size>0x2</size>
         <input_file_ref idref="fl-14"/>
      </object_component>
      <object_component id="oc-28b">
         <name>.text:PRCMCC3200MCUInit</name>
         <load_address>0x2000ca90</load_address>
         <run_address>0x2000ca90</run_address>
         <size>0x42c</size>
         <input_file_ref idref="fl-2d"/>
      </object_component>
      <object_component id="oc-166">
         <name>.text:ConfigureAudioCodec</name>
         <load_address>0x2000cebc</load_address>
         <run_address>0x2000cebc</run_address>
         <size>0x2a0</size>
         <input_file_ref idref="fl-3"/>
      </object_component>
      <object_component id="oc-3ac">
         <name>.text:_pconv_a</name>
         <load_address>0x2000d15c</load_address>
         <run_address>0x2000d15c</run_address>
         <size>0x268</size>
         <input_file_ref idref="fl-eb"/>
      </object_component>
      <object_component id="oc-39a">
         <name>.text:_pconv_g</name>
         <load_address>0x2000d3c4</load_address>
         <run_address>0x2000d3c4</run_address>
         <size>0x1cc</size>
         <input_file_ref idref="fl-eb"/>
      </object_component>
      <object_component id="oc-49f">
         <name>.text</name>
         <load_address>0x2000d590</load_address>
         <run_address>0x2000d590</run_address>
         <size>0x1b6</size>
         <input_file_ref idref="fl-f4"/>
      </object_component>
      <object_component id="oc-466">
         <name>.text:PowerCC32XX_initPolicy</name>
         <load_address>0x2000d746</load_address>
         <run_address>0x2000d746</run_address>
         <size>0x2</size>
         <input_file_ref idref="fl-26"/>
      </object_component>
      <object_component id="oc-46c">
         <name>.text:PowerCC32XX_sleepPolicy</name>
         <load_address>0x2000d748</load_address>
         <run_address>0x2000d748</run_address>
         <size>0x198</size>
         <input_file_ref idref="fl-26"/>
      </object_component>
      <object_component id="oc-115">
         <name>.text:main</name>
         <load_address>0x2000d8e0</load_address>
         <run_address>0x2000d8e0</run_address>
         <size>0x190</size>
         <input_file_ref idref="fl-4"/>
      </object_component>
      <object_component id="oc-632">
         <name>.text:parkPins</name>
         <load_address>0x2000da70</load_address>
         <run_address>0x2000da70</run_address>
         <size>0x148</size>
         <input_file_ref idref="fl-15"/>
      </object_component>
      <object_component id="oc-3a6">
         <name>.text:_pconv_e</name>
         <load_address>0x2000dbb8</load_address>
         <run_address>0x2000dbb8</run_address>
         <size>0x13c</size>
         <input_file_ref idref="fl-eb"/>
      </object_component>
      <object_component id="oc-485">
         <name>.text</name>
         <load_address>0x2000dcf4</load_address>
         <run_address>0x2000dcf4</run_address>
         <size>0x136</size>
         <input_file_ref idref="fl-f6"/>
      </object_component>
      <object_component id="oc-70d">
         <name>.text:I2CCC32XX_hwiFxn</name>
         <load_address>0x2000de2a</load_address>
         <run_address>0x2000de2a</run_address>
         <size>0x120</size>
         <input_file_ref idref="fl-14"/>
      </object_component>
      <object_component id="oc-3d0">
         <name>.text:_nop</name>
         <load_address>0x2000df4a</load_address>
         <run_address>0x2000df4a</run_address>
         <size>0x2</size>
         <input_file_ref idref="fl-103"/>
      </object_component>
      <object_component id="oc-4b1">
         <name>.text:fcvt</name>
         <load_address>0x2000df4c</load_address>
         <run_address>0x2000df4c</run_address>
         <size>0x120</size>
         <input_file_ref idref="fl-eb"/>
      </object_component>
      <object_component id="oc-571">
         <name>.text:Power_sleep</name>
         <load_address>0x2000e06c</load_address>
         <run_address>0x2000e06c</run_address>
         <size>0x11c</size>
         <input_file_ref idref="fl-15"/>
      </object_component>
      <object_component id="oc-3de">
         <name>.text:fputs</name>
         <load_address>0x2000e188</load_address>
         <run_address>0x2000e188</run_address>
         <size>0x114</size>
         <input_file_ref idref="fl-ed"/>
      </object_component>
      <object_component id="oc-603">
         <name>.text:I2CCC32XX_open</name>
         <load_address>0x2000e29c</load_address>
         <run_address>0x2000e29c</run_address>
         <size>0xfc</size>
         <input_file_ref idref="fl-14"/>
      </object_component>
      <object_component id="oc-480">
         <name>.text</name>
         <load_address>0x2000e398</load_address>
         <run_address>0x2000e398</run_address>
         <size>0xfc</size>
         <input_file_ref idref="fl-f7"/>
      </object_component>
      <object_component id="oc-7a7">
         <name>.text:aligned_alloc</name>
         <load_address>0x2000e494</load_address>
         <run_address>0x2000e494</run_address>
         <size>0xf4</size>
         <input_file_ref idref="fl-10a"/>
      </object_component>
      <object_component id="oc-308">
         <name>.text:I2SConfigSetExpClk</name>
         <load_address>0x2000e588</load_address>
         <run_address>0x2000e588</run_address>
         <size>0xec</size>
         <input_file_ref idref="fl-2a"/>
      </object_component>
      <object_component id="oc-689">
         <name>.text:free</name>
         <load_address>0x2000e674</load_address>
         <run_address>0x2000e674</run_address>
         <size>0xe8</size>
         <input_file_ref idref="fl-10a"/>
      </object_component>
      <object_component id="oc-5ca">
         <name>.text:setvbuf</name>
         <load_address>0x2000e75c</load_address>
         <run_address>0x2000e75c</run_address>
         <size>0xdc</size>
         <input_file_ref idref="fl-ef"/>
      </object_component>
      <object_component id="oc-4c5">
         <name>.text:scalbn</name>
         <load_address>0x2000e838</load_address>
         <run_address>0x2000e838</run_address>
         <size>0xd0</size>
         <input_file_ref idref="fl-f1"/>
      </object_component>
      <object_component id="oc-64f">
         <name>.text:restoreParkedPins</name>
         <load_address>0x2000e908</load_address>
         <run_address>0x2000e908</run_address>
         <size>0xc0</size>
         <input_file_ref idref="fl-15"/>
      </object_component>
      <object_component id="oc-38f">
         <name>.text:_ltostr</name>
         <load_address>0x2000e9c8</load_address>
         <run_address>0x2000e9c8</run_address>
         <size>0xb1</size>
         <input_file_ref idref="fl-eb"/>
      </object_component>
      <object_component id="oc-6e">
         <name>.text:busFaultHandler</name>
         <load_address>0x2000ea7a</load_address>
         <run_address>0x2000ea7a</run_address>
         <size>0x2</size>
         <input_file_ref idref="fl-27"/>
      </object_component>
      <object_component id="oc-b0">
         <name>.text:IntEnable</name>
         <load_address>0x2000ea7c</load_address>
         <run_address>0x2000ea7c</run_address>
         <size>0xa8</size>
         <input_file_ref idref="fl-2b"/>
      </object_component>
      <object_component id="oc-376">
         <name>.text:PowerCC32XX_configureWakeup</name>
         <load_address>0x2000eb24</load_address>
         <run_address>0x2000eb24</run_address>
         <size>0xa8</size>
         <input_file_ref idref="fl-15"/>
      </object_component>
      <object_component id="oc-71a">
         <name>.text:SemaphoreP_pend</name>
         <load_address>0x2000ebcc</load_address>
         <run_address>0x2000ebcc</run_address>
         <size>0xa0</size>
         <input_file_ref idref="fl-22"/>
      </object_component>
      <object_component id="oc-36">
         <name>.text</name>
         <load_address>0x2000ec6c</load_address>
         <run_address>0x2000ec6c</run_address>
         <size>0x9c</size>
         <input_file_ref idref="fl-fc"/>
      </object_component>
      <object_component id="oc-433">
         <name>.text</name>
         <load_address>0x2000ed08</load_address>
         <run_address>0x2000ed08</run_address>
         <size>0x96</size>
         <input_file_ref idref="fl-f2"/>
      </object_component>
      <object_component id="oc-609">
         <name>.text:I2CCC32XX_transfer</name>
         <load_address>0x2000ed9e</load_address>
         <run_address>0x2000ed9e</run_address>
         <size>0x90</size>
         <input_file_ref idref="fl-14"/>
      </object_component>
      <object_component id="oc-846">
         <name>.text:clkFxn</name>
         <load_address>0x2000ee2e</load_address>
         <run_address>0x2000ee2e</run_address>
         <size>0x2</size>
         <input_file_ref idref="fl-22"/>
      </object_component>
      <object_component id="oc-643">
         <name>.text:restoreNVICRegs</name>
         <load_address>0x2000ee30</load_address>
         <run_address>0x2000ee30</run_address>
         <size>0x90</size>
         <input_file_ref idref="fl-15"/>
      </object_component>
      <object_component id="oc-80d">
         <name>.text:HwiP_construct</name>
         <load_address>0x2000eec0</load_address>
         <run_address>0x2000eec0</run_address>
         <size>0x8c</size>
         <input_file_ref idref="fl-25"/>
      </object_component>
      <object_component id="oc-3e5">
         <name>.text:fputc</name>
         <load_address>0x2000ef4c</load_address>
         <run_address>0x2000ef4c</run_address>
         <size>0x8c</size>
         <input_file_ref idref="fl-ec"/>
      </object_component>
      <object_component id="oc-16c">
         <name>.text:ConfigureI2S</name>
         <load_address>0x2000efd8</load_address>
         <run_address>0x2000efd8</run_address>
         <size>0x88</size>
         <input_file_ref idref="fl-3"/>
      </object_component>
      <object_component id="oc-78b">
         <name>.text:IntPendSet</name>
         <load_address>0x2000f060</load_address>
         <run_address>0x2000f060</run_address>
         <size>0x88</size>
         <input_file_ref idref="fl-2b"/>
      </object_component>
      <object_component id="oc-43b">
         <name>.text:PinConfigSet</name>
         <load_address>0x2000f0e8</load_address>
         <run_address>0x2000f0e8</run_address>
         <size>0x88</size>
         <input_file_ref idref="fl-2c"/>
      </object_component>
      <object_component id="oc-72c">
         <name>.text:I2CCC32XX_primeTransfer</name>
         <load_address>0x2000f170</load_address>
         <run_address>0x2000f170</run_address>
         <size>0x86</size>
         <input_file_ref idref="fl-14"/>
      </object_component>
      <object_component id="oc-395">
         <name>.text:__aeabi_cdcmple</name>
         <load_address>0x2000f1f6</load_address>
         <run_address>0x2000f1f6</run_address>
         <size>0x86</size>
         <input_file_ref idref="fl-f5"/>
      </object_component>
      <object_component id="oc-48a">
         <name>.text:__aeabi_cdrcmple</name>
         <load_address>0x2000f27c</load_address>
         <run_address>0x2000f27c</run_address>
         <size>0x86</size>
         <input_file_ref idref="fl-f5"/>
      </object_component>
      <object_component id="oc-68">
         <name>.text:defaultHandler</name>
         <load_address>0x2000f302</load_address>
         <run_address>0x2000f302</run_address>
         <size>0x2</size>
         <input_file_ref idref="fl-27"/>
      </object_component>
      <object_component id="oc-5f1">
         <name>.text:I2CCC32XX_close</name>
         <load_address>0x2000f304</load_address>
         <run_address>0x2000f304</run_address>
         <size>0x84</size>
         <input_file_ref idref="fl-14"/>
      </object_component>
      <object_component id="oc-2fc">
         <name>.text:I2SEnable</name>
         <load_address>0x2000f388</load_address>
         <run_address>0x2000f388</run_address>
         <size>0x84</size>
         <input_file_ref idref="fl-2a"/>
      </object_component>
      <object_component id="oc-291">
         <name>.text:Power_init</name>
         <load_address>0x2000f40c</load_address>
         <run_address>0x2000f40c</run_address>
         <size>0x84</size>
         <input_file_ref idref="fl-15"/>
      </object_component>
      <object_component id="oc-638">
         <name>.text:saveNVICRegs</name>
         <load_address>0x2000f490</load_address>
         <run_address>0x2000f490</run_address>
         <size>0x84</size>
         <input_file_ref idref="fl-15"/>
      </object_component>
      <object_component id="oc-2f0">
         <name>.text:Power_setDependency</name>
         <load_address>0x2000f514</load_address>
         <run_address>0x2000f514</run_address>
         <size>0x80</size>
         <input_file_ref idref="fl-15"/>
      </object_component>
      <object_component id="oc-5eb">
         <name>.text:I2CCC32XX_cancel</name>
         <load_address>0x2000f594</load_address>
         <run_address>0x2000f594</run_address>
         <size>0x7e</size>
         <input_file_ref idref="fl-14"/>
      </object_component>
      <object_component id="oc-62">
         <name>.text:faultISR</name>
         <load_address>0x2000f612</load_address>
         <run_address>0x2000f612</run_address>
         <size>0x2</size>
         <input_file_ref idref="fl-27"/>
      </object_component>
      <object_component id="oc-875">
         <name>.text:split</name>
         <load_address>0x2000f614</load_address>
         <run_address>0x2000f614</run_address>
         <size>0x7c</size>
         <input_file_ref idref="fl-10a"/>
      </object_component>
      <object_component id="oc-98">
         <name>.text</name>
         <load_address>0x2000f690</load_address>
         <run_address>0x2000f690</run_address>
         <size>0x7a</size>
         <input_file_ref idref="fl-f3"/>
      </object_component>
      <object_component id="oc-5c">
         <name>.text:nmiISR</name>
         <load_address>0x2000f70a</load_address>
         <run_address>0x2000f70a</run_address>
         <size>0x2</size>
         <input_file_ref idref="fl-27"/>
      </object_component>
      <object_component id="oc-7ae">
         <name>.text:__TI_closefile</name>
         <load_address>0x2000f70c</load_address>
         <run_address>0x2000f70c</run_address>
         <size>0x74</size>
         <input_file_ref idref="fl-125"/>
      </object_component>
      <object_component id="oc-4aa">
         <name>.text:_mcpy</name>
         <load_address>0x2000f780</load_address>
         <run_address>0x2000f780</run_address>
         <size>0x6e</size>
         <input_file_ref idref="fl-eb"/>
      </object_component>
      <object_component id="oc-536">
         <name>.text</name>
         <load_address>0x2000f7ee</load_address>
         <run_address>0x2000f7ee</run_address>
         <size>0x2</size>
         <input_file_ref idref="fl-116"/>
      </object_component>
      <object_component id="oc-7d2">
         <name>.text:HOSTlseek</name>
         <load_address>0x2000f7f0</load_address>
         <run_address>0x2000f7f0</run_address>
         <size>0x68</size>
         <input_file_ref idref="fl-11c"/>
      </object_component>
      <object_component id="oc-7de">
         <name>.text:HOSTrename</name>
         <load_address>0x2000f858</load_address>
         <run_address>0x2000f858</run_address>
         <size>0x68</size>
         <input_file_ref idref="fl-11f"/>
      </object_component>
      <object_component id="oc-f">
         <name>.text:decompress:lzss:__TI_decompress_lzss</name>
         <load_address>0x2000f8c0</load_address>
         <run_address>0x2000f8c0</run_address>
         <size>0x68</size>
         <input_file_ref idref="fl-101"/>
      </object_component>
      <object_component id="oc-6bb">
         <name>.text:initHw</name>
         <load_address>0x2000f928</load_address>
         <run_address>0x2000f928</run_address>
         <size>0x68</size>
         <input_file_ref idref="fl-14"/>
      </object_component>
      <object_component id="oc-15a">
         <name>.text:printf</name>
         <load_address>0x2000f990</load_address>
         <run_address>0x2000f990</run_address>
         <size>0x68</size>
         <input_file_ref idref="fl-ea"/>
      </object_component>
      <object_component id="oc-5c4">
         <name>.text:fseek</name>
         <load_address>0x2000f9f8</load_address>
         <run_address>0x2000f9f8</run_address>
         <size>0x64</size>
         <input_file_ref idref="fl-115"/>
      </object_component>
      <object_component id="oc-4f6">
         <name>.text:__TI_wrt_ok</name>
         <load_address>0x2000fa5c</load_address>
         <run_address>0x2000fa5c</run_address>
         <size>0x62</size>
         <input_file_ref idref="fl-ee"/>
      </object_component>
      <object_component id="oc-7ba">
         <name>.text:HOSTopen</name>
         <load_address>0x2000fac0</load_address>
         <run_address>0x2000fac0</run_address>
         <size>0x60</size>
         <input_file_ref idref="fl-11d"/>
      </object_component>
      <object_component id="oc-351">
         <name>.text:PRCMSysResetCauseGet</name>
         <load_address>0x2000fb20</load_address>
         <run_address>0x2000fb20</run_address>
         <size>0x60</size>
         <input_file_ref idref="fl-2d"/>
      </object_component>
      <object_component id="oc-87c">
         <name>.text:close</name>
         <load_address>0x2000fb80</load_address>
         <run_address>0x2000fb80</run_address>
         <size>0x5c</size>
         <input_file_ref idref="fl-12b"/>
      </object_component>
      <object_component id="oc-4bf">
         <name>.text:frexp</name>
         <load_address>0x2000fbdc</load_address>
         <run_address>0x2000fbdc</run_address>
         <size>0x5c</size>
         <input_file_ref idref="fl-f0"/>
      </object_component>
      <object_component id="oc-752">
         <name>.text:sysTickInit</name>
         <load_address>0x2000fc38</load_address>
         <run_address>0x2000fc38</run_address>
         <size>0x5c</size>
         <input_file_ref idref="fl-24"/>
      </object_component>
      <object_component id="oc-7c6">
         <name>.text:HOSTread</name>
         <load_address>0x2000fc94</load_address>
         <run_address>0x2000fc94</run_address>
         <size>0x58</size>
         <input_file_ref idref="fl-11e"/>
      </object_component>
      <object_component id="oc-7cc">
         <name>.text:HOSTwrite</name>
         <load_address>0x2000fcec</load_address>
         <run_address>0x2000fcec</run_address>
         <size>0x58</size>
         <input_file_ref idref="fl-121"/>
      </object_component>
      <object_component id="oc-302">
         <name>.text:PRCMI2SClockFreqSet</name>
         <load_address>0x2000fd44</load_address>
         <run_address>0x2000fd44</run_address>
         <size>0x58</size>
         <input_file_ref idref="fl-2d"/>
      </object_component>
      <object_component id="oc-2f6">
         <name>.text:PRCMPeripheralReset</name>
         <load_address>0x2000fd9c</load_address>
         <run_address>0x2000fd9c</run_address>
         <size>0x58</size>
         <input_file_ref idref="fl-2d"/>
      </object_component>
      <object_component id="oc-6c2">
         <name>.text:Power_releaseDependency</name>
         <load_address>0x2000fdf4</load_address>
         <run_address>0x2000fdf4</run_address>
         <size>0x58</size>
         <input_file_ref idref="fl-15"/>
      </object_component>
      <object_component id="oc-3a0">
         <name>.text:_pconv_f</name>
         <load_address>0x2000fe4c</load_address>
         <run_address>0x2000fe4c</run_address>
         <size>0x56</size>
         <input_file_ref idref="fl-eb"/>
      </object_component>
      <object_component id="oc-494">
         <name>.text:ltoa</name>
         <load_address>0x2000fea2</load_address>
         <run_address>0x2000fea2</run_address>
         <size>0x54</size>
         <input_file_ref idref="fl-107"/>
      </object_component>
      <object_component id="oc-768">
         <name>.text:PowerCC32XX_resumeLPDS</name>
         <load_address>0x2000fef6</load_address>
         <run_address>0x2000fef6</run_address>
         <size>0x52</size>
         <input_file_ref idref="fl-16"/>
      </object_component>
      <object_component id="oc-4a4">
         <name>.text:_ecpy</name>
         <load_address>0x2000ff48</load_address>
         <run_address>0x2000ff48</run_address>
         <size>0x52</size>
         <input_file_ref idref="fl-eb"/>
      </object_component>
      <object_component id="oc-74">
         <name>.text:ClockP_sysTickHandler</name>
         <load_address>0x2000ff9c</load_address>
         <run_address>0x2000ff9c</run_address>
         <size>0x50</size>
         <input_file_ref idref="fl-24"/>
      </object_component>
      <object_component id="oc-820">
         <name>.text:I2CCC32XX_completeTransfer</name>
         <load_address>0x2000ffec</load_address>
         <run_address>0x2000ffec</run_address>
         <size>0x50</size>
         <input_file_ref idref="fl-14"/>
      </object_component>
      <object_component id="oc-818">
         <name>.text:SemaphoreP_construct</name>
         <load_address>0x2001003c</load_address>
         <run_address>0x2001003c</run_address>
         <size>0x50</size>
         <input_file_ref idref="fl-22"/>
      </object_component>
      <object_component id="oc-75f">
         <name>.text:PowerCC32XX_parkPin</name>
         <load_address>0x2001008c</load_address>
         <run_address>0x2001008c</run_address>
         <size>0x4c</size>
         <input_file_ref idref="fl-15"/>
      </object_component>
      <object_component id="oc-502">
         <name>.text:__TI_doflush</name>
         <load_address>0x200100d8</load_address>
         <run_address>0x200100d8</run_address>
         <size>0x4c</size>
         <input_file_ref idref="fl-113"/>
      </object_component>
      <object_component id="oc-389">
         <name>.text:atoi</name>
         <load_address>0x20010124</load_address>
         <run_address>0x20010124</run_address>
         <size>0x4c</size>
         <input_file_ref idref="fl-104"/>
      </object_component>
      <object_component id="oc-649">
         <name>.text:restorePeriphClocks</name>
         <load_address>0x20010170</load_address>
         <run_address>0x20010170</run_address>
         <size>0x4c</size>
         <input_file_ref idref="fl-15"/>
      </object_component>
      <object_component id="oc-783">
         <name>.text:FlashDisable</name>
         <load_address>0x200101bc</load_address>
         <run_address>0x200101bc</run_address>
         <size>0x48</size>
         <input_file_ref idref="fl-34"/>
      </object_component>
      <object_component id="oc-655">
         <name>.text:PRCMLPDSEnter</name>
         <load_address>0x20010204</load_address>
         <run_address>0x20010204</run_address>
         <size>0x48</size>
         <input_file_ref idref="fl-2d"/>
      </object_component>
      <object_component id="oc-31a">
         <name>.text:PRCMPeripheralClkEnable</name>
         <load_address>0x2001024c</load_address>
         <run_address>0x2001024c</run_address>
         <size>0x48</size>
         <input_file_ref idref="fl-2d"/>
      </object_component>
      <object_component id="oc-8c8">
         <name>.text:Power_releaseConstraint</name>
         <load_address>0x20010294</load_address>
         <run_address>0x20010294</run_address>
         <size>0x48</size>
         <input_file_ref idref="fl-15"/>
      </object_component>
      <object_component id="oc-190">
         <name>.text:exit</name>
         <load_address>0x200102dc</load_address>
         <run_address>0x200102dc</run_address>
         <size>0x48</size>
         <input_file_ref idref="fl-102"/>
      </object_component>
      <object_component id="oc-48f">
         <name>.text</name>
         <load_address>0x20010324</load_address>
         <run_address>0x20010324</run_address>
         <size>0x48</size>
         <input_file_ref idref="fl-f8"/>
      </object_component>
      <object_component id="oc-2d2">
         <name>.text:CodecRegWrite</name>
         <load_address>0x2001036c</load_address>
         <run_address>0x2001036c</run_address>
         <size>0x46</size>
         <input_file_ref idref="fl-3"/>
      </object_component>
      <object_component id="oc-8d0">
         <name>.text:ClockP_stop</name>
         <load_address>0x200103b4</load_address>
         <run_address>0x200103b4</run_address>
         <size>0x44</size>
         <input_file_ref idref="fl-24"/>
      </object_component>
      <object_component id="oc-7c0">
         <name>.text:HOSTclose</name>
         <load_address>0x200103f8</load_address>
         <run_address>0x200103f8</run_address>
         <size>0x44</size>
         <input_file_ref idref="fl-11b"/>
      </object_component>
      <object_component id="oc-7d8">
         <name>.text:HOSTunlink</name>
         <load_address>0x2001043c</load_address>
         <run_address>0x2001043c</run_address>
         <size>0x44</size>
         <input_file_ref idref="fl-120"/>
      </object_component>
      <object_component id="oc-2b3">
         <name>.text:I2C_init</name>
         <load_address>0x20010480</load_address>
         <run_address>0x20010480</run_address>
         <size>0x44</size>
         <input_file_ref idref="fl-13"/>
      </object_component>
      <object_component id="oc-30e">
         <name>.text:I2SSerializerConfig</name>
         <load_address>0x200104c4</load_address>
         <run_address>0x200104c4</run_address>
         <size>0x44</size>
         <input_file_ref idref="fl-2a"/>
      </object_component>
      <object_component id="oc-76d">
         <name>.text:PRCMLPDSRestoreInfoSet</name>
         <load_address>0x20010508</load_address>
         <run_address>0x20010508</run_address>
         <size>0x44</size>
         <input_file_ref idref="fl-2d"/>
      </object_component>
      <object_component id="oc-63e">
         <name>.text:PowerCC32XX_enterLPDS</name>
         <load_address>0x2001054c</load_address>
         <run_address>0x2001054c</run_address>
         <size>0x44</size>
         <input_file_ref idref="fl-16"/>
      </object_component>
      <object_component id="oc-738">
         <name>.text:SemaphoreP_post</name>
         <load_address>0x20010590</load_address>
         <run_address>0x20010590</run_address>
         <size>0x44</size>
         <input_file_ref idref="fl-22"/>
      </object_component>
      <object_component id="oc-582">
         <name>.text:SwiP_restore</name>
         <load_address>0x200105d4</load_address>
         <run_address>0x200105d4</run_address>
         <size>0x44</size>
         <input_file_ref idref="fl-28"/>
      </object_component>
      <object_component id="oc-196">
         <name>.text:__TI_auto_init_nobinit_nopinit:__TI_auto_init_nobinit_nopinit</name>
         <load_address>0x20010618</load_address>
         <run_address>0x20010618</run_address>
         <size>0x44</size>
         <input_file_ref idref="fl-117"/>
      </object_component>
      <object_component id="oc-8e6">
         <name>.text:getdevice</name>
         <load_address>0x2001065c</load_address>
         <run_address>0x2001065c</run_address>
         <size>0x44</size>
         <input_file_ref idref="fl-126"/>
      </object_component>
      <object_component id="oc-2bf">
         <name>.text:I2C_open</name>
         <load_address>0x200106a0</load_address>
         <run_address>0x200106a0</run_address>
         <size>0x40</size>
         <input_file_ref idref="fl-13"/>
      </object_component>
      <object_component id="oc-36f">
         <name>.text:PinModeSet</name>
         <load_address>0x200106e0</load_address>
         <run_address>0x200106e0</run_address>
         <size>0x40</size>
         <input_file_ref idref="fl-2c"/>
      </object_component>
      <object_component id="oc-4b7">
         <name>.text:_fcpy</name>
         <load_address>0x20010720</load_address>
         <run_address>0x20010720</run_address>
         <size>0x3e</size>
         <input_file_ref idref="fl-eb"/>
      </object_component>
      <object_component id="oc-840">
         <name>.text:ClockP_destruct</name>
         <load_address>0x20010760</load_address>
         <run_address>0x20010760</run_address>
         <size>0x3c</size>
         <input_file_ref idref="fl-24"/>
      </object_component>
      <object_component id="oc-720">
         <name>.text:Power_setConstraint</name>
         <load_address>0x2001079c</load_address>
         <run_address>0x2001079c</run_address>
         <size>0x3c</size>
         <input_file_ref idref="fl-15"/>
      </object_component>
      <object_component id="oc-56b">
         <name>.text:getCountsRTC</name>
         <load_address>0x200107d8</load_address>
         <run_address>0x200107d8</run_address>
         <size>0x3a</size>
         <input_file_ref idref="fl-26"/>
      </object_component>
      <object_component id="oc-2d9">
         <name>.text:CodecRegRead</name>
         <load_address>0x20010812</load_address>
         <run_address>0x20010812</run_address>
         <size>0x38</size>
         <input_file_ref idref="fl-3"/>
      </object_component>
      <object_component id="oc-160">
         <name>.text:ConfigureI2C</name>
         <load_address>0x2001084a</load_address>
         <run_address>0x2001084a</run_address>
         <size>0x38</size>
         <input_file_ref idref="fl-3"/>
      </object_component>
      <object_component id="oc-65b">
         <name>.text:PRCMLPDSEnterKeepDebugIf</name>
         <load_address>0x20010884</load_address>
         <run_address>0x20010884</run_address>
         <size>0x38</size>
         <input_file_ref idref="fl-2d"/>
      </object_component>
      <object_component id="oc-88d">
         <name>.text:__TI_writemsg</name>
         <load_address>0x200108bc</load_address>
         <run_address>0x200108bc</run_address>
         <size>0x38</size>
         <input_file_ref idref="fl-122"/>
      </object_component>
      <object_component id="oc-d6">
         <name>.text:addToList</name>
         <load_address>0x200108f4</load_address>
         <run_address>0x200108f4</run_address>
         <size>0x38</size>
         <input_file_ref idref="fl-24"/>
      </object_component>
      <object_component id="oc-54">
         <name>.text:initVectors</name>
         <load_address>0x2001092c</load_address>
         <run_address>0x2001092c</run_address>
         <size>0x38</size>
         <input_file_ref idref="fl-27"/>
      </object_component>
      <object_component id="oc-62c">
         <name>.text:notify</name>
         <load_address>0x20010964</load_address>
         <run_address>0x20010964</run_address>
         <size>0x38</size>
         <input_file_ref idref="fl-15"/>
      </object_component>
      <object_component id="oc-910">
         <name>.text:strncpy</name>
         <load_address>0x2001099c</load_address>
         <run_address>0x2001099c</run_address>
         <size>0x36</size>
         <input_file_ref idref="fl-129"/>
      </object_component>
      <object_component id="oc-55f">
         <name>.text:ClockP_getTicksUntilInterrupt</name>
         <load_address>0x200109d4</load_address>
         <run_address>0x200109d4</run_address>
         <size>0x34</size>
         <input_file_ref idref="fl-24"/>
      </object_component>
      <object_component id="oc-623">
         <name>.text:ClockP_startup</name>
         <load_address>0x20010a08</load_address>
         <run_address>0x20010a08</run_address>
         <size>0x34</size>
         <input_file_ref idref="fl-24"/>
      </object_component>
      <object_component id="oc-369">
         <name>.text:PinModeGet</name>
         <load_address>0x20010a3c</load_address>
         <run_address>0x20010a3c</run_address>
         <size>0x34</size>
         <input_file_ref idref="fl-2c"/>
      </object_component>
      <object_component id="oc-695">
         <name>.text:__TI_cleanup</name>
         <load_address>0x20010a70</load_address>
         <run_address>0x20010a70</run_address>
         <size>0x34</size>
         <input_file_ref idref="fl-114"/>
      </object_component>
      <object_component id="oc-893">
         <name>.text:__TI_readmsg</name>
         <load_address>0x20010aa4</load_address>
         <run_address>0x20010aa4</run_address>
         <size>0x34</size>
         <input_file_ref idref="fl-122"/>
      </object_component>
      <object_component id="oc-82e">
         <name>.text:ClockP_start</name>
         <load_address>0x20010ad8</load_address>
         <run_address>0x20010ad8</run_address>
         <size>0x30</size>
         <input_file_ref idref="fl-24"/>
      </object_component>
      <object_component id="oc-77c">
         <name>.text:PowerCC32XX_restoreParkedPin</name>
         <load_address>0x20010b08</load_address>
         <run_address>0x20010b08</run_address>
         <size>0x30</size>
         <input_file_ref idref="fl-15"/>
      </object_component>
      <object_component id="oc-916">
         <name>.text:finddevice</name>
         <load_address>0x20010b38</load_address>
         <run_address>0x20010b38</run_address>
         <size>0x30</size>
         <input_file_ref idref="fl-126"/>
      </object_component>
      <object_component id="oc-49a">
         <name>.text</name>
         <load_address>0x20010b68</load_address>
         <run_address>0x20010b68</run_address>
         <size>0x2e</size>
         <input_file_ref idref="fl-fa"/>
      </object_component>
      <object_component id="oc-172">
         <name>.text:I2SDataPut</name>
         <load_address>0x20010b96</load_address>
         <run_address>0x20010b96</run_address>
         <size>0x2c</size>
         <input_file_ref idref="fl-2a"/>
      </object_component>
      <object_component id="oc-882">
         <name>.text:unlink</name>
         <load_address>0x20010bc4</load_address>
         <run_address>0x20010bc4</run_address>
         <size>0x2c</size>
         <input_file_ref idref="fl-12c"/>
      </object_component>
      <object_component id="oc-6f5">
         <name>.text:HwiP_create</name>
         <load_address>0x20010bf0</load_address>
         <run_address>0x20010bf0</run_address>
         <size>0x2a</size>
         <input_file_ref idref="fl-25"/>
      </object_component>
      <object_component id="oc-42c">
         <name>.text:I2SGBLEnable</name>
         <load_address>0x20010c1a</load_address>
         <run_address>0x20010c1a</run_address>
         <size>0x2a</size>
         <input_file_ref idref="fl-2a"/>
      </object_component>
      <object_component id="oc-363">
         <name>.text:PRCMPeripheralClkDisable</name>
         <load_address>0x20010c44</load_address>
         <run_address>0x20010c44</run_address>
         <size>0x28</size>
         <input_file_ref idref="fl-2d"/>
      </object_component>
      <object_component id="oc-6e9">
         <name>.text:Power_registerNotify</name>
         <load_address>0x20010c6c</load_address>
         <run_address>0x20010c6c</run_address>
         <size>0x28</size>
         <input_file_ref idref="fl-15"/>
      </object_component>
      <object_component id="oc-7a0">
         <name>.text:free_list_insert</name>
         <load_address>0x20010c94</load_address>
         <run_address>0x20010c94</run_address>
         <size>0x28</size>
         <input_file_ref idref="fl-10a"/>
      </object_component>
      <object_component id="oc-681">
         <name>.text:lseek</name>
         <load_address>0x20010cbc</load_address>
         <run_address>0x20010cbc</run_address>
         <size>0x28</size>
         <input_file_ref idref="fl-124"/>
      </object_component>
      <object_component id="oc-508">
         <name>.text:write</name>
         <load_address>0x20010ce4</load_address>
         <run_address>0x20010ce4</run_address>
         <size>0x28</size>
         <input_file_ref idref="fl-10d"/>
      </object_component>
      <object_component id="oc-805">
         <name>.text:List_put</name>
         <load_address>0x20010d0c</load_address>
         <run_address>0x20010d0c</run_address>
         <size>0x26</size>
         <input_file_ref idref="fl-1e"/>
      </object_component>
      <object_component id="oc-7f4">
         <name>.text:List_remove</name>
         <load_address>0x20010d32</load_address>
         <run_address>0x20010d32</run_address>
         <size>0x26</size>
         <input_file_ref idref="fl-1e"/>
      </object_component>
      <object_component id="oc-8b5">
         <name>.text:HwiP_dispatch</name>
         <load_address>0x20010d58</load_address>
         <run_address>0x20010d58</run_address>
         <size>0x24</size>
         <input_file_ref idref="fl-25"/>
      </object_component>
      <object_component id="oc-c0">
         <name>.text:_c_int00_noargs:_c_int00_noargs</name>
         <load_address>0x20010d7c</load_address>
         <run_address>0x20010d7c</run_address>
         <size>0x24</size>
         <input_file_ref idref="fl-10f"/>
      </object_component>
      <object_component id="oc-2c6">
         <name>.text:CodecReset</name>
         <load_address>0x20010da0</load_address>
         <run_address>0x20010da0</run_address>
         <size>0x20</size>
         <input_file_ref idref="fl-3"/>
      </object_component>
      <object_component id="oc-7fc">
         <name>.text:HwiP_destruct</name>
         <load_address>0x20010dc0</load_address>
         <run_address>0x20010dc0</run_address>
         <size>0x20</size>
         <input_file_ref idref="fl-25"/>
      </object_component>
      <object_component id="oc-6c8">
         <name>.text:Power_unregisterNotify</name>
         <load_address>0x20010de0</load_address>
         <run_address>0x20010de0</run_address>
         <size>0x20</size>
         <input_file_ref idref="fl-15"/>
      </object_component>
      <object_component id="oc-4fc">
         <name>.text:memchr</name>
         <load_address>0x20010e00</load_address>
         <run_address>0x20010e00</run_address>
         <size>0x20</size>
         <input_file_ref idref="fl-109"/>
      </object_component>
      <object_component id="oc-6ce">
         <name>.text:PinToPadGet</name>
         <load_address>0x20010e20</load_address>
         <run_address>0x20010e20</run_address>
         <size>0x1c</size>
         <input_file_ref idref="fl-2c"/>
      </object_component>
      <object_component id="oc-553">
         <name>.text:SwiP_disable</name>
         <load_address>0x20010e3c</load_address>
         <run_address>0x20010e3c</run_address>
         <size>0x1c</size>
         <input_file_ref idref="fl-28"/>
      </object_component>
      <object_component id="oc-42">
         <name>.text:decompress:ZI:__TI_zero_init_nomemset:__TI_zero_init_nomemset</name>
         <load_address>0x20010e58</load_address>
         <run_address>0x20010e58</run_address>
         <size>0x1c</size>
         <input_file_ref idref="fl-ff"/>
      </object_component>
      <object_component id="oc-79a">
         <name>.text:free_list_remove</name>
         <load_address>0x20010e74</load_address>
         <run_address>0x20010e74</run_address>
         <size>0x1c</size>
         <input_file_ref idref="fl-10a"/>
      </object_component>
      <object_component id="oc-3b2">
         <name>.text:memccpy</name>
         <load_address>0x20010e90</load_address>
         <run_address>0x20010e90</run_address>
         <size>0x1c</size>
         <input_file_ref idref="fl-108"/>
      </object_component>
      <object_component id="oc-314">
         <name>.text:PinTypeI2S</name>
         <load_address>0x20010eac</load_address>
         <run_address>0x20010eac</run_address>
         <size>0x1a</size>
         <input_file_ref idref="fl-2c"/>
      </object_component>
      <object_component id="oc-1c">
         <name>.text:resetISR</name>
         <load_address>0x20010ec8</load_address>
         <run_address>0x20010ec8</run_address>
         <size>0x1a</size>
         <input_file_ref idref="fl-27"/>
      </object_component>
      <object_component id="oc-8bf">
         <name>.text:Power_idleFunc</name>
         <load_address>0x20010ee4</load_address>
         <run_address>0x20010ee4</run_address>
         <size>0x18</size>
         <input_file_ref idref="fl-15"/>
      </object_component>
      <object_component id="oc-577">
         <name>.text</name>
         <load_address>0x20010efc</load_address>
         <run_address>0x20010efc</run_address>
         <size>0x18</size>
         <input_file_ref idref="fl-fb"/>
      </object_component>
      <object_component id="oc-92d">
         <name>.text:strcmp</name>
         <load_address>0x20010f14</load_address>
         <run_address>0x20010f14</run_address>
         <size>0x18</size>
         <input_file_ref idref="fl-127"/>
      </object_component>
      <object_component id="oc-35d">
         <name>.text:PRCMHIBRegRead</name>
         <load_address>0x20010f2c</load_address>
         <run_address>0x20010f2c</run_address>
         <size>0x16</size>
         <input_file_ref idref="fl-2d"/>
      </object_component>
      <object_component id="oc-357">
         <name>.text:PRCMHIBRegWrite</name>
         <load_address>0x20010f42</load_address>
         <run_address>0x20010f42</run_address>
         <size>0x16</size>
         <input_file_ref idref="fl-2d"/>
      </object_component>
      <object_component id="oc-701">
         <name>.text:SemaphoreP_create</name>
         <load_address>0x20010f58</load_address>
         <run_address>0x20010f58</run_address>
         <size>0x16</size>
         <input_file_ref idref="fl-22"/>
      </object_component>
      <object_component id="oc-4cb">
         <name>.text:strchr</name>
         <load_address>0x20010f6e</load_address>
         <run_address>0x20010f6e</run_address>
         <size>0x16</size>
         <input_file_ref idref="fl-10b"/>
      </object_component>
      <object_component id="oc-9e">
         <name>.text:CPUcpsid</name>
         <load_address>0x20010f84</load_address>
         <run_address>0x20010f84</run_address>
         <size>0x14</size>
         <input_file_ref idref="fl-33"/>
      </object_component>
      <object_component id="oc-2cc">
         <name>.text:CodecPageSelect</name>
         <load_address>0x20010f98</load_address>
         <run_address>0x20010f98</run_address>
         <size>0x14</size>
         <input_file_ref idref="fl-3"/>
      </object_component>
      <object_component id="oc-854">
         <name>.text:HwiP_inISR</name>
         <load_address>0x20010fac</load_address>
         <run_address>0x20010fac</run_address>
         <size>0x14</size>
         <input_file_ref idref="fl-25"/>
      </object_component>
      <object_component id="oc-aa">
         <name>.text:IntVTableBaseSet</name>
         <load_address>0x20010fc0</load_address>
         <run_address>0x20010fc0</run_address>
         <size>0x14</size>
         <input_file_ref idref="fl-2b"/>
      </object_component>
      <object_component id="oc-85a">
         <name>.text:Power_disablePolicy</name>
         <load_address>0x20010fd4</load_address>
         <run_address>0x20010fd4</run_address>
         <size>0x14</size>
         <input_file_ref idref="fl-15"/>
      </object_component>
      <object_component id="oc-775">
         <name>.text:Power_getDependencyCount</name>
         <load_address>0x20010fe8</load_address>
         <run_address>0x20010fe8</run_address>
         <size>0x14</size>
         <input_file_ref idref="fl-15"/>
      </object_component>
      <object_component id="oc-8a7">
         <name>.text:strcpy</name>
         <load_address>0x20010ffc</load_address>
         <run_address>0x20010ffc</run_address>
         <size>0x14</size>
         <input_file_ref idref="fl-128"/>
      </object_component>
      <object_component id="oc-383">
         <name>.text:strlen</name>
         <load_address>0x20011010</load_address>
         <run_address>0x20011010</run_address>
         <size>0x14</size>
         <input_file_ref idref="fl-10c"/>
      </object_component>
      <object_component id="oc-6ef">
         <name>.text:HwiP_Params_init</name>
         <load_address>0x20011024</load_address>
         <run_address>0x20011024</run_address>
         <size>0x12</size>
         <input_file_ref idref="fl-25"/>
      </object_component>
      <object_component id="oc-3b8">
         <name>.text:wcslen</name>
         <load_address>0x20011036</load_address>
         <run_address>0x20011036</run_address>
         <size>0x12</size>
         <input_file_ref idref="fl-111"/>
      </object_component>
      <object_component id="oc-828">
         <name>.text:ClockP_add</name>
         <load_address>0x20011048</load_address>
         <run_address>0x20011048</run_address>
         <size>0x10</size>
         <input_file_ref idref="fl-24"/>
      </object_component>
      <object_component id="oc-54d">
         <name>.text:ClockP_getCpuFreq</name>
         <load_address>0x20011058</load_address>
         <run_address>0x20011058</run_address>
         <size>0x10</size>
         <input_file_ref idref="fl-24"/>
      </object_component>
      <object_component id="oc-565">
         <name>.text:ClockP_getSystemTicks</name>
         <load_address>0x20011068</load_address>
         <run_address>0x20011068</run_address>
         <size>0x10</size>
         <input_file_ref idref="fl-24"/>
      </object_component>
      <object_component id="oc-57c">
         <name>.text:ClockP_setTicks</name>
         <load_address>0x20011078</load_address>
         <run_address>0x20011078</run_address>
         <size>0x10</size>
         <input_file_ref idref="fl-24"/>
      </object_component>
      <object_component id="oc-6d4">
         <name>.text:HwiP_delete</name>
         <load_address>0x20011088</load_address>
         <run_address>0x20011088</run_address>
         <size>0x10</size>
         <input_file_ref idref="fl-25"/>
      </object_component>
      <object_component id="oc-3f9">
         <name>.text:HwiP_restore</name>
         <load_address>0x20011098</load_address>
         <run_address>0x20011098</run_address>
         <size>0x10</size>
         <input_file_ref idref="fl-25"/>
      </object_component>
      <object_component id="oc-2b9">
         <name>.text:I2C_Params_init</name>
         <load_address>0x200110a8</load_address>
         <run_address>0x200110a8</run_address>
         <size>0x10</size>
         <input_file_ref idref="fl-13"/>
      </object_component>
      <object_component id="oc-834">
         <name>.text:Power_enablePolicy</name>
         <load_address>0x200110b8</load_address>
         <run_address>0x200110b8</run_address>
         <size>0x10</size>
         <input_file_ref idref="fl-15"/>
      </object_component>
      <object_component id="oc-6fb">
         <name>.text:SemaphoreP_Params_init</name>
         <load_address>0x200110c8</load_address>
         <run_address>0x200110c8</run_address>
         <size>0x10</size>
         <input_file_ref idref="fl-22"/>
      </object_component>
      <object_component id="oc-6e3">
         <name>.text:HwiP_clearInterrupt</name>
         <load_address>0x200110d8</load_address>
         <run_address>0x200110d8</run_address>
         <size>0xe</size>
         <input_file_ref idref="fl-25"/>
      </object_component>
      <object_component id="oc-3f3">
         <name>.text:HwiP_disable</name>
         <load_address>0x200110e6</load_address>
         <run_address>0x200110e6</run_address>
         <size>0xe</size>
         <input_file_ref idref="fl-25"/>
      </object_component>
      <object_component id="oc-726">
         <name>.text:HwiP_disableInterrupt</name>
         <load_address>0x200110f4</load_address>
         <run_address>0x200110f4</run_address>
         <size>0xe</size>
         <input_file_ref idref="fl-25"/>
      </object_component>
      <object_component id="oc-154">
         <name>.text:HwiP_enable</name>
         <load_address>0x20011102</load_address>
         <run_address>0x20011102</run_address>
         <size>0xe</size>
         <input_file_ref idref="fl-25"/>
      </object_component>
      <object_component id="oc-732">
         <name>.text:HwiP_enableInterrupt</name>
         <load_address>0x20011110</load_address>
         <run_address>0x20011110</run_address>
         <size>0xe</size>
         <input_file_ref idref="fl-25"/>
      </object_component>
      <object_component id="oc-15">
         <name>.text:decompress:none:__TI_decompress_none</name>
         <load_address>0x2001111e</load_address>
         <run_address>0x2001111e</run_address>
         <size>0xe</size>
         <input_file_ref idref="fl-100"/>
      </object_component>
      <object_component id="oc-14e">
         <name>.text:CC3220S_LAUNCHXL_initGeneral</name>
         <load_address>0x2001112c</load_address>
         <run_address>0x2001112c</run_address>
         <size>0xc</size>
         <input_file_ref idref="fl-2"/>
      </object_component>
      <object_component id="oc-559">
         <name>.text:Power_getConstraintMask</name>
         <load_address>0x20011138</load_address>
         <run_address>0x20011138</run_address>
         <size>0xc</size>
         <input_file_ref idref="fl-15"/>
      </object_component>
      <object_component id="oc-5a8">
         <name>.text:copysign</name>
         <load_address>0x20011144</load_address>
         <run_address>0x20011144</run_address>
         <size>0xc</size>
         <input_file_ref idref="fl-112"/>
      </object_component>
      <object_component id="oc-707">
         <name>.text:postNotify</name>
         <load_address>0x20011150</load_address>
         <run_address>0x20011150</run_address>
         <size>0xc</size>
         <input_file_ref idref="fl-14"/>
      </object_component>
      <object_component id="oc-83a">
         <name>.text:ClockP_isActive</name>
         <load_address>0x2001115c</load_address>
         <run_address>0x2001115c</run_address>
         <size>0xa</size>
         <input_file_ref idref="fl-24"/>
      </object_component>
      <object_component id="oc-410">
         <name>.text:I2C_transfer</name>
         <load_address>0x20011166</load_address>
         <run_address>0x20011166</run_address>
         <size>0xa</size>
         <input_file_ref idref="fl-13"/>
      </object_component>
      <object_component id="oc-4e">
         <name>.text:IntMasterDisable</name>
         <load_address>0x20011170</load_address>
         <run_address>0x20011170</run_address>
         <size>0xa</size>
         <input_file_ref idref="fl-2b"/>
      </object_component>
      <object_component id="oc-713">
         <name>.text:I2CCC32XX_blockingCallback</name>
         <load_address>0x2001117a</load_address>
         <run_address>0x2001117a</run_address>
         <size>0x8</size>
         <input_file_ref idref="fl-14"/>
      </object_component>
      <object_component id="oc-3be">
         <name>.text:__aeabi_errno_addr</name>
         <load_address>0x20011184</load_address>
         <run_address>0x20011184</run_address>
         <size>0x8</size>
         <input_file_ref idref="fl-110"/>
      </object_component>
      <object_component id="oc-68f">
         <name>.text:malloc</name>
         <load_address>0x2001118c</load_address>
         <run_address>0x2001118c</run_address>
         <size>0x8</size>
         <input_file_ref idref="fl-10a"/>
      </object_component>
      <object_component id="oc-5f7">
         <name>.text:I2CCC32XX_control</name>
         <load_address>0x20011194</load_address>
         <run_address>0x20011194</run_address>
         <size>0x6</size>
         <input_file_ref idref="fl-14"/>
      </object_component>
      <object_component id="oc-2d8">
         <name>.text:UtilsDelay</name>
         <load_address>0x2001119a</load_address>
         <run_address>0x2001119a</run_address>
         <size>0x6</size>
         <input_file_ref idref="fl-32"/>
      </object_component>
      <object_component id="oc-664">
         <name>.text:HwiP_post</name>
         <load_address>0x200111a0</load_address>
         <run_address>0x200111a0</run_address>
         <size>0x4</size>
         <input_file_ref idref="fl-25"/>
      </object_component>
      <object_component id="oc-6da">
         <name>.text:SemaphoreP_delete</name>
         <load_address>0x200111a4</load_address>
         <run_address>0x200111a4</run_address>
         <size>0x4</size>
         <input_file_ref idref="fl-22"/>
      </object_component>
      <object_component id="oc-2ab">
         <name>.text:_outc</name>
         <load_address>0x200111a8</load_address>
         <run_address>0x200111a8</run_address>
         <size>0x4</size>
         <input_file_ref idref="fl-ea"/>
      </object_component>
      <object_component id="oc-2a5">
         <name>.text:_outs</name>
[...]
         <value>0x20010ead</value>
         <object_component_ref idref="oc-314"/>
      </symbol>
      <symbol id="sm-80d">
         <name>PinModeGet</name>
         <value>0x20010a3d</value>
         <object_component_ref idref="oc-369"/>
      </symbol>
      <symbol id="sm-80e">
         <name>PinConfigSet</name>
         <value>0x2000f0e9</value>
         <object_component_ref idref="oc-43b"/>
      </symbol>
      <symbol id="sm-80f">
         <name>PinModeSet</name>
         <value>0x200106e1</value>
         <object_component_ref idref="oc-36f"/>
      </symbol>
      <symbol id="sm-810">
         <name>PinToPadGet</name>
         <value>0x20010e21</value>
         <object_component_ref idref="oc-6ce"/>
      </symbol>
      <symbol id="sm-8e4">
         <name>PRCMLPDSRestoreInfoSet</name>
         <value>0x20010509</value>
         <object_component_ref idref="oc-76d"/>
      </symbol>
      <symbol id="sm-8e5">
         <name>PRCMPeripheralReset</name>
         <value>0x2000fd9d</value>
         <object_component_ref idref="oc-2f6"/>
      </symbol>
      <symbol id="sm-8e6">
         <name>PRCMLPDSEnter</name>
         <value>0x20010205</value>
         <object_component_ref idref="oc-655"/>
      </symbol>
      <symbol id="sm-8e7">
         <name>PRCMPeripheralClkEnable</name>
         <value>0x2001024d</value>
         <object_component_ref idref="oc-31a"/>
      </symbol>
      <symbol id="sm-8e8">
         <name>PRCMLPDSEnterKeepDebugIf</name>
         <value>0x20010885</value>
         <object_component_ref idref="oc-65b"/>
      </symbol>
      <symbol id="sm-8e9">
         <name>PRCMI2SClockFreqSet</name>
         <value>0x2000fd45</value>
         <object_component_ref idref="oc-302"/>
      </symbol>
      <symbol id="sm-8ea">
         <name>PRCMCC3200MCUInit</name>
         <value>0x2000ca91</value>
         <object_component_ref idref="oc-28b"/>
      </symbol>
      <symbol id="sm-8eb">
         <name>PRCMHIBRegWrite</name>
         <value>0x20010f43</value>
         <object_component_ref idref="oc-357"/>
      </symbol>
      <symbol id="sm-8ec">
         <name>PRCMSysResetCauseGet</name>
         <value>0x2000fb21</value>
         <object_component_ref idref="oc-351"/>
      </symbol>
      <symbol id="sm-8ed">
         <name>PRCMPeripheralClkDisable</name>
         <value>0x20010c45</value>
         <object_component_ref idref="oc-363"/>
      </symbol>
      <symbol id="sm-8ee">
         <name>PRCMHIBRegRead</name>
         <value>0x20010f2d</value>
         <object_component_ref idref="oc-35d"/>
      </symbol>
      <symbol id="sm-8f6">
         <name>UtilsDelay</name>
         <value>0x2001119b</value>
         <object_component_ref idref="oc-2d8"/>
      </symbol>
      <symbol id="sm-900">
         <name>CPUcpsid</name>
         <value>0x20010f85</value>
         <object_component_ref idref="oc-9e"/>
      </symbol>
      <symbol id="sm-910">
         <name>FlashDisable</name>
         <value>0x200101bd</value>
         <object_component_ref idref="oc-783"/>
      </symbol>
      <symbol id="sm-93c">
         <name>printf</name>
         <value>0x2000f991</value>
         <object_component_ref idref="oc-15a"/>
      </symbol>
      <symbol id="sm-aa6">
         <name>__TI_printfi</name>
         <value>0x2000c041</value>
         <object_component_ref idref="oc-299"/>
      </symbol>
      <symbol id="sm-abb">
         <name>putc</name>
         <value>0x2000ef4d</value>
         <object_component_ref idref="oc-3e5"/>
      </symbol>
      <symbol id="sm-abc">
         <name>fputc</name>
         <value>0x2000ef4d</value>
         <object_component_ref idref="oc-3e5"/>
      </symbol>
      <symbol id="sm-ada">
         <name>fputs</name>
         <value>0x2000e189</value>
         <object_component_ref idref="oc-3de"/>
      </symbol>
      <symbol id="sm-af2">
         <name>__TI_wrt_ok</name>
         <value>0x2000fa5d</value>
         <object_component_ref idref="oc-4f6"/>
      </symbol>
      <symbol id="sm-b0e">
         <name>setvbuf</name>
         <value>0x2000e75d</value>
         <object_component_ref idref="oc-5ca"/>
      </symbol>
      <symbol id="sm-b2e">
         <name>frexpl</name>
         <value>0x2000fbdd</value>
         <object_component_ref idref="oc-4bf"/>
      </symbol>
      <symbol id="sm-b2f">
         <name>frexp</name>
         <value>0x2000fbdd</value>
         <object_component_ref idref="oc-4bf"/>
      </symbol>
      <symbol id="sm-b4d">
         <name>scalbn</name>
         <value>0x2000e839</value>
         <object_component_ref idref="oc-4c5"/>
      </symbol>
      <symbol id="sm-b4e">
         <name>scalbnl</name>
         <value>0x2000e839</value>
         <object_component_ref idref="oc-4c5"/>
      </symbol>
      <symbol id="sm-b4f">
         <name>ldexpl</name>
         <value>0x2000e839</value>
         <object_component_ref idref="oc-4c5"/>
      </symbol>
      <symbol id="sm-b50">
         <name>ldexp</name>
         <value>0x2000e839</value>
         <object_component_ref idref="oc-4c5"/>
      </symbol>
      <symbol id="sm-b5d">
         <name>__aeabi_uldivmod</name>
         <value>0x2000ed09</value>
         <object_component_ref idref="oc-433"/>
      </symbol>
      <symbol id="sm-b6c">
         <name>__aeabi_memset</name>
         <value>0x2000f693</value>
         <object_component_ref idref="oc-98"/>
      </symbol>
      <symbol id="sm-b6d">
         <name>memset</name>
         <value>0x2000f699</value>
         <object_component_ref idref="oc-98"/>
      </symbol>
      <symbol id="sm-b6e">
         <name>__aeabi_memset8</name>
         <value>0x2000f693</value>
         <object_component_ref idref="oc-98"/>
      </symbol>
      <symbol id="sm-b6f">
         <name>__aeabi_memset4</name>
         <value>0x2000f693</value>
         <object_component_ref idref="oc-98"/>
      </symbol>
      <symbol id="sm-b70">
         <name>__aeabi_memclr8</name>
         <value>0x2000f691</value>
         <object_component_ref idref="oc-98"/>
      </symbol>
      <symbol id="sm-b71">
         <name>__aeabi_memclr4</name>
         <value>0x2000f691</value>
         <object_component_ref idref="oc-98"/>
      </symbol>
      <symbol id="sm-b72">
         <name>__aeabi_memclr</name>
         <value>0x2000f691</value>
         <object_component_ref idref="oc-98"/>
      </symbol>
      <symbol id="sm-b89">
         <name>__aeabi_dsub</name>
         <value>0x2000d591</value>
         <object_component_ref idref="oc-49f"/>
      </symbol>
      <symbol id="sm-b8a">
         <name>__aeabi_dadd</name>
         <value>0x2000d59b</value>
         <object_component_ref idref="oc-49f"/>
      </symbol>
      <symbol id="sm-bac">
         <name>__aeabi_cdcmpeq</name>
         <value>0x2000f1f7</value>
         <object_component_ref idref="oc-395"/>
      </symbol>
      <symbol id="sm-bad">
         <name>__aeabi_cdcmple</name>
         <value>0x2000f1f7</value>
         <object_component_ref idref="oc-395"/>
      </symbol>
      <symbol id="sm-bae">
         <name>__aeabi_cdrcmple</name>
         <value>0x2000f27d</value>
         <object_component_ref idref="oc-48a"/>
      </symbol>
      <symbol id="sm-bc2">
         <name>__aeabi_ddiv</name>
         <value>0x2000dcf5</value>
         <object_component_ref idref="oc-485"/>
      </symbol>
      <symbol id="sm-bcd">
         <name>__aeabi_dmul</name>
         <value>0x2000e399</value>
         <object_component_ref idref="oc-480"/>
      </symbol>
      <symbol id="sm-bd7">
         <name>__aeabi_d2iz</name>
         <value>0x20010325</value>
         <object_component_ref idref="oc-48f"/>
      </symbol>
      <symbol id="sm-be2">
         <name>__aeabi_i2d</name>
         <value>0x20010b69</value>
         <object_component_ref idref="oc-49a"/>
      </symbol>
      <symbol id="sm-beb">
         <name>__aeabi_lmul</name>
         <value>0x20010efd</value>
         <object_component_ref idref="oc-577"/>
      </symbol>
      <symbol id="sm-c06">
         <name>memcpy</name>
         <value>0x2000ec6d</value>
         <object_component_ref idref="oc-36"/>
      </symbol>
      <symbol id="sm-c07">
         <name>__aeabi_memcpy</name>
         <value>0x2000ec6d</value>
         <object_component_ref idref="oc-36"/>
      </symbol>
      <symbol id="sm-c08">
         <name>__aeabi_memcpy8</name>
         <value>0x2000ec6d</value>
         <object_component_ref idref="oc-36"/>
      </symbol>
      <symbol id="sm-c09">
         <name>__aeabi_memcpy4</name>
         <value>0x2000ec6d</value>
         <object_component_ref idref="oc-36"/>
      </symbol>
      <symbol id="sm-c1f">
         <name>__TI_zero_init_nomemset</name>
         <value>0x20010e59</value>
         <object_component_ref idref="oc-42"/>
      </symbol>
      <symbol id="sm-c36">
         <name>__TI_decompress_none</name>
         <value>0x2001111f</value>
         <object_component_ref idref="oc-15"/>
      </symbol>
      <symbol id="sm-c59">
         <name>__TI_decompress_lzss</name>
         <value>0x2000f8c1</value>
         <object_component_ref idref="oc-f"/>
      </symbol>
      <symbol id="sm-c7f">
         <name>C$$EXIT</name>
         <value>0x200111b5</value>
         <object_component_ref idref="oc-18a"/>
      </symbol>
      <symbol id="sm-c80">
         <name>abort</name>
         <value>0x200111b5</value>
         <object_component_ref idref="oc-18a"/>
      </symbol>
      <symbol id="sm-c81">
         <name>__TI_dtors_ptr</name>
         <value>0x200118f4</value>
         <object_component_ref idref="oc-329"/>
      </symbol>
      <symbol id="sm-c82">
         <name>__TI_cleanup_ptr</name>
         <value>0x200118f0</value>
         <object_component_ref idref="oc-329"/>
      </symbol>
      <symbol id="sm-c83">
         <name>__TI_enable_exit_profile_output</name>
         <value>0x200118f8</value>
         <object_component_ref idref="oc-329"/>
      </symbol>
      <symbol id="sm-c84">
         <name>exit</name>
         <value>0x200102dd</value>
         <object_component_ref idref="oc-190"/>
      </symbol>
      <symbol id="sm-c99">
         <name>_nop</name>
         <value>0x2000df4b</value>
         <object_component_ref idref="oc-3d0"/>
      </symbol>
      <symbol id="sm-c9a">
         <name>_lock</name>
         <value>0x200118fc</value>
         <object_component_ref idref="oc-29f"/>
      </symbol>
      <symbol id="sm-c9b">
         <name>_unlock</name>
         <value>0x20011900</value>
         <object_component_ref idref="oc-29f"/>
      </symbol>
      <symbol id="sm-cb1">
         <name>atoi</name>
         <value>0x20010125</value>
         <object_component_ref idref="oc-389"/>
      </symbol>
      <symbol id="sm-cbc">
         <name>_ctypes_</name>
         <value>0x2001192c</value>
         <object_component_ref idref="oc-479"/>
      </symbol>
      <symbol id="sm-cd1">
         <name>__TI_tmpnams</name>
         <value>0x2001208c</value>
      </symbol>
      <symbol id="sm-cd2">
         <name>__aeabi_stdout</name>
         <value>0x200118e8</value>
         <object_component_ref idref="oc-7b4"/>
      </symbol>
      <symbol id="sm-cd3">
         <name>__aeabi_stderr</name>
         <value>0x200118ec</value>
         <object_component_ref idref="oc-7b4"/>
      </symbol>
      <symbol id="sm-cd4">
         <name>__aeabi_stdin</name>
         <value>0x200118e4</value>
         <object_component_ref idref="oc-7b4"/>
      </symbol>
      <symbol id="sm-cd5">
         <name>_ftable</name>
         <value>0x20011728</value>
         <object_component_ref idref="oc-2a2"/>
      </symbol>
      <symbol id="sm-cd6">
         <name>__TI_ft_end</name>
         <value>0x200118e0</value>
         <object_component_ref idref="oc-7b4"/>
      </symbol>
      <symbol id="sm-ce5">
         <name>ltoa</name>
         <value>0x2000fea3</value>
         <object_component_ref idref="oc-494"/>
      </symbol>
      <symbol id="sm-cf5">
         <name>memccpy</name>
         <value>0x20010e91</value>
         <object_component_ref idref="oc-3b2"/>
      </symbol>
      <symbol id="sm-d05">
         <name>memchr</name>
         <value>0x20010e01</value>
         <object_component_ref idref="oc-4fc"/>
      </symbol>
      <symbol id="sm-d8c">
         <name>_sys_memory</name>
         <value>0x20004040</value>
         <object_component_ref idref="oc-25"/>
      </symbol>
      <symbol id="sm-d8d">
         <name>free</name>
         <value>0x2000e675</value>
         <object_component_ref idref="oc-689"/>
      </symbol>
      <symbol id="sm-d8e">
         <name>memalign</name>
         <value>0x2000e495</value>
         <object_component_ref idref="oc-7a7"/>
      </symbol>
      <symbol id="sm-d8f">
         <name>malloc</name>
         <value>0x2001118d</value>
         <object_component_ref idref="oc-68f"/>
      </symbol>
      <symbol id="sm-d90">
         <name>aligned_alloc</name>
         <value>0x2000e495</value>
         <object_component_ref idref="oc-7a7"/>
      </symbol>
      <symbol id="sm-da0">
         <name>strchr</name>
         <value>0x20010f6f</value>
         <object_component_ref idref="oc-4cb"/>
      </symbol>
      <symbol id="sm-dae">
         <name>strlen</name>
         <value>0x20011011</value>
         <object_component_ref idref="oc-383"/>
      </symbol>
      <symbol id="sm-dc8">
         <name>write</name>
         <value>0x20010ce5</value>
         <object_component_ref idref="oc-508"/>
      </symbol>
      <symbol id="sm-dd9">
         <name>_stream</name>
         <value>0x20011890</value>
         <object_component_ref idref="oc-5d6"/>
      </symbol>
      <symbol id="sm-dda">
         <name>_device</name>
         <value>0x20011818</value>
         <object_component_ref idref="oc-6a8"/>
      </symbol>
      <symbol id="sm-dec">
         <name>__stack</name>
         <value>0x20003000</value>
         <object_component_ref idref="oc-28"/>
      </symbol>
      <symbol id="sm-ded">
         <name>_c_int00_noargs</name>
         <value>0x20010d7d</value>
         <object_component_ref idref="oc-c0"/>
      </symbol>
      <symbol id="sm-e03">
         <name>__aeabi_errno_addr</name>
         <value>0x20011185</value>
         <object_component_ref idref="oc-3be"/>
      </symbol>
      <symbol id="sm-e04">
         <name>errno</name>
         <value>0x20011924</value>
         <object_component_ref idref="oc-4db"/>
      </symbol>
      <symbol id="sm-e1d">
         <name>wcslen</name>
         <value>0x20011037</value>
         <object_component_ref idref="oc-3b8"/>
      </symbol>
      <symbol id="sm-e27">
         <name>copysign</name>
         <value>0x20011145</value>
         <object_component_ref idref="oc-5a8"/>
      </symbol>
      <symbol id="sm-e28">
         <name>copysignl</name>
         <value>0x20011145</value>
         <object_component_ref idref="oc-5a8"/>
      </symbol>
      <symbol id="sm-e38">
         <name>__TI_doflush</name>
         <value>0x200100d9</value>
         <object_component_ref idref="oc-502"/>
      </symbol>
      <symbol id="sm-e48">
         <name>__TI_cleanup</name>
         <value>0x20010a71</value>
         <object_component_ref idref="oc-695"/>
      </symbol>
      <symbol id="sm-e5a">
         <name>fseek</name>
         <value>0x2000f9f9</value>
         <object_component_ref idref="oc-5c4"/>
      </symbol>
      <symbol id="sm-e64">
         <name>__aeabi_idiv0</name>
         <value>0x2000f7ef</value>
         <object_component_ref idref="oc-536"/>
      </symbol>
      <symbol id="sm-e65">
         <name>__aeabi_ldiv0</name>
         <value>0x2000f7ef</value>
         <object_component_ref idref="oc-536"/>
      </symbol>
      <symbol id="sm-e8d">
         <name>__TI_auto_init_nobinit_nopinit</name>
         <value>0x20010619</value>
         <object_component_ref idref="oc-196"/>
      </symbol>
      <symbol id="sm-e97">
         <name>_system_pre_init</name>
         <value>0x200111b1</value>
         <object_component_ref idref="oc-10f"/>
      </symbol>
      <symbol id="sm-eaa">
         <name>HOSTclose</name>
         <value>0x200103f9</value>
         <object_component_ref idref="oc-7c0"/>
      </symbol>
      <symbol id="sm-ebb">
         <name>HOSTlseek</name>
         <value>0x2000f7f1</value>
         <object_component_ref idref="oc-7d2"/>
      </symbol>
      <symbol id="sm-ecd">
         <name>parmbuf</name>
         <value>0x2001219d</value>
      </symbol>
      <symbol id="sm-ece">
         <name>HOSTopen</name>
         <value>0x2000fac1</value>
         <object_component_ref idref="oc-7ba"/>
      </symbol>
      <symbol id="sm-edf">
         <name>HOSTread</name>
         <value>0x2000fc95</value>
         <object_component_ref idref="oc-7c6"/>
      </symbol>
      <symbol id="sm-ef0">
         <name>HOSTrename</name>
         <value>0x2000f859</value>
         <object_component_ref idref="oc-7de"/>
      </symbol>
      <symbol id="sm-f01">
         <name>HOSTunlink</name>
         <value>0x2001043d</value>
         <object_component_ref idref="oc-7d8"/>
      </symbol>
      <symbol id="sm-f12">
         <name>HOSTwrite</name>
         <value>0x2000fced</value>
         <object_component_ref idref="oc-7cc"/>
      </symbol>
      <symbol id="sm-f36">
         <name>__TI_readmsg</name>
         <value>0x20010aa5</value>
         <object_component_ref idref="oc-893"/>
      </symbol>
      <symbol id="sm-f37">
         <name>C$$IO$$</name>
         <value>0x200108eb</value>
         <object_component_ref idref="oc-88d"/>
      </symbol>
      <symbol id="sm-f38">
         <name>__CIOBUF_</name>
         <value>0x20011f6c</value>
         <object_component_ref idref="oc-8f0"/>
      </symbol>
      <symbol id="sm-f39">
         <name>__TI_writemsg</name>
         <value>0x200108bd</value>
         <object_component_ref idref="oc-88d"/>
      </symbol>
      <symbol id="sm-f4a">
         <name>lseek</name>
         <value>0x20010cbd</value>
         <object_component_ref idref="oc-681"/>
      </symbol>
      <symbol id="sm-f5f">
         <name>__TI_closefile</name>
         <value>0x2000f70d</value>
         <object_component_ref idref="oc-7ae"/>
      </symbol>
      <symbol id="sm-f82">
         <name>finddevice</name>
         <value>0x20010b39</value>
         <object_component_ref idref="oc-916"/>
      </symbol>
      <symbol id="sm-f83">
         <name>getdevice</name>
         <value>0x2001065d</value>
         <object_component_ref idref="oc-8e6"/>
      </symbol>
      <symbol id="sm-f92">
         <name>strcmp</name>
         <value>0x20010f15</value>
         <object_component_ref idref="oc-92d"/>
      </symbol>
      <symbol id="sm-fa0">
         <name>strcpy</name>
         <value>0x20010ffd</value>
         <object_component_ref idref="oc-8a7"/>
      </symbol>
      <symbol id="sm-fb0">
         <name>strncpy</name>
         <value>0x2001099d</value>
         <object_component_ref idref="oc-910"/>
      </symbol>
      <symbol id="sm-fc5">
         <name>close</name>
         <value>0x2000fb81</value>
         <object_component_ref idref="oc-87c"/>
      </symbol>
      <symbol id="sm-fd5">
         <name>unlink</name>
         <value>0x20010bc5</value>
         <object_component_ref idref="oc-882"/>
      </symbol>
      <symbol id="sm-fd6">
         <name>__TI_static_base__</name>
         <value>0x200121a8</value>
      </symbol>
      <symbol id="sm-fd9">
         <name>__mpu_init</name>
         <value>0x0</value>
      </symbol>
      <symbol id="sm-fda">
         <name>_system_post_cinit</name>
         <value>0x0</value>
      </symbol>
      <symbol id="sm-fdb">
         <name>NoRTOS_start</name>
         <value>0x20011103</value>
      </symbol>
      <symbol id="sm-fdc">
         <name>remove</name>
         <value>0x20010bc5</value>
      </symbol>
   </symbol_table>
   <title>Link successful</title>
</link_info>
