<?xml version="1.0" encoding="ISO-8859-1" ?>
<link_info>
   <banner>TI ARM Linker PC v18.12.2.LTS</banner>
   <copyright>Copyright (c) 1996-2018 Texas Instruments Incorporated</copyright>
   <link_time>0x5d808f32</link_time>
   <link_errors>0x0</link_errors>
   <output_file>audio-interrupt.out</output_file>
   <entry_point>
      <name>resetISR</name>
      <address>0x20010f01</address>
   </entry_point>
   <input_file_list>
      <input_file id="fl-2">
         <path>.\</path>
         <kind>object</kind>
         <file>CC3220S_LAUNCHXL.obj</file>
         <name>CC3220S_LAUNCHXL.obj</name>
      </input_file>
      <input_file id="fl-3">
         <path>.\</path>
         <kind>object</kind>
         <file>config.obj</file>
         <name>config.obj</name>
      </input_file>
      <input_file id="fl-4">
         <path>.\</path>
         <kind>object</kind>
         <file>main_nortos.obj</file>
         <name>main_nortos.obj</name>
      </input_file>
      <input_file id="fl-f">
         <kind>object</kind>
         <file>&lt;internal&gt;</file>
         <name>&lt;internal&gt;</name>
      </input_file>
      <input_file id="fl-10">
         <path>C:\ti\simplelink_cc32xx_sdk_3_20_00_06\source\ti\display\lib\</path>
         <kind>archive</kind>
         <file>display.aem4</file>
         <name>DisplayUart.oem4</name>
      </input_file>
      <input_file id="fl-11">
         <path>C:\ti\simplelink_cc32xx_sdk_3_20_00_06\source\ti\drivers\lib\</path>
         <kind>archive</kind>
         <file>drivers_cc32xx.aem4</file>
         <name>ADCCC32XX.oem4</name>
      </input_file>
      <input_file id="fl-12">
         <path>C:\ti\simplelink_cc32xx_sdk_3_20_00_06\source\ti\drivers\lib\</path>
         <kind>archive</kind>
         <file>drivers_cc32xx.aem4</file>
         <name>CaptureCC32XX.oem4</name>
      </input_file>
      <input_file id="fl-13">
         <path>C:\ti\simplelink_cc32xx_sdk_3_20_00_06\source\ti\drivers\lib\</path>
         <kind>archive</kind>
         <file>drivers_cc32xx.aem4</file>
         <name>I2C.oem4</name>
      </input_file>
      <input_file id="fl-14">
         <path>C:\ti\simplelink_cc32xx_sdk_3_20_00_06\source\ti\drivers\lib\</path>
         <kind>archive</kind>
         <file>drivers_cc32xx.aem4</file>
         <name>I2CCC32XX.oem4</name>
      </input_file>
      <input_file id="fl-15">
         <path>C:\ti\simplelink_cc32xx_sdk_3_20_00_06\source\ti\drivers\lib\</path>
         <kind>archive</kind>
         <file>drivers_cc32xx.aem4</file>
         <name>PowerCC32XX.oem4</name>
      </input_file>
      <input_file id="fl-16">
         <path>C:\ti\simplelink_cc32xx_sdk_3_20_00_06\source\ti\drivers\lib\</path>
         <kind>archive</kind>
         <file>drivers_cc32xx.aem4</file>
         <name>PowerCC32XX_asm.oem4</name>
      </input_file>
      <input_file id="fl-17">
         <path>C:\ti\simplelink_cc32xx_sdk_3_20_00_06\source\ti\drivers\lib\</path>
         <kind>archive</kind>
         <file>drivers_cc32xx.aem4</file>
         <name>PWMTimerCC32XX.oem4</name>
      </input_file>
      <input_file id="fl-18">
         <path>C:\ti\simplelink_cc32xx_sdk_3_20_00_06\source\ti\drivers\lib\</path>
         <kind>archive</kind>
         <file>drivers_cc32xx.aem4</file>
         <name>SDHostCC32XX.oem4</name>
      </input_file>
      <input_file id="fl-19">
         <path>C:\ti\simplelink_cc32xx_sdk_3_20_00_06\source\ti\drivers\lib\</path>
         <kind>archive</kind>
         <file>drivers_cc32xx.aem4</file>
         <name>SPICC32XXDMA.oem4</name>
      </input_file>
      <input_file id="fl-1a">
         <path>C:\ti\simplelink_cc32xx_sdk_3_20_00_06\source\ti\drivers\lib\</path>
         <kind>archive</kind>
         <file>drivers_cc32xx.aem4</file>
         <name>TimerCC32XX.oem4</name>
      </input_file>
      <input_file id="fl-1b">
         <path>C:\ti\simplelink_cc32xx_sdk_3_20_00_06\source\ti\drivers\lib\</path>
         <kind>archive</kind>
         <file>drivers_cc32xx.aem4</file>
         <name>UART.oem4</name>
      </input_file>
      <input_file id="fl-1c">
         <path>C:\ti\simplelink_cc32xx_sdk_3_20_00_06\source\ti\drivers\lib\</path>
         <kind>archive</kind>
         <file>drivers_cc32xx.aem4</file>
         <name>UARTCC32XX.oem4</name>
      </input_file>
      <input_file id="fl-1d">
         <path>C:\ti\simplelink_cc32xx_sdk_3_20_00_06\source\ti\drivers\lib\</path>
         <kind>archive</kind>
         <file>drivers_cc32xx.aem4</file>
         <name>WatchdogCC32XX.oem4</name>
      </input_file>
      <input_file id="fl-1e">
         <path>C:\ti\simplelink_cc32xx_sdk_3_20_00_06\source\ti\drivers\lib\</path>
         <kind>archive</kind>
         <file>drivers_cc32xx.aem4</file>
         <name>List.oem4</name>
      </input_file>
      <input_file id="fl-1f">
         <path>C:\ti\simplelink_cc32xx_sdk_3_20_00_06\source\ti\drivers\lib\</path>
         <kind>archive</kind>
         <file>drivers_cc32xx.aem4</file>
         <name>RingBuf.oem4</name>
      </input_file>
      <input_file id="fl-20">
         <path>C:\ti\simplelink_cc32xx_sdk_3_20_00_06\source\ti\drivers\lib\</path>
         <kind>archive</kind>
         <file>drivers_cc32xx.aem4</file>
         <name>UDMACC32XX.oem4</name>
      </input_file>
      <input_file id="fl-21">
         <path>C:\ti\simplelink_cc32xx_sdk_3_20_00_06\kernel\nortos\lib\</path>
         <kind>archive</kind>
         <file>nortos_cc32xx.aem4</file>
         <name>NoRTOS.oem4</name>
      </input_file>
      <input_file id="fl-22">
         <path>C:\ti\simplelink_cc32xx_sdk_3_20_00_06\kernel\nortos\lib\</path>
         <kind>archive</kind>
         <file>nortos_cc32xx.aem4</file>
         <name>SemaphoreP_nortos.oem4</name>
      </input_file>
      <input_file id="fl-23">
         <path>C:\ti\simplelink_cc32xx_sdk_3_20_00_06\kernel\nortos\lib\</path>
         <kind>archive</kind>
         <file>nortos_cc32xx.aem4</file>
         <name>SystemP_nortos.oem4</name>
      </input_file>
      <input_file id="fl-24">
         <path>C:\ti\simplelink_cc32xx_sdk_3_20_00_06\kernel\nortos\lib\</path>
         <kind>archive</kind>
         <file>nortos_cc32xx.aem4</file>
         <name>ClockPSysTick_nortos.oem4</name>
      </input_file>
      <input_file id="fl-25">
         <path>C:\ti\simplelink_cc32xx_sdk_3_20_00_06\kernel\nortos\lib\</path>
         <kind>archive</kind>
         <file>nortos_cc32xx.aem4</file>
         <name>HwiPCC32XX_nortos.oem4</name>
      </input_file>
      <input_file id="fl-26">
         <path>C:\ti\simplelink_cc32xx_sdk_3_20_00_06\kernel\nortos\lib\</path>
         <kind>archive</kind>
         <file>nortos_cc32xx.aem4</file>
         <name>PowerCC32XX_nortos.oem4</name>
      </input_file>
      <input_file id="fl-27">
         <path>C:\ti\simplelink_cc32xx_sdk_3_20_00_06\kernel\nortos\lib\</path>
         <kind>archive</kind>
         <file>nortos_cc32xx.aem4</file>
         <name>startup_cc32xx_ccs.oem4</name>
      </input_file>
      <input_file id="fl-28">
         <path>C:\ti\simplelink_cc32xx_sdk_3_20_00_06\kernel\nortos\lib\</path>
         <kind>archive</kind>
         <file>nortos_cc32xx.aem4</file>
         <name>SwiP_nortos.oem4</name>
      </input_file>
      <input_file id="fl-29">
         <path>C:\ti\simplelink_cc32xx_sdk_3_20_00_06\kernel\nortos\lib\</path>
         <kind>archive</kind>
         <file>nortos_cc32xx.aem4</file>
         <name>QueueP_nortos.oem4</name>
      </input_file>
      <input_file id="fl-2a">
         <path>C:\ti\simplelink_cc32xx_sdk_3_20_00_06\source\ti\devices\cc32xx\driverlib\ccs\Release\</path>
         <kind>archive</kind>
         <file>driverlib.a</file>
         <name>i2s.obj</name>
      </input_file>
      <input_file id="fl-2b">
         <path>C:\ti\simplelink_cc32xx_sdk_3_20_00_06\source\ti\devices\cc32xx\driverlib\ccs\Release\</path>
         <kind>archive</kind>
         <file>driverlib.a</file>
         <name>interrupt.obj</name>
      </input_file>
      <input_file id="fl-2c">
         <path>C:\ti\simplelink_cc32xx_sdk_3_20_00_06\source\ti\devices\cc32xx\driverlib\ccs\Release\</path>
         <kind>archive</kind>
         <file>driverlib.a</file>
         <name>pin.obj</name>
      </input_file>
      <input_file id="fl-2d">
         <path>C:\ti\simplelink_cc32xx_sdk_3_20_00_06\source\ti\devices\cc32xx\driverlib\ccs\Release\</path>
         <kind>archive</kind>
         <file>driverlib.a</file>
         <name>prcm.obj</name>
      </input_file>
      <input_file id="fl-2e">
         <path>C:\ti\simplelink_cc32xx_sdk_3_20_00_06\source\ti\devices\cc32xx\driverlib\ccs\Release\</path>
         <kind>archive</kind>
         <file>driverlib.a</file>
         <name>sdhost.obj</name>
      </input_file>
      <input_file id="fl-2f">
         <path>C:\ti\simplelink_cc32xx_sdk_3_20_00_06\source\ti\devices\cc32xx\driverlib\ccs\Release\</path>
         <kind>archive</kind>
         <file>driverlib.a</file>
         <name>timer.obj</name>
      </input_file>
      <input_file id="fl-30">
         <path>C:\ti\simplelink_cc32xx_sdk_3_20_00_06\source\ti\devices\cc32xx\driverlib\ccs\Release\</path>
         <kind>archive</kind>
         <file>driverlib.a</file>
         <name>uart.obj</name>
      </input_file>
      <input_file id="fl-31">
         <path>C:\ti\simplelink_cc32xx_sdk_3_20_00_06\source\ti\devices\cc32xx\driverlib\ccs\Release\</path>
         <kind>archive</kind>
         <file>driverlib.a</file>
         <name>udma.obj</name>
      </input_file>
      <input_file id="fl-32">
         <path>C:\ti\simplelink_cc32xx_sdk_3_20_00_06\source\ti\devices\cc32xx\driverlib\ccs\Release\</path>
         <kind>archive</kind>
         <file>driverlib.a</file>
         <name>utils.obj</name>
      </input_file>
      <input_file id="fl-33">
         <path>C:\ti\simplelink_cc32xx_sdk_3_20_00_06\source\ti\devices\cc32xx\driverlib\ccs\Release\</path>
         <kind>archive</kind>
         <file>driverlib.a</file>
         <name>cpu.obj</name>
      </input_file>
      <input_file id="fl-34">
         <path>C:\ti\simplelink_cc32xx_sdk_3_20_00_06\source\ti\devices\cc32xx\driverlib\ccs\Release\</path>
         <kind>archive</kind>
         <file>driverlib.a</file>
         <name>flash.obj</name>
      </input_file>
      <input_file id="fl-ea">
         <path>C:\ti\ccs910\ccs\tools\compiler\ti-cgt-arm_18.12.2.LTS\lib\</path>
         <kind>archive</kind>
         <file>rtsv7M4_T_le_eabi.lib</file>
         <name>printf.c.obj</name>
      </input_file>
      <input_file id="fl-eb">
         <path>C:\ti\ccs910\ccs\tools\compiler\ti-cgt-arm_18.12.2.LTS\lib\</path>
         <kind>archive</kind>
         <file>rtsv7M4_T_le_eabi.lib</file>
         <name>_printfi.c.obj</name>
      </input_file>
      <input_file id="fl-ec">
         <path>C:\ti\ccs910\ccs\tools\compiler\ti-cgt-arm_18.12.2.LTS\lib\</path>
         <kind>archive</kind>
         <file>rtsv7M4_T_le_eabi.lib</file>
         <name>fputc.c.obj</name>
      </input_file>
      <input_file id="fl-ed">
         <path>C:\ti\ccs910\ccs\tools\compiler\ti-cgt-arm_18.12.2.LTS\lib\</path>
         <kind>archive</kind>
         <file>rtsv7M4_T_le_eabi.lib</file>
         <name>fputs.c.obj</name>
      </input_file>
      <input_file id="fl-ee">
         <path>C:\ti\ccs910\ccs\tools\compiler\ti-cgt-arm_18.12.2.LTS\lib\</path>
         <kind>archive</kind>
         <file>rtsv7M4_T_le_eabi.lib</file>
         <name>_io_perm.c.obj</name>
      </input_file>
      <input_file id="fl-ef">
         <path>C:\ti\ccs910\ccs\tools\compiler\ti-cgt-arm_18.12.2.LTS\lib\</path>
         <kind>archive</kind>
         <file>rtsv7M4_T_le_eabi.lib</file>
         <name>setvbuf.c.obj</name>
      </input_file>
      <input_file id="fl-f0">
         <path>C:\ti\ccs910\ccs\tools\compiler\ti-cgt-arm_18.12.2.LTS\lib\</path>
         <kind>archive</kind>
         <file>rtsv7M4_T_le_eabi.lib</file>
         <name>s_frexp.c.obj</name>
      </input_file>
      <input_file id="fl-f1">
         <path>C:\ti\ccs910\ccs\tools\compiler\ti-cgt-arm_18.12.2.LTS\lib\</path>
         <kind>archive</kind>
         <file>rtsv7M4_T_le_eabi.lib</file>
         <name>s_scalbn.c.obj</name>
      </input_file>
      <input_file id="fl-f2">
         <path>C:\ti\ccs910\ccs\tools\compiler\ti-cgt-arm_18.12.2.LTS\lib\</path>
         <kind>archive</kind>
         <file>rtsv7M4_T_le_eabi.lib</file>
         <name>ull_div_t2.asm.obj</name>
      </input_file>
      <input_file id="fl-f3">
         <path>C:\ti\ccs910\ccs\tools\compiler\ti-cgt-arm_18.12.2.LTS\lib\</path>
         <kind>archive</kind>
         <file>rtsv7M4_T_le_eabi.lib</file>
         <name>memset_t2.asm.obj</name>
      </input_file>
      <input_file id="fl-f4">
         <path>C:\ti\ccs910\ccs\tools\compiler\ti-cgt-arm_18.12.2.LTS\lib\</path>
         <kind>archive</kind>
         <file>rtsv7M4_T_le_eabi.lib</file>
         <name>fd_add_t2.asm.obj</name>
      </input_file>
      <input_file id="fl-f5">
         <path>C:\ti\ccs910\ccs\tools\compiler\ti-cgt-arm_18.12.2.LTS\lib\</path>
         <kind>archive</kind>
         <file>rtsv7M4_T_le_eabi.lib</file>
         <name>fd_cmp_t2.asm.obj</name>
      </input_file>
      <input_file id="fl-f6">
         <path>C:\ti\ccs910\ccs\tools\compiler\ti-cgt-arm_18.12.2.LTS\lib\</path>
         <kind>archive</kind>
         <file>rtsv7M4_T_le_eabi.lib</file>
         <name>fd_div_t2.asm.obj</name>
      </input_file>
      <input_file id="fl-f7">
         <path>C:\ti\ccs910\ccs\tools\compiler\ti-cgt-arm_18.12.2.LTS\lib\</path>
         <kind>archive</kind>
         <file>rtsv7M4_T_le_eabi.lib</file>
         <name>fd_mul_t2.asm.obj</name>
      </input_file>
      <input_file id="fl-f8">
         <path>C:\ti\ccs910\ccs\tools\compiler\ti-cgt-arm_18.12.2.LTS\lib\</path>
         <kind>archive</kind>
         <file>rtsv7M4_T_le_eabi.lib</file>
         <name>fd_toi_t2.asm.obj</name>
      </input_file>
      <input_file id="fl-f9">
         <path>C:\ti\ccs910\ccs\tools\compiler\ti-cgt-arm_18.12.2.LTS\lib\</path>
         <kind>archive</kind>
         <file>rtsv7M4_T_le_eabi.lib</file>
         <name>fd_tou_t2.asm.obj</name>
      </input_file>
      <input_file id="fl-fa">
         <path>C:\ti\ccs910\ccs\tools\compiler\ti-cgt-arm_18.12.2.LTS\lib\</path>
         <kind>archive</kind>
         <file>rtsv7M4_T_le_eabi.lib</file>
         <name>i_tofd_t2.asm.obj</name>
      </input_file>
      <input_file id="fl-fb">
         <path>C:\ti\ccs910\ccs\tools\compiler\ti-cgt-arm_18.12.2.LTS\lib\</path>
         <kind>archive</kind>
         <file>rtsv7M4_T_le_eabi.lib</file>
         <name>ll_mul_t2.asm.obj</name>
      </input_file>
      <input_file id="fl-fc">
         <path>C:\ti\ccs910\ccs\tools\compiler\ti-cgt-arm_18.12.2.LTS\lib\</path>
         <kind>archive</kind>
         <file>rtsv7M4_T_le_eabi.lib</file>
         <name>memcpy_t2.asm.obj</name>
      </input_file>
      <input_file id="fl-fd">
         <path>C:\ti\ccs910\ccs\tools\compiler\ti-cgt-arm_18.12.2.LTS\lib\</path>
         <kind>archive</kind>
         <file>rtsv7M4_T_le_eabi.lib</file>
         <name>u_tofd_t2.asm.obj</name>
      </input_file>
      <input_file id="fl-fe">
         <path>C:\ti\ccs910\ccs\tools\compiler\ti-cgt-arm_18.12.2.LTS\lib\</path>
         <kind>archive</kind>
         <file>rtsv7M4_T_le_eabi.lib</file>
         <name>u_divt2.asm.obj</name>
      </input_file>
      <input_file id="fl-ff">
         <path>C:\ti\ccs910\ccs\tools\compiler\ti-cgt-arm_18.12.2.LTS\lib\</path>
         <kind>archive</kind>
         <file>rtsv7M4_T_le_eabi.lib</file>
         <name>copy_zero_init.c.obj</name>
      </input_file>
      <input_file id="fl-100">
         <path>C:\ti\ccs910\ccs\tools\compiler\ti-cgt-arm_18.12.2.LTS\lib\</path>
         <kind>archive</kind>
         <file>rtsv7M4_T_le_eabi.lib</file>
         <name>copy_decompress_none.c.obj</name>
      </input_file>
      <input_file id="fl-101">
         <path>C:\ti\ccs910\ccs\tools\compiler\ti-cgt-arm_18.12.2.LTS\lib\</path>
         <kind>archive</kind>
         <file>rtsv7M4_T_le_eabi.lib</file>
         <name>copy_decompress_lzss.c.obj</name>
      </input_file>
      <input_file id="fl-102">
         <path>C:\ti\ccs910\ccs\tools\compiler\ti-cgt-arm_18.12.2.LTS\lib\</path>
         <kind>archive</kind>
         <file>rtsv7M4_T_le_eabi.lib</file>
         <name>exit.c.obj</name>
      </input_file>
      <input_file id="fl-103">
         <path>C:\ti\ccs910\ccs\tools\compiler\ti-cgt-arm_18.12.2.LTS\lib\</path>
         <kind>archive</kind>
         <file>rtsv7M4_T_le_eabi.lib</file>
         <name>_lock.c.obj</name>
      </input_file>
      <input_file id="fl-104">
         <path>C:\ti\ccs910\ccs\tools\compiler\ti-cgt-arm_18.12.2.LTS\lib\</path>
         <kind>archive</kind>
         <file>rtsv7M4_T_le_eabi.lib</file>
         <name>atoi.c.obj</name>
      </input_file>
      <input_file id="fl-105">
         <path>C:\ti\ccs910\ccs\tools\compiler\ti-cgt-arm_18.12.2.LTS\lib\</path>
         <kind>archive</kind>
         <file>rtsv7M4_T_le_eabi.lib</file>
         <name>ctype.c.obj</name>
      </input_file>
      <input_file id="fl-106">
         <path>C:\ti\ccs910\ccs\tools\compiler\ti-cgt-arm_18.12.2.LTS\lib\</path>
         <kind>archive</kind>
         <file>rtsv7M4_T_le_eabi.lib</file>
         <name>defs.c.obj</name>
      </input_file>
      <input_file id="fl-107">
         <path>C:\ti\ccs910\ccs\tools\compiler\ti-cgt-arm_18.12.2.LTS\lib\</path>
         <kind>archive</kind>
         <file>rtsv7M4_T_le_eabi.lib</file>
         <name>ltoa.c.obj</name>
      </input_file>
      <input_file id="fl-108">
         <path>C:\ti\ccs910\ccs\tools\compiler\ti-cgt-arm_18.12.2.LTS\lib\</path>
         <kind>archive</kind>
         <file>rtsv7M4_T_le_eabi.lib</file>
         <name>memccpy.c.obj</name>
      </input_file>
      <input_file id="fl-109">
         <path>C:\ti\ccs910\ccs\tools\compiler\ti-cgt-arm_18.12.2.LTS\lib\</path>
         <kind>archive</kind>
         <file>rtsv7M4_T_le_eabi.lib</file>
         <name>memchr.c.obj</name>
      </input_file>
      <input_file id="fl-10a">
         <path>C:\ti\ccs910\ccs\tools\compiler\ti-cgt-arm_18.12.2.LTS\lib\</path>
         <kind>archive</kind>
         <file>rtsv7M4_T_le_eabi.lib</file>
         <name>memory.c.obj</name>
      </input_file>
      <input_file id="fl-10b">
         <path>C:\ti\ccs910\ccs\tools\compiler\ti-cgt-arm_18.12.2.LTS\lib\</path>
         <kind>archive</kind>
         <file>rtsv7M4_T_le_eabi.lib</file>
         <name>strchr.c.obj</name>
      </input_file>
      <input_file id="fl-10c">
         <path>C:\ti\ccs910\ccs\tools\compiler\ti-cgt-arm_18.12.2.LTS\lib\</path>
         <kind>archive</kind>
         <file>rtsv7M4_T_le_eabi.lib</file>
         <name>strlen.c.obj</name>
      </input_file>
      <input_file id="fl-10d">
         <path>C:\ti\ccs910\ccs\tools\compiler\ti-cgt-arm_18.12.2.LTS\lib\</path>
         <kind>archive</kind>
         <file>rtsv7M4_T_le_eabi.lib</file>
         <name>write.c.obj</name>
      </input_file>
      <input_file id="fl-10e">
         <path>C:\ti\ccs910\ccs\tools\compiler\ti-cgt-arm_18.12.2.LTS\lib\</path>
         <kind>archive</kind>
         <file>rtsv7M4_T_le_eabi.lib</file>
         <name>host_device.c.obj</name>
      </input_file>
      <input_file id="fl-10f">
         <path>C:\ti\ccs910\ccs\tools\compiler\ti-cgt-arm_18.12.2.LTS\lib\</path>
         <kind>archive</kind>
         <file>rtsv7M4_T_le_eabi.lib</file>
         <name>boot_cortex_m.c.obj</name>
      </input_file>
      <input_file id="fl-110">
         <path>C:\ti\ccs910\ccs\tools\compiler\ti-cgt-arm_18.12.2.LTS\lib\</path>
         <kind>archive</kind>
         <file>rtsv7M4_T_le_eabi.lib</file>
         <name>errno.c.obj</name>
      </input_file>
      <input_file id="fl-111">
         <path>C:\ti\ccs910\ccs\tools\compiler\ti-cgt-arm_18.12.2.LTS\lib\</path>
         <kind>archive</kind>
         <file>rtsv7M4_T_le_eabi.lib</file>
         <name>wcslen.c.obj</name>
      </input_file>
      <input_file id="fl-112">
         <path>C:\ti\ccs910\ccs\tools\compiler\ti-cgt-arm_18.12.2.LTS\lib\</path>
         <kind>archive</kind>
         <file>rtsv7M4_T_le_eabi.lib</file>
         <name>s_copysign.c.obj</name>
      </input_file>
      <input_file id="fl-113">
         <path>C:\ti\ccs910\ccs\tools\compiler\ti-cgt-arm_18.12.2.LTS\lib\</path>
         <kind>archive</kind>
         <file>rtsv7M4_T_le_eabi.lib</file>
         <name>fflush.c.obj</name>
      </input_file>
      <input_file id="fl-114">
         <path>C:\ti\ccs910\ccs\tools\compiler\ti-cgt-arm_18.12.2.LTS\lib\</path>
         <kind>archive</kind>
         <file>rtsv7M4_T_le_eabi.lib</file>
         <name>fopen.c.obj</name>
      </input_file>
      <input_file id="fl-115">
         <path>C:\ti\ccs910\ccs\tools\compiler\ti-cgt-arm_18.12.2.LTS\lib\</path>
         <kind>archive</kind>
         <file>rtsv7M4_T_le_eabi.lib</file>
         <name>fseek.c.obj</name>
      </input_file>
      <input_file id="fl-116">
         <path>C:\ti\ccs910\ccs\tools\compiler\ti-cgt-arm_18.12.2.LTS\lib\</path>
         <kind>archive</kind>
         <file>rtsv7M4_T_le_eabi.lib</file>
         <name>div0.asm.obj</name>
      </input_file>
      <input_file id="fl-117">
         <path>C:\ti\ccs910\ccs\tools\compiler\ti-cgt-arm_18.12.2.LTS\lib\</path>
         <kind>archive</kind>
         <file>rtsv7M4_T_le_eabi.lib</file>
         <name>autoinit.c.obj</name>
      </input_file>
      <input_file id="fl-118">
         <path>C:\ti\ccs910\ccs\tools\compiler\ti-cgt-arm_18.12.2.LTS\lib\</path>
         <kind>archive</kind>
         <file>rtsv7M4_T_le_eabi.lib</file>
         <name>pre_init.c.obj</name>
      </input_file>
      <input_file id="fl-119">
         <path>C:\ti\ccs910\ccs\tools\compiler\ti-cgt-arm_18.12.2.LTS\lib\</path>
         <kind>archive</kind>
         <file>rtsv7M4_T_le_eabi.lib</file>
         <name>cpy_tbl.c.obj</name>
      </input_file>
      <input_file id="fl-11a">
         <path>C:\ti\ccs910\ccs\tools\compiler\ti-cgt-arm_18.12.2.LTS\lib\</path>
         <kind>archive</kind>
         <file>rtsv7M4_T_le_eabi.lib</file>
         <name>args_main.c.obj</name>
      </input_file>
      <input_file id="fl-11b">
         <path>C:\ti\ccs910\ccs\tools\compiler\ti-cgt-arm_18.12.2.LTS\lib\</path>
         <kind>archive</kind>
         <file>rtsv7M4_T_le_eabi.lib</file>
         <name>hostclose.c.obj</name>
      </input_file>
      <input_file id="fl-11c">
         <path>C:\ti\ccs910\ccs\tools\compiler\ti-cgt-arm_18.12.2.LTS\lib\</path>
         <kind>archive</kind>
         <file>rtsv7M4_T_le_eabi.lib</file>
         <name>hostlseek.c.obj</name>
      </input_file>
      <input_file id="fl-11d">
         <path>C:\ti\ccs910\ccs\tools\compiler\ti-cgt-arm_18.12.2.LTS\lib\</path>
         <kind>archive</kind>
         <file>rtsv7M4_T_le_eabi.lib</file>
         <name>hostopen.c.obj</name>
      </input_file>
      <input_file id="fl-11e">
         <path>C:\ti\ccs910\ccs\tools\compiler\ti-cgt-arm_18.12.2.LTS\lib\</path>
         <kind>archive</kind>
         <file>rtsv7M4_T_le_eabi.lib</file>
         <name>hostread.c.obj</name>
      </input_file>
      <input_file id="fl-11f">
         <path>C:\ti\ccs910\ccs\tools\compiler\ti-cgt-arm_18.12.2.LTS\lib\</path>
         <kind>archive</kind>
         <file>rtsv7M4_T_le_eabi.lib</file>
         <name>hostrename.c.obj</name>
      </input_file>
      <input_file id="fl-120">
         <path>C:\ti\ccs910\ccs\tools\compiler\ti-cgt-arm_18.12.2.LTS\lib\</path>
         <kind>archive</kind>
         <file>rtsv7M4_T_le_eabi.lib</file>
         <name>hostunlink.c.obj</name>
      </input_file>
      <input_file id="fl-121">
         <path>C:\ti\ccs910\ccs\tools\compiler\ti-cgt-arm_18.12.2.LTS\lib\</path>
         <kind>archive</kind>
         <file>rtsv7M4_T_le_eabi.lib</file>
         <name>hostwrite.c.obj</name>
      </input_file>
      <input_file id="fl-122">
         <path>C:\ti\ccs910\ccs\tools\compiler\ti-cgt-arm_18.12.2.LTS\lib\</path>
         <kind>archive</kind>
         <file>rtsv7M4_T_le_eabi.lib</file>
         <name>trgmsg.c.obj</name>
      </input_file>
      <input_file id="fl-123">
         <path>C:\ti\ccs910\ccs\tools\compiler\ti-cgt-arm_18.12.2.LTS\lib\</path>
         <kind>archive</kind>
         <file>rtsv7M4_T_le_eabi.lib</file>
         <name>open.c.obj</name>
      </input_file>
      <input_file id="fl-124">
         <path>C:\ti\ccs910\ccs\tools\compiler\ti-cgt-arm_18.12.2.LTS\lib\</path>
         <kind>archive</kind>
         <file>rtsv7M4_T_le_eabi.lib</file>
         <name>lseek.c.obj</name>
      </input_file>
      <input_file id="fl-125">
         <path>C:\ti\ccs910\ccs\tools\compiler\ti-cgt-arm_18.12.2.LTS\lib\</path>
         <kind>archive</kind>
         <file>rtsv7M4_T_le_eabi.lib</file>
         <name>fclose.c.obj</name>
      </input_file>
      <input_file id="fl-126">
         <path>C:\ti\ccs910\ccs\tools\compiler\ti-cgt-arm_18.12.2.LTS\lib\</path>
         <kind>archive</kind>
         <file>rtsv7M4_T_le_eabi.lib</file>
         <name>getdevice.c.obj</name>
      </input_file>
      <input_file id="fl-127">
         <path>C:\ti\ccs910\ccs\tools\compiler\ti-cgt-arm_18.12.2.LTS\lib\</path>
         <kind>archive</kind>
         <file>rtsv7M4_T_le_eabi.lib</file>
         <name>strcmp.c.obj</name>
      </input_file>
      <input_file id="fl-128">
         <path>C:\ti\ccs910\ccs\tools\compiler\ti-cgt-arm_18.12.2.LTS\lib\</path>
         <kind>archive</kind>
         <file>rtsv7M4_T_le_eabi.lib</file>
         <name>strcpy.c.obj</name>
      </input_file>
      <input_file id="fl-129">
         <path>C:\ti\ccs910\ccs\tools\compiler\ti-cgt-arm_18.12.2.LTS\lib\</path>
         <kind>archive</kind>
         <file>rtsv7M4_T_le_eabi.lib</file>
         <name>strncpy.c.obj</name>
      </input_file>
      <input_file id="fl-12a">
         <path>C:\ti\ccs910\ccs\tools\compiler\ti-cgt-arm_18.12.2.LTS\lib\</path>
         <kind>archive</kind>
         <file>rtsv7M4_T_le_eabi.lib</file>
         <name>remove.c.obj</name>
      </input_file>
      <input_file id="fl-12b">
         <path>C:\ti\ccs910\ccs\tools\compiler\ti-cgt-arm_18.12.2.LTS\lib\</path>
         <kind>archive</kind>
         <file>rtsv7M4_T_le_eabi.lib</file>
         <name>close.c.obj</name>
      </input_file>
      <input_file id="fl-12c">
         <path>C:\ti\ccs910\ccs\tools\compiler\ti-cgt-arm_18.12.2.LTS\lib\</path>
         <kind>archive</kind>
         <file>rtsv7M4_T_le_eabi.lib</file>
         <name>unlink.c.obj</name>
      </input_file>
   </input_file_list>
   <object_component_list>
      <object_component id="oc-29e">
         <name>.text:__TI_printfi</name>
         <load_address>0x2000c040</load_address>
         <run_address>0x2000c040</run_address>
         <size>0xa4e</size>
         <input_file_ref idref="fl-eb"/>
      </object_component>
      <object_component id="oc-622">
         <name>.text:I2CCC32XX_init</name>
         <load_address>0x2000ca8e</load_address>
         <run_address>0x2000ca8e</run_address>
         <size>0x2</size>
         <input_file_ref idref="fl-14"/>
      </object_component>
      <object_component id="oc-290">
         <name>.text:PRCMCC3200MCUInit</name>
         <load_address>0x2000ca90</load_address>
         <run_address>0x2000ca90</run_address>
         <size>0x42c</size>
         <input_file_ref idref="fl-2d"/>
      </object_component>
      <object_component id="oc-166">
         <name>.text:ConfigureAudioCodec</name>
         <load_address>0x2000cebc</load_address>
         <run_address>0x2000cebc</run_address>
         <size>0x2a0</size>
         <input_file_ref idref="fl-3"/>
      </object_component>
      <object_component id="oc-3c8">
         <name>.text:_pconv_a</name>
         <load_address>0x2000d15c</load_address>
         <run_address>0x2000d15c</run_address>
         <size>0x268</size>
         <input_file_ref idref="fl-eb"/>
      </object_component>
      <object_component id="oc-3b6">
         <name>.text:_pconv_g</name>
         <load_address>0x2000d3c4</load_address>
         <run_address>0x2000d3c4</run_address>
         <size>0x1cc</size>
         <input_file_ref idref="fl-eb"/>
      </object_component>
      <object_component id="oc-4c4">
         <name>.text</name>
         <load_address>0x2000d590</load_address>
         <run_address>0x2000d590</run_address>
         <size>0x1b6</size>
         <input_file_ref idref="fl-f4"/>
      </object_component>
      <object_component id="oc-48b">
         <name>.text:PowerCC32XX_initPolicy</name>
         <load_address>0x2000d746</load_address>
         <run_address>0x2000d746</run_address>
         <size>0x2</size>
         <input_file_ref idref="fl-26"/>
      </object_component>
      <object_component id="oc-491">
         <name>.text:PowerCC32XX_sleepPolicy</name>
         <load_address>0x2000d748</load_address>
         <run_address>0x2000d748</run_address>
         <size>0x198</size>
         <input_file_ref idref="fl-26"/>
      </object_component>
      <object_component id="oc-657">
         <name>.text:parkPins</name>
         <load_address>0x2000d8e0</load_address>
         <run_address>0x2000d8e0</run_address>
         <size>0x148</size>
         <input_file_ref idref="fl-15"/>
      </object_component>
      <object_component id="oc-3c2">
         <name>.text:_pconv_e</name>
         <load_address>0x2000da28</load_address>
         <run_address>0x2000da28</run_address>
         <size>0x13c</size>
         <input_file_ref idref="fl-eb"/>
      </object_component>
      <object_component id="oc-4aa">
         <name>.text</name>
         <load_address>0x2000db64</load_address>
         <run_address>0x2000db64</run_address>
         <size>0x136</size>
         <input_file_ref idref="fl-f6"/>
      </object_component>
      <object_component id="oc-732">
         <name>.text:I2CCC32XX_hwiFxn</name>
         <load_address>0x2000dc9a</load_address>
         <run_address>0x2000dc9a</run_address>
         <size>0x120</size>
         <input_file_ref idref="fl-14"/>
      </object_component>
      <object_component id="oc-3ec">
         <name>.text:_nop</name>
         <load_address>0x2000ddba</load_address>
         <run_address>0x2000ddba</run_address>
         <size>0x2</size>
         <input_file_ref idref="fl-103"/>
      </object_component>
      <object_component id="oc-4d6">
         <name>.text:fcvt</name>
         <load_address>0x2000ddbc</load_address>
         <run_address>0x2000ddbc</run_address>
         <size>0x120</size>
         <input_file_ref idref="fl-eb"/>
      </object_component>
      <object_component id="oc-596">
         <name>.text:Power_sleep</name>
         <load_address>0x2000dedc</load_address>
         <run_address>0x2000dedc</run_address>
         <size>0x11c</size>
         <input_file_ref idref="fl-15"/>
      </object_component>
      <object_component id="oc-3fa">
         <name>.text:fputs</name>
         <load_address>0x2000dff8</load_address>
         <run_address>0x2000dff8</run_address>
         <size>0x114</size>
         <input_file_ref idref="fl-ed"/>
      </object_component>
      <object_component id="oc-628">
         <name>.text:I2CCC32XX_open</name>
         <load_address>0x2000e10c</load_address>
         <run_address>0x2000e10c</run_address>
         <size>0xfc</size>
         <input_file_ref idref="fl-14"/>
      </object_component>
      <object_component id="oc-4a5">
         <name>.text</name>
         <load_address>0x2000e208</load_address>
         <run_address>0x2000e208</run_address>
         <size>0xfc</size>
         <input_file_ref idref="fl-f7"/>
      </object_component>
      <object_component id="oc-7cc">
         <name>.text:aligned_alloc</name>
         <load_address>0x2000e304</load_address>
         <run_address>0x2000e304</run_address>
         <size>0xf4</size>
         <input_file_ref idref="fl-10a"/>
      </object_component>
      <object_component id="oc-30d">
         <name>.text:I2SConfigSetExpClk</name>
         <load_address>0x2000e3f8</load_address>
         <run_address>0x2000e3f8</run_address>
         <size>0xec</size>
         <input_file_ref idref="fl-2a"/>
      </object_component>
      <object_component id="oc-6ae">
         <name>.text:free</name>
         <load_address>0x2000e4e4</load_address>
         <run_address>0x2000e4e4</run_address>
         <size>0xe8</size>
         <input_file_ref idref="fl-10a"/>
      </object_component>
      <object_component id="oc-5ef">
         <name>.text:setvbuf</name>
         <load_address>0x2000e5cc</load_address>
         <run_address>0x2000e5cc</run_address>
         <size>0xdc</size>
         <input_file_ref idref="fl-ef"/>
      </object_component>
      <object_component id="oc-4ea">
         <name>.text:scalbn</name>
         <load_address>0x2000e6a8</load_address>
         <run_address>0x2000e6a8</run_address>
         <size>0xd0</size>
         <input_file_ref idref="fl-f1"/>
      </object_component>
      <object_component id="oc-674">
         <name>.text:restoreParkedPins</name>
         <load_address>0x2000e778</load_address>
         <run_address>0x2000e778</run_address>
         <size>0xc0</size>
         <input_file_ref idref="fl-15"/>
      </object_component>
      <object_component id="oc-17e">
         <name>.text:I2S_ISR</name>
         <load_address>0x2000e838</load_address>
         <run_address>0x2000e838</run_address>
         <size>0xb4</size>
         <input_file_ref idref="fl-4"/>
      </object_component>
      <object_component id="oc-3ab">
         <name>.text:_ltostr</name>
         <load_address>0x2000e8ec</load_address>
         <run_address>0x2000e8ec</run_address>
         <size>0xb1</size>
         <input_file_ref idref="fl-eb"/>
      </object_component>
      <object_component id="oc-6e">
         <name>.text:busFaultHandler</name>
         <load_address>0x2000e99e</load_address>
         <run_address>0x2000e99e</run_address>
         <size>0x2</size>
         <input_file_ref idref="fl-27"/>
      </object_component>
      <object_component id="oc-b0">
         <name>.text:IntEnable</name>
         <load_address>0x2000e9a0</load_address>
         <run_address>0x2000e9a0</run_address>
         <size>0xa8</size>
         <input_file_ref idref="fl-2b"/>
      </object_component>
      <object_component id="oc-392">
         <name>.text:PowerCC32XX_configureWakeup</name>
         <load_address>0x2000ea48</load_address>
         <run_address>0x2000ea48</run_address>
         <size>0xa8</size>
         <input_file_ref idref="fl-15"/>
      </object_component>
      <object_component id="oc-73f">
         <name>.text:SemaphoreP_pend</name>
         <load_address>0x2000eaf0</load_address>
         <run_address>0x2000eaf0</run_address>
         <size>0xa0</size>
         <input_file_ref idref="fl-22"/>
      </object_component>
      <object_component id="oc-36">
         <name>.text</name>
         <load_address>0x2000eb90</load_address>
         <run_address>0x2000eb90</run_address>
         <size>0x9c</size>
         <input_file_ref idref="fl-fc"/>
      </object_component>
      <object_component id="oc-44f">
         <name>.text</name>
         <load_address>0x2000ec2c</load_address>
         <run_address>0x2000ec2c</run_address>
         <size>0x96</size>
         <input_file_ref idref="fl-f2"/>
      </object_component>
      <object_component id="oc-62e">
         <name>.text:I2CCC32XX_transfer</name>
         <load_address>0x2000ecc2</load_address>
         <run_address>0x2000ecc2</run_address>
         <size>0x90</size>
         <input_file_ref idref="fl-14"/>
      </object_component>
      <object_component id="oc-86b">
         <name>.text:clkFxn</name>
         <load_address>0x2000ed52</load_address>
         <run_address>0x2000ed52</run_address>
         <size>0x2</size>
         <input_file_ref idref="fl-22"/>
      </object_component>
      <object_component id="oc-668">
         <name>.text:restoreNVICRegs</name>
         <load_address>0x2000ed54</load_address>
         <run_address>0x2000ed54</run_address>
         <size>0x90</size>
         <input_file_ref idref="fl-15"/>
      </object_component>
      <object_component id="oc-832">
         <name>.text:HwiP_construct</name>
         <load_address>0x2000ede4</load_address>
         <run_address>0x2000ede4</run_address>
         <size>0x8c</size>
         <input_file_ref idref="fl-25"/>
      </object_component>
      <object_component id="oc-401">
         <name>.text:fputc</name>
         <load_address>0x2000ee70</load_address>
         <run_address>0x2000ee70</run_address>
         <size>0x8c</size>
         <input_file_ref idref="fl-ec"/>
      </object_component>
      <object_component id="oc-16c">
         <name>.text:ConfigureI2S</name>
         <load_address>0x2000eefc</load_address>
         <run_address>0x2000eefc</run_address>
         <size>0x88</size>
         <input_file_ref idref="fl-3"/>
      </object_component>
      <object_component id="oc-7b0">
         <name>.text:IntPendSet</name>
         <load_address>0x2000ef84</load_address>
         <run_address>0x2000ef84</run_address>
         <size>0x88</size>
         <input_file_ref idref="fl-2b"/>
      </object_component>
      <object_component id="oc-457">
         <name>.text:PinConfigSet</name>
         <load_address>0x2000f00c</load_address>
         <run_address>0x2000f00c</run_address>
         <size>0x88</size>
         <input_file_ref idref="fl-2c"/>
      </object_component>
      <object_component id="oc-751">
         <name>.text:I2CCC32XX_primeTransfer</name>
         <load_address>0x2000f094</load_address>
         <run_address>0x2000f094</run_address>
         <size>0x86</size>
         <input_file_ref idref="fl-14"/>
      </object_component>
      <object_component id="oc-3b1">
         <name>.text:__aeabi_cdcmple</name>
         <load_address>0x2000f11a</load_address>
         <run_address>0x2000f11a</run_address>
         <size>0x86</size>
         <input_file_ref idref="fl-f5"/>
      </object_component>
      <object_component id="oc-4af">
         <name>.text:__aeabi_cdrcmple</name>
         <load_address>0x2000f1a0</load_address>
         <run_address>0x2000f1a0</run_address>
         <size>0x86</size>
         <input_file_ref idref="fl-f5"/>
      </object_component>
      <object_component id="oc-68">
         <name>.text:defaultHandler</name>
         <load_address>0x2000f226</load_address>
         <run_address>0x2000f226</run_address>
         <size>0x2</size>
         <input_file_ref idref="fl-27"/>
      </object_component>
      <object_component id="oc-616">
         <name>.text:I2CCC32XX_close</name>
         <load_address>0x2000f228</load_address>
         <run_address>0x2000f228</run_address>
         <size>0x84</size>
         <input_file_ref idref="fl-14"/>
      </object_component>
      <object_component id="oc-301">
         <name>.text:I2SEnable</name>
         <load_address>0x2000f2ac</load_address>
         <run_address>0x2000f2ac</run_address>
         <size>0x84</size>
         <input_file_ref idref="fl-2a"/>
      </object_component>
      <object_component id="oc-296">
         <name>.text:Power_init</name>
         <load_address>0x2000f330</load_address>
         <run_address>0x2000f330</run_address>
         <size>0x84</size>
         <input_file_ref idref="fl-15"/>
      </object_component>
      <object_component id="oc-65d">
         <name>.text:saveNVICRegs</name>
         <load_address>0x2000f3b4</load_address>
         <run_address>0x2000f3b4</run_address>
         <size>0x84</size>
         <input_file_ref idref="fl-15"/>
      </object_component>
      <object_component id="oc-2f5">
         <name>.text:Power_setDependency</name>
         <load_address>0x2000f438</load_address>
         <run_address>0x2000f438</run_address>
         <size>0x80</size>
         <input_file_ref idref="fl-15"/>
      </object_component>
      <object_component id="oc-610">
         <name>.text:I2CCC32XX_cancel</name>
         <load_address>0x2000f4b8</load_address>
         <run_address>0x2000f4b8</run_address>
         <size>0x7e</size>
         <input_file_ref idref="fl-14"/>
      </object_component>
      <object_component id="oc-62">
         <name>.text:faultISR</name>
         <load_address>0x2000f536</load_address>
         <run_address>0x2000f536</run_address>
         <size>0x2</size>
         <input_file_ref idref="fl-27"/>
      </object_component>
      <object_component id="oc-89a">
         <name>.text:split</name>
         <load_address>0x2000f538</load_address>
         <run_address>0x2000f538</run_address>
         <size>0x7c</size>
         <input_file_ref idref="fl-10a"/>
      </object_component>
      <object_component id="oc-98">
         <name>.text</name>
         <load_address>0x2000f5b4</load_address>
         <run_address>0x2000f5b4</run_address>
         <size>0x7a</size>
         <input_file_ref idref="fl-f3"/>
      </object_component>
      <object_component id="oc-5c">
         <name>.text:nmiISR</name>
         <load_address>0x2000f62e</load_address>
         <run_address>0x2000f62e</run_address>
         <size>0x2</size>
         <input_file_ref idref="fl-27"/>
      </object_component>
      <object_component id="oc-7d3">
         <name>.text:__TI_closefile</name>
         <load_address>0x2000f630</load_address>
         <run_address>0x2000f630</run_address>
         <size>0x74</size>
         <input_file_ref idref="fl-125"/>
      </object_component>
      <object_component id="oc-115">
         <name>.text:main</name>
         <load_address>0x2000f6a4</load_address>
         <run_address>0x2000f6a4</run_address>
         <size>0x74</size>
         <input_file_ref idref="fl-4"/>
      </object_component>
      <object_component id="oc-4cf">
         <name>.text:_mcpy</name>
         <load_address>0x2000f718</load_address>
         <run_address>0x2000f718</run_address>
         <size>0x6e</size>
         <input_file_ref idref="fl-eb"/>
      </object_component>
      <object_component id="oc-55b">
         <name>.text</name>
         <load_address>0x2000f786</load_address>
         <run_address>0x2000f786</run_address>
         <size>0x2</size>
         <input_file_ref idref="fl-116"/>
      </object_component>
      <object_component id="oc-7f7">
         <name>.text:HOSTlseek</name>
         <load_address>0x2000f788</load_address>
         <run_address>0x2000f788</run_address>
         <size>0x68</size>
         <input_file_ref idref="fl-11c"/>
      </object_component>
      <object_component id="oc-803">
         <name>.text:HOSTrename</name>
         <load_address>0x2000f7f0</load_address>
         <run_address>0x2000f7f0</run_address>
         <size>0x68</size>
         <input_file_ref idref="fl-11f"/>
      </object_component>
      <object_component id="oc-f">
         <name>.text:decompress:lzss:__TI_decompress_lzss</name>
         <load_address>0x2000f858</load_address>
         <run_address>0x2000f858</run_address>
         <size>0x68</size>
         <input_file_ref idref="fl-101"/>
      </object_component>
      <object_component id="oc-6e0">
         <name>.text:initHw</name>
         <load_address>0x2000f8c0</load_address>
         <run_address>0x2000f8c0</run_address>
         <size>0x68</size>
         <input_file_ref idref="fl-14"/>
      </object_component>
      <object_component id="oc-15a">
         <name>.text:printf</name>
         <load_address>0x2000f928</load_address>
         <run_address>0x2000f928</run_address>
         <size>0x68</size>
         <input_file_ref idref="fl-ea"/>
      </object_component>
      <object_component id="oc-5e9">
         <name>.text:fseek</name>
         <load_address>0x2000f990</load_address>
         <run_address>0x2000f990</run_address>
         <size>0x64</size>
         <input_file_ref idref="fl-115"/>
      </object_component>
      <object_component id="oc-51b">
         <name>.text:__TI_wrt_ok</name>
         <load_address>0x2000f9f4</load_address>
         <run_address>0x2000f9f4</run_address>
         <size>0x62</size>
         <input_file_ref idref="fl-ee"/>
      </object_component>
      <object_component id="oc-7df">
         <name>.text:HOSTopen</name>
         <load_address>0x2000fa58</load_address>
         <run_address>0x2000fa58</run_address>
         <size>0x60</size>
         <input_file_ref idref="fl-11d"/>
      </object_component>
      <object_component id="oc-36d">
         <name>.text:PRCMSysResetCauseGet</name>
         <load_address>0x2000fab8</load_address>
         <run_address>0x2000fab8</run_address>
         <size>0x60</size>
         <input_file_ref idref="fl-2d"/>
      </object_component>
      <object_component id="oc-8a1">
         <name>.text:close</name>
         <load_address>0x2000fb18</load_address>
         <run_address>0x2000fb18</run_address>
         <size>0x5c</size>
         <input_file_ref idref="fl-12b"/>
      </object_component>
      <object_component id="oc-4e4">
         <name>.text:frexp</name>
         <load_address>0x2000fb74</load_address>
         <run_address>0x2000fb74</run_address>
         <size>0x5c</size>
         <input_file_ref idref="fl-f0"/>
      </object_component>
      <object_component id="oc-777">
         <name>.text:sysTickInit</name>
         <load_address>0x2000fbd0</load_address>
         <run_address>0x2000fbd0</run_address>
         <size>0x5c</size>
         <input_file_ref idref="fl-24"/>
      </object_component>
      <object_component id="oc-7eb">
         <name>.text:HOSTread</name>
         <load_address>0x2000fc2c</load_address>
         <run_address>0x2000fc2c</run_address>
         <size>0x58</size>
         <input_file_ref idref="fl-11e"/>
      </object_component>
      <object_component id="oc-7f1">
         <name>.text:HOSTwrite</name>
         <load_address>0x2000fc84</load_address>
         <run_address>0x2000fc84</run_address>
         <size>0x58</size>
         <input_file_ref idref="fl-121"/>
      </object_component>
      <object_component id="oc-307">
         <name>.text:PRCMI2SClockFreqSet</name>
         <load_address>0x2000fcdc</load_address>
         <run_address>0x2000fcdc</run_address>
         <size>0x58</size>
         <input_file_ref idref="fl-2d"/>
      </object_component>
      <object_component id="oc-2fb">
         <name>.text:PRCMPeripheralReset</name>
         <load_address>0x2000fd34</load_address>
         <run_address>0x2000fd34</run_address>
         <size>0x58</size>
         <input_file_ref idref="fl-2d"/>
      </object_component>
      <object_component id="oc-6e7">
         <name>.text:Power_releaseDependency</name>
         <load_address>0x2000fd8c</load_address>
         <run_address>0x2000fd8c</run_address>
         <size>0x58</size>
         <input_file_ref idref="fl-15"/>
      </object_component>
      <object_component id="oc-3bc">
         <name>.text:_pconv_f</name>
         <load_address>0x2000fde4</load_address>
         <run_address>0x2000fde4</run_address>
         <size>0x56</size>
         <input_file_ref idref="fl-eb"/>
      </object_component>
      <object_component id="oc-4b9">
         <name>.text:ltoa</name>
         <load_address>0x2000fe3a</load_address>
         <run_address>0x2000fe3a</run_address>
         <size>0x54</size>
         <input_file_ref idref="fl-107"/>
      </object_component>
      <object_component id="oc-78d">
         <name>.text:PowerCC32XX_resumeLPDS</name>
         <load_address>0x2000fe8e</load_address>
         <run_address>0x2000fe8e</run_address>
         <size>0x52</size>
         <input_file_ref idref="fl-16"/>
      </object_component>
      <object_component id="oc-4c9">
         <name>.text:_ecpy</name>
         <load_address>0x2000fee0</load_address>
         <run_address>0x2000fee0</run_address>
         <size>0x52</size>
         <input_file_ref idref="fl-eb"/>
      </object_component>
      <object_component id="oc-74">
         <name>.text:ClockP_sysTickHandler</name>
         <load_address>0x2000ff34</load_address>
         <run_address>0x2000ff34</run_address>
         <size>0x50</size>
         <input_file_ref idref="fl-24"/>
      </object_component>
      <object_component id="oc-845">
         <name>.text:I2CCC32XX_completeTransfer</name>
         <load_address>0x2000ff84</load_address>
         <run_address>0x2000ff84</run_address>
         <size>0x50</size>
         <input_file_ref idref="fl-14"/>
      </object_component>
      <object_component id="oc-83d">
         <name>.text:SemaphoreP_construct</name>
         <load_address>0x2000ffd4</load_address>
         <run_address>0x2000ffd4</run_address>
         <size>0x50</size>
         <input_file_ref idref="fl-22"/>
      </object_component>
      <object_component id="oc-784">
         <name>.text:PowerCC32XX_parkPin</name>
         <load_address>0x20010024</load_address>
         <run_address>0x20010024</run_address>
         <size>0x4c</size>
         <input_file_ref idref="fl-15"/>
      </object_component>
      <object_component id="oc-527">
         <name>.text:__TI_doflush</name>
         <load_address>0x20010070</load_address>
         <run_address>0x20010070</run_address>
         <size>0x4c</size>
         <input_file_ref idref="fl-113"/>
      </object_component>
      <object_component id="oc-3a5">
         <name>.text:atoi</name>
         <load_address>0x200100bc</load_address>
         <run_address>0x200100bc</run_address>
         <size>0x4c</size>
         <input_file_ref idref="fl-104"/>
      </object_component>
      <object_component id="oc-66e">
         <name>.text:restorePeriphClocks</name>
         <load_address>0x20010108</load_address>
         <run_address>0x20010108</run_address>
         <size>0x4c</size>
         <input_file_ref idref="fl-15"/>
      </object_component>
      <object_component id="oc-7a8">
         <name>.text:FlashDisable</name>
         <load_address>0x20010154</load_address>
         <run_address>0x20010154</run_address>
         <size>0x48</size>
         <input_file_ref idref="fl-34"/>
      </object_component>
      <object_component id="oc-67a">
         <name>.text:PRCMLPDSEnter</name>
         <load_address>0x2001019c</load_address>
         <run_address>0x2001019c</run_address>
         <size>0x48</size>
         <input_file_ref idref="fl-2d"/>
      </object_component>
      <object_component id="oc-31f">
         <name>.text:PRCMPeripheralClkEnable</name>
         <load_address>0x200101e4</load_address>
         <run_address>0x200101e4</run_address>
         <size>0x48</size>
         <input_file_ref idref="fl-2d"/>
      </object_component>
      <object_component id="oc-8ed">
         <name>.text:Power_releaseConstraint</name>
         <load_address>0x2001022c</load_address>
         <run_address>0x2001022c</run_address>
         <size>0x48</size>
         <input_file_ref idref="fl-15"/>
      </object_component>
      <object_component id="oc-190">
         <name>.text:exit</name>
         <load_address>0x20010274</load_address>
         <run_address>0x20010274</run_address>
         <size>0x48</size>
         <input_file_ref idref="fl-102"/>
      </object_component>
      <object_component id="oc-4b4">
         <name>.text</name>
         <load_address>0x200102bc</load_address>
         <run_address>0x200102bc</run_address>
         <size>0x48</size>
         <input_file_ref idref="fl-f8"/>
      </object_component>
      <object_component id="oc-2d7">
         <name>.text:CodecRegWrite</name>
         <load_address>0x20010304</load_address>
         <run_address>0x20010304</run_address>
         <size>0x46</size>
         <input_file_ref idref="fl-3"/>
      </object_component>
      <object_component id="oc-8f5">
         <name>.text:ClockP_stop</name>
         <load_address>0x2001034c</load_address>
         <run_address>0x2001034c</run_address>
         <size>0x44</size>
         <input_file_ref idref="fl-24"/>
      </object_component>
      <object_component id="oc-7e5">
         <name>.text:HOSTclose</name>
         <load_address>0x20010390</load_address>
         <run_address>0x20010390</run_address>
         <size>0x44</size>
         <input_file_ref idref="fl-11b"/>
      </object_component>
      <object_component id="oc-7fd">
         <name>.text:HOSTunlink</name>
         <load_address>0x200103d4</load_address>
         <run_address>0x200103d4</run_address>
         <size>0x44</size>
         <input_file_ref idref="fl-120"/>
      </object_component>
      <object_component id="oc-2b8">
         <name>.text:I2C_init</name>
         <load_address>0x20010418</load_address>
         <run_address>0x20010418</run_address>
         <size>0x44</size>
         <input_file_ref idref="fl-13"/>
      </object_component>
      <object_component id="oc-313">
         <name>.text:I2SSerializerConfig</name>
         <load_address>0x2001045c</load_address>
         <run_address>0x2001045c</run_address>
         <size>0x44</size>
         <input_file_ref idref="fl-2a"/>
      </object_component>
      <object_component id="oc-792">
         <name>.text:PRCMLPDSRestoreInfoSet</name>
         <load_address>0x200104a0</load_address>
         <run_address>0x200104a0</run_address>
         <size>0x44</size>
         <input_file_ref idref="fl-2d"/>
      </object_component>
      <object_component id="oc-663">
         <name>.text:PowerCC32XX_enterLPDS</name>
         <load_address>0x200104e4</load_address>
         <run_address>0x200104e4</run_address>
         <size>0x44</size>
         <input_file_ref idref="fl-16"/>
      </object_component>
      <object_component id="oc-75d">
         <name>.text:SemaphoreP_post</name>
         <load_address>0x20010528</load_address>
         <run_address>0x20010528</run_address>
         <size>0x44</size>
         <input_file_ref idref="fl-22"/>
      </object_component>
      <object_component id="oc-5a7">
         <name>.text:SwiP_restore</name>
         <load_address>0x2001056c</load_address>
         <run_address>0x2001056c</run_address>
         <size>0x44</size>
         <input_file_ref idref="fl-28"/>
      </object_component>
      <object_component id="oc-196">
         <name>.text:__TI_auto_init_nobinit_nopinit:__TI_auto_init_nobinit_nopinit</name>
         <load_address>0x200105b0</load_address>
         <run_address>0x200105b0</run_address>
         <size>0x44</size>
         <input_file_ref idref="fl-117"/>
      </object_component>
      <object_component id="oc-90b">
         <name>.text:getdevice</name>
         <load_address>0x200105f4</load_address>
         <run_address>0x200105f4</run_address>
         <size>0x44</size>
         <input_file_ref idref="fl-126"/>
      </object_component>
      <object_component id="oc-2c4">
         <name>.text:I2C_open</name>
         <load_address>0x20010638</load_address>
         <run_address>0x20010638</run_address>
         <size>0x40</size>
         <input_file_ref idref="fl-13"/>
      </object_component>
      <object_component id="oc-178">
         <name>.text:I2SIntEnable</name>
         <load_address>0x20010678</load_address>
         <run_address>0x20010678</run_address>
         <size>0x40</size>
         <input_file_ref idref="fl-2a"/>
      </object_component>
      <object_component id="oc-38b">
         <name>.text:PinModeSet</name>
         <load_address>0x200106b8</load_address>
         <run_address>0x200106b8</run_address>
         <size>0x40</size>
         <input_file_ref idref="fl-2c"/>
      </object_component>
      <object_component id="oc-4dc">
         <name>.text:_fcpy</name>
         <load_address>0x200106f8</load_address>
         <run_address>0x200106f8</run_address>
         <size>0x3e</size>
         <input_file_ref idref="fl-eb"/>
      </object_component>
      <object_component id="oc-865">
         <name>.text:ClockP_destruct</name>
         <load_address>0x20010738</load_address>
         <run_address>0x20010738</run_address>
         <size>0x3c</size>
         <input_file_ref idref="fl-24"/>
      </object_component>
      <object_component id="oc-745">
         <name>.text:Power_setConstraint</name>
         <load_address>0x20010774</load_address>
         <run_address>0x20010774</run_address>
         <size>0x3c</size>
         <input_file_ref idref="fl-15"/>
      </object_component>
      <object_component id="oc-590">
         <name>.text:getCountsRTC</name>
         <load_address>0x200107b0</load_address>
         <run_address>0x200107b0</run_address>
         <size>0x3a</size>
         <input_file_ref idref="fl-26"/>
      </object_component>
      <object_component id="oc-2de">
         <name>.text:CodecRegRead</name>
         <load_address>0x200107ea</load_address>
         <run_address>0x200107ea</run_address>
         <size>0x38</size>
         <input_file_ref idref="fl-3"/>
      </object_component>
      <object_component id="oc-160">
         <name>.text:ConfigureI2C</name>
         <load_address>0x20010822</load_address>
         <run_address>0x20010822</run_address>
         <size>0x38</size>
         <input_file_ref idref="fl-3"/>
      </object_component>
      <object_component id="oc-335">
         <name>.text:I2SIntClear</name>
         <load_address>0x2001085c</load_address>
         <run_address>0x2001085c</run_address>
         <size>0x38</size>
         <input_file_ref idref="fl-2a"/>
      </object_component>
      <object_component id="oc-680">
         <name>.text:PRCMLPDSEnterKeepDebugIf</name>
         <load_address>0x20010894</load_address>
         <run_address>0x20010894</run_address>
         <size>0x38</size>
         <input_file_ref idref="fl-2d"/>
      </object_component>
      <object_component id="oc-8b2">
         <name>.text:__TI_writemsg</name>
         <load_address>0x200108cc</load_address>
         <run_address>0x200108cc</run_address>
         <size>0x38</size>
         <input_file_ref idref="fl-122"/>
      </object_component>
      <object_component id="oc-d6">
         <name>.text:addToList</name>
         <load_address>0x20010904</load_address>
         <run_address>0x20010904</run_address>
         <size>0x38</size>
         <input_file_ref idref="fl-24"/>
      </object_component>
      <object_component id="oc-54">
         <name>.text:initVectors</name>
         <load_address>0x2001093c</load_address>
         <run_address>0x2001093c</run_address>
         <size>0x38</size>
         <input_file_ref idref="fl-27"/>
      </object_component>
      <object_component id="oc-651">
         <name>.text:notify</name>
         <load_address>0x20010974</load_address>
         <run_address>0x20010974</run_address>
         <size>0x38</size>
         <input_file_ref idref="fl-15"/>
      </object_component>
      <object_component id="oc-935">
         <name>.text:strncpy</name>
         <load_address>0x200109ac</load_address>
         <run_address>0x200109ac</run_address>
         <size>0x36</size>
         <input_file_ref idref="fl-129"/>
      </object_component>
      <object_component id="oc-584">
         <name>.text:ClockP_getTicksUntilInterrupt</name>
         <load_address>0x200109e4</load_address>
         <run_address>0x200109e4</run_address>
         <size>0x34</size>
         <input_file_ref idref="fl-24"/>
      </object_component>
      <object_component id="oc-648">
         <name>.text:ClockP_startup</name>
         <load_address>0x20010a18</load_address>
         <run_address>0x20010a18</run_address>
         <size>0x34</size>
         <input_file_ref idref="fl-24"/>
      </object_component>
      <object_component id="oc-32f">
         <name>.text:I2SDataPutNonBlocking</name>
         <load_address>0x20010a4c</load_address>
         <run_address>0x20010a4c</run_address>
         <size>0x34</size>
         <input_file_ref idref="fl-2a"/>
      </object_component>
      <object_component id="oc-385">
         <name>.text:PinModeGet</name>
         <load_address>0x20010a80</load_address>
         <run_address>0x20010a80</run_address>
         <size>0x34</size>
         <input_file_ref idref="fl-2c"/>
      </object_component>
      <object_component id="oc-6ba">
         <name>.text:__TI_cleanup</name>
         <load_address>0x20010ab4</load_address>
         <run_address>0x20010ab4</run_address>
         <size>0x34</size>
         <input_file_ref idref="fl-114"/>
      </object_component>
      <object_component id="oc-8b8">
         <name>.text:__TI_readmsg</name>
         <load_address>0x20010ae8</load_address>
         <run_address>0x20010ae8</run_address>
         <size>0x34</size>
         <input_file_ref idref="fl-122"/>
      </object_component>
      <object_component id="oc-853">
         <name>.text:ClockP_start</name>
         <load_address>0x20010b1c</load_address>
         <run_address>0x20010b1c</run_address>
         <size>0x30</size>
         <input_file_ref idref="fl-24"/>
      </object_component>
      <object_component id="oc-7a1">
         <name>.text:PowerCC32XX_restoreParkedPin</name>
         <load_address>0x20010b4c</load_address>
         <run_address>0x20010b4c</run_address>
         <size>0x30</size>
         <input_file_ref idref="fl-15"/>
      </object_component>
      <object_component id="oc-93b">
         <name>.text:finddevice</name>
         <load_address>0x20010b7c</load_address>
         <run_address>0x20010b7c</run_address>
         <size>0x30</size>
         <input_file_ref idref="fl-126"/>
      </object_component>
      <object_component id="oc-4bf">
         <name>.text</name>
         <load_address>0x20010bac</load_address>
         <run_address>0x20010bac</run_address>
         <size>0x2e</size>
         <input_file_ref idref="fl-fa"/>
      </object_component>
      <object_component id="oc-8a7">
         <name>.text:unlink</name>
         <load_address>0x20010bdc</load_address>
         <run_address>0x20010bdc</run_address>
         <size>0x2c</size>
         <input_file_ref idref="fl-12c"/>
      </object_component>
      <object_component id="oc-71a">
         <name>.text:HwiP_create</name>
         <load_address>0x20010c08</load_address>
         <run_address>0x20010c08</run_address>
         <size>0x2a</size>
         <input_file_ref idref="fl-25"/>
      </object_component>
      <object_component id="oc-448">
         <name>.text:I2SGBLEnable</name>
         <load_address>0x20010c32</load_address>
         <run_address>0x20010c32</run_address>
         <size>0x2a</size>
         <input_file_ref idref="fl-2a"/>
      </object_component>
      <object_component id="oc-37f">
         <name>.text:PRCMPeripheralClkDisable</name>
         <load_address>0x20010c5c</load_address>
         <run_address>0x20010c5c</run_address>
         <size>0x28</size>
         <input_file_ref idref="fl-2d"/>
      </object_component>
      <object_component id="oc-70e">
         <name>.text:Power_registerNotify</name>
         <load_address>0x20010c84</load_address>
         <run_address>0x20010c84</run_address>
         <size>0x28</size>
         <input_file_ref idref="fl-15"/>
      </object_component>
      <object_component id="oc-7c5">
         <name>.text:free_list_insert</name>
         <load_address>0x20010cac</load_address>
         <run_address>0x20010cac</run_address>
         <size>0x28</size>
         <input_file_ref idref="fl-10a"/>
      </object_component>
      <object_component id="oc-6a6">
         <name>.text:lseek</name>
         <load_address>0x20010cd4</load_address>
         <run_address>0x20010cd4</run_address>
         <size>0x28</size>
         <input_file_ref idref="fl-124"/>
      </object_component>
      <object_component id="oc-52d">
         <name>.text:write</name>
         <load_address>0x20010cfc</load_address>
         <run_address>0x20010cfc</run_address>
         <size>0x28</size>
         <input_file_ref idref="fl-10d"/>
      </object_component>
      <object_component id="oc-82a">
         <name>.text:List_put</name>
         <load_address>0x20010d24</load_address>
         <run_address>0x20010d24</run_address>
         <size>0x26</size>
         <input_file_ref idref="fl-1e"/>
      </object_component>
      <object_component id="oc-819">
         <name>.text:List_remove</name>
         <load_address>0x20010d4a</load_address>
         <run_address>0x20010d4a</run_address>
         <size>0x26</size>
         <input_file_ref idref="fl-1e"/>
      </object_component>
      <object_component id="oc-8da">
         <name>.text:HwiP_dispatch</name>
         <load_address>0x20010d70</load_address>
         <run_address>0x20010d70</run_address>
         <size>0x24</size>
         <input_file_ref idref="fl-25"/>
      </object_component>
      <object_component id="oc-c0">
         <name>.text:_c_int00_noargs:_c_int00_noargs</name>
         <load_address>0x20010d94</load_address>
         <run_address>0x20010d94</run_address>
         <size>0x24</size>
         <input_file_ref idref="fl-10f"/>
      </object_component>
      <object_component id="oc-2cb">
         <name>.text:CodecReset</name>
         <load_address>0x20010db8</load_address>
         <run_address>0x20010db8</run_address>
         <size>0x20</size>
         <input_file_ref idref="fl-3"/>
      </object_component>
      <object_component id="oc-821">
         <name>.text:HwiP_destruct</name>
         <load_address>0x20010dd8</load_address>
         <run_address>0x20010dd8</run_address>
         <size>0x20</size>
         <input_file_ref idref="fl-25"/>
      </object_component>
      <object_component id="oc-326">
         <name>.text:IntRegister</name>
         <load_address>0x20010df8</load_address>
         <run_address>0x20010df8</run_address>
         <size>0x20</size>
         <input_file_ref idref="fl-2b"/>
      </object_component>
      <object_component id="oc-6ed">
         <name>.text:Power_unregisterNotify</name>
         <load_address>0x20010e18</load_address>
         <run_address>0x20010e18</run_address>
         <size>0x20</size>
         <input_file_ref idref="fl-15"/>
      </object_component>
      <object_component id="oc-521">
         <name>.text:memchr</name>
         <load_address>0x20010e38</load_address>
         <run_address>0x20010e38</run_address>
         <size>0x20</size>
         <input_file_ref idref="fl-109"/>
      </object_component>
      <object_component id="oc-6f3">
         <name>.text:PinToPadGet</name>
         <load_address>0x20010e58</load_address>
         <run_address>0x20010e58</run_address>
         <size>0x1c</size>
         <input_file_ref idref="fl-2c"/>
      </object_component>
      <object_component id="oc-578">
         <name>.text:SwiP_disable</name>
         <load_address>0x20010e74</load_address>
         <run_address>0x20010e74</run_address>
         <size>0x1c</size>
         <input_file_ref idref="fl-28"/>
      </object_component>
      <object_component id="oc-42">
         <name>.text:decompress:ZI:__TI_zero_init_nomemset:__TI_zero_init_nomemset</name>
         <load_address>0x20010e90</load_address>
         <run_address>0x20010e90</run_address>
         <size>0x1c</size>
         <input_file_ref idref="fl-ff"/>
      </object_component>
      <object_component id="oc-7bf">
         <name>.text:free_list_remove</name>
         <load_address>0x20010eac</load_address>
         <run_address>0x20010eac</run_address>
         <size>0x1c</size>
         <input_file_ref idref="fl-10a"/>
      </object_component>
      <object_component id="oc-3ce">
         <name>.text:memccpy</name>
         <load_address>0x20010ec8</load_address>
         <run_address>0x20010ec8</run_address>
         <size>0x1c</size>
         <input_file_ref idref="fl-108"/>
      </object_component>
      <object_component id="oc-319">
         <name>.text:PinTypeI2S</name>
         <load_address>0x20010ee4</load_address>
         <run_address>0x20010ee4</run_address>
         <size>0x1a</size>
         <input_file_ref idref="fl-2c"/>
      </object_component>
      <object_component id="oc-1c">
         <name>.text:resetISR</name>
         <load_address>0x20010f00</load_address>
         <run_address>0x20010f00</run_address>
         <size>0x1a</size>
         <input_file_ref idref="fl-27"/>
      </object_component>
      <object_component id="oc-8e4">
         <name>.text:Power_idleFunc</name>
         <load_address>0x20010f1c</load_address>
         <run_address>0x20010f1c</run_address>
         <size>0x18</size>
         <input_file_ref idref="fl-15"/>
      </object_component>
      <object_component id="oc-59c">
         <name>.text</name>
         <load_address>0x20010f34</load_address>
         <run_address>0x20010f34</run_address>
         <size>0x18</size>
         <input_file_ref idref="fl-fb"/>
      </object_component>
      <object_component id="oc-952">
         <name>.text:strcmp</name>
         <load_address>0x20010f4c</load_address>
         <run_address>0x20010f4c</run_address>
         <size>0x18</size>
         <input_file_ref idref="fl-127"/>
      </object_component>
      <object_component id="oc-172">
         <name>.text:I2SIntRegister</name>
         <load_address>0x20010f64</load_address>
         <run_address>0x20010f64</run_address>
         <size>0x16</size>
         <input_file_ref idref="fl-2a"/>
      </object_component>
      <object_component id="oc-379">
         <name>.text:PRCMHIBRegRead</name>
         <load_address>0x20010f7a</load_address>
         <run_address>0x20010f7a</run_address>
         <size>0x16</size>
         <input_file_ref idref="fl-2d"/>
      </object_component>
      <object_component id="oc-373">
         <name>.text:PRCMHIBRegWrite</name>
         <load_address>0x20010f90</load_address>
         <run_address>0x20010f90</run_address>
         <size>0x16</size>
         <input_file_ref idref="fl-2d"/>
      </object_component>
      <object_component id="oc-726">
         <name>.text:SemaphoreP_create</name>
         <load_address>0x20010fa6</load_address>
         <run_address>0x20010fa6</run_address>
         <size>0x16</size>
         <input_file_ref idref="fl-22"/>
      </object_component>
      <object_component id="oc-4f0">
         <name>.text:strchr</name>
         <load_address>0x20010fbc</load_address>
         <run_address>0x20010fbc</run_address>
         <size>0x16</size>
         <input_file_ref idref="fl-10b"/>
      </object_component>
      <object_component id="oc-9e">
         <name>.text:CPUcpsid</name>
         <load_address>0x20010fd2</load_address>
         <run_address>0x20010fd2</run_address>
         <size>0x14</size>
         <input_file_ref idref="fl-33"/>
      </object_component>
      <object_component id="oc-2d1">
         <name>.text:CodecPageSelect</name>
         <load_address>0x20010fe6</load_address>
         <run_address>0x20010fe6</run_address>
         <size>0x14</size>
         <input_file_ref idref="fl-3"/>
      </object_component>
      <object_component id="oc-879">
         <name>.text:HwiP_inISR</name>
         <load_address>0x20010ffc</load_address>
         <run_address>0x20010ffc</run_address>
         <size>0x14</size>
         <input_file_ref idref="fl-25"/>
      </object_component>
      <object_component id="oc-aa">
         <name>.text:IntVTableBaseSet</name>
         <load_address>0x20011010</load_address>
         <run_address>0x20011010</run_address>
         <size>0x14</size>
         <input_file_ref idref="fl-2b"/>
      </object_component>
      <object_component id="oc-87f">
         <name>.text:Power_disablePolicy</name>
         <load_address>0x20011024</load_address>
         <run_address>0x20011024</run_address>
         <size>0x14</size>
         <input_file_ref idref="fl-15"/>
      </object_component>
      <object_component id="oc-79a">
         <name>.text:Power_getDependencyCount</name>
         <load_address>0x20011038</load_address>
         <run_address>0x20011038</run_address>
         <size>0x14</size>
         <input_file_ref idref="fl-15"/>
      </object_component>
      <object_component id="oc-8cc">
         <name>.text:strcpy</name>
         <load_address>0x2001104c</load_address>
         <run_address>0x2001104c</run_address>
         <size>0x14</size>
         <input_file_ref idref="fl-128"/>
      </object_component>
      <object_component id="oc-39f">
         <name>.text:strlen</name>
         <load_address>0x20011060</load_address>
         <run_address>0x20011060</run_address>
         <size>0x14</size>
         <input_file_ref idref="fl-10c"/>
      </object_component>
      <object_component id="oc-714">
         <name>.text:HwiP_Params_init</name>
         <load_address>0x20011074</load_address>
         <run_address>0x20011074</run_address>
         <size>0x12</size>
         <input_file_ref idref="fl-25"/>
      </object_component>
      <object_component id="oc-3d4">
         <name>.text:wcslen</name>
         <load_address>0x20011086</load_address>
         <run_address>0x20011086</run_address>
         <size>0x12</size>
         <input_file_ref idref="fl-111"/>
      </object_component>
      <object_component id="oc-84d">
         <name>.text:ClockP_add</name>
         <load_address>0x20011098</load_address>
         <run_address>0x20011098</run_address>
         <size>0x10</size>
         <input_file_ref idref="fl-24"/>
      </object_component>
      <object_component id="oc-572">
         <name>.text:ClockP_getCpuFreq</name>
         <load_address>0x200110a8</load_address>
         <run_address>0x200110a8</run_address>
         <size>0x10</size>
         <input_file_ref idref="fl-24"/>
      </object_component>
      <object_component id="oc-58a">
         <name>.text:ClockP_getSystemTicks</name>
         <load_address>0x200110b8</load_address>
         <run_address>0x200110b8</run_address>
         <size>0x10</size>
         <input_file_ref idref="fl-24"/>
      </object_component>
      <object_component id="oc-5a1">
         <name>.text:ClockP_setTicks</name>
         <load_address>0x200110c8</load_address>
         <run_address>0x200110c8</run_address>
         <size>0x10</size>
         <input_file_ref idref="fl-24"/>
      </object_component>
      <object_component id="oc-6f9">
         <name>.text:HwiP_delete</name>
         <load_address>0x200110d8</load_address>
         <run_address>0x200110d8</run_address>
         <size>0x10</size>
         <input_file_ref idref="fl-25"/>
      </object_component>
      <object_component id="oc-415">
         <name>.text:HwiP_restore</name>
         <load_address>0x200110e8</load_address>
         <run_address>0x200110e8</run_address>
         <size>0x10</size>
         <input_file_ref idref="fl-25"/>
      </object_component>
      <object_component id="oc-2be">
         <name>.text:I2C_Params_init</name>
         <load_address>0x200110f8</load_address>
         <run_address>0x200110f8</run_address>
         <size>0x10</size>
         <input_file_ref idref="fl-13"/>
      </object_component>
      <object_component id="oc-859">
         <name>.text:Power_enablePolicy</name>
         <load_address>0x20011108</load_address>
         <run_address>0x20011108</run_address>
         <size>0x10</size>
         <input_file_ref idref="fl-15"/>
      </object_component>
      <object_component id="oc-720">
         <name>.text:SemaphoreP_Params_init</name>
         <load_address>0x20011118</load_address>
         <run_address>0x20011118</run_address>
         <size>0x10</size>
         <input_file_ref idref="fl-22"/>
      </object_component>
      <object_component id="oc-708">
         <name>.text:HwiP_clearInterrupt</name>
         <load_address>0x20011128</load_address>
         <run_address>0x20011128</run_address>
         <size>0xe</size>
         <input_file_ref idref="fl-25"/>
      </object_component>
      <object_component id="oc-40f">
         <name>.text:HwiP_disable</name>
         <load_address>0x20011136</load_address>
         <run_address>0x20011136</run_address>
         <size>0xe</size>
         <input_file_ref idref="fl-25"/>
      </object_component>
      <object_component id="oc-74b">
         <name>.text:HwiP_disableInterrupt</name>
         <load_address>0x20011144</load_address>
         <run_address>0x20011144</run_address>
         <size>0xe</size>
         <input_file_ref idref="fl-25"/>
      </object_component>
      <object_component id="oc-154">
         <name>.text:HwiP_enable</name>
         <load_address>0x20011152</load_address>
         <run_address>0x20011152</run_address>
         <size>0xe</size>
         <input_file_ref idref="fl-25"/>
      </object_component>
      <object_component id="oc-757">
         <name>.text:HwiP_enableInterrupt</name>
         <load_address>0x20011160</load_address>
         <run_address>0x20011160</run_address>
         <size>0xe</size>
         <input_file_ref idref="fl-25"/>
      </object_component>
      <object_component id="oc-15">
         <name>.text:decompress:none:__TI_decompress_none</name>
         <load_address>0x2001116e</load_address>
         <run_address>0x2001116e</run_address>
         <size>0xe</size>
         <input_file_ref idref="fl-100"/>
      </object_component>
      <object_component id="oc-14e">
         <name>.text:CC3220S_LAUNCHXL_initGeneral</name>
         <load_address>0x2001117c</load_address>
         <run_address>0x2001117c</run_address>
         <size>0xc</size>
         <input_file_ref idref="fl-2"/>
      </object_component>
      <object_component id="oc-57e">
         <name>.text:Power_getConstraintMask</name>
         <load_address>0x20011188</load_address>
         <run_address>0x20011188</run_address>
         <size>0xc</size>
         <input_file_ref idref="fl-15"/>
      </object_component>
      <object_component id="oc-5cd">
         <name>.text:copysign</name>
         <load_address>0x20011194</load_address>
         <run_address>0x20011194</run_address>
         <size>0xc</size>
         <input_file_ref idref="fl-112"/>
      </object_component>
      <object_component id="oc-72c">
         <name>.text:postNotify</name>
         <load_address>0x200111a0</load_address>
         <run_address>0x200111a0</run_address>
         <size>0xc</size>
         <input_file_ref idref="fl-14"/>
      </object_component>
      <object_component id="oc-85f">
         <name>.text:ClockP_isActive</name>
         <load_address>0x200111ac</load_address>
         <run_address>0x200111ac</run_address>
         <size>0xa</size>
         <input_file_ref idref="fl-24"/>
      </object_component>
      <object_component id="oc-42c">
         <name>.text:I2C_transfer</name>
         <load_address>0x200111b6</load_address>
         <run_address>0x200111b6</run_address>
         <size>0xa</size>
         <input_file_ref idref="fl-13"/>
      </object_component>
      <object_component id="oc-4e">
         <name>.text:IntMasterDisable</name>
         <load_address>0x200111c0</load_address>
         <run_address>0x200111c0</run_address>
         <size>0xa</size>
         <input_file_ref idref="fl-2b"/>
      </object_component>
      <object_component id="oc-738">
         <name>.text:I2CCC32XX_blockingCallback</name>
         <load_address>0x200111ca</load_address>
         <run_address>0x200111ca</run_address>
         <size>0x8</size>
         <input_file_ref idref="fl-14"/>
      </object_component>
      <object_component id="oc-3da">
         <name>.text:__aeabi_errno_addr</name>
         <load_address>0x200111d4</load_address>
         <run_address>0x200111d4</run_address>
         <size>0x8</size>
         <input_file_ref idref="fl-110"/>
      </object_component>
      <object_component id="oc-6b4">
         <name>.text:malloc</name>
         <load_address>0x200111dc</load_address>
         <run_address>0x200111dc</run_address>
         <size>0x8</size>
         <input_file_ref idref="fl-10a"/>
      </object_component>
      <object_component id="oc-61c">
         <name>.text:I2CCC32XX_control</name>
[...]
         <value>0x20010ee5</value>
         <object_component_ref idref="oc-319"/>
      </symbol>
      <symbol id="sm-84a">
         <name>PinModeGet</name>
         <value>0x20010a81</value>
         <object_component_ref idref="oc-385"/>
      </symbol>
      <symbol id="sm-84b">
         <name>PinConfigSet</name>
         <value>0x2000f00d</value>
         <object_component_ref idref="oc-457"/>
      </symbol>
      <symbol id="sm-84c">
         <name>PinModeSet</name>
         <value>0x200106b9</value>
         <object_component_ref idref="oc-38b"/>
      </symbol>
      <symbol id="sm-84d">
         <name>PinToPadGet</name>
         <value>0x20010e59</value>
         <object_component_ref idref="oc-6f3"/>
      </symbol>
      <symbol id="sm-921">
         <name>PRCMLPDSRestoreInfoSet</name>
         <value>0x200104a1</value>
         <object_component_ref idref="oc-792"/>
      </symbol>
      <symbol id="sm-922">
         <name>PRCMPeripheralReset</name>
         <value>0x2000fd35</value>
         <object_component_ref idref="oc-2fb"/>
      </symbol>
      <symbol id="sm-923">
         <name>PRCMLPDSEnter</name>
         <value>0x2001019d</value>
         <object_component_ref idref="oc-67a"/>
      </symbol>
      <symbol id="sm-924">
         <name>PRCMPeripheralClkEnable</name>
         <value>0x200101e5</value>
         <object_component_ref idref="oc-31f"/>
      </symbol>
      <symbol id="sm-925">
         <name>PRCMLPDSEnterKeepDebugIf</name>
         <value>0x20010895</value>
         <object_component_ref idref="oc-680"/>
      </symbol>
      <symbol id="sm-926">
         <name>PRCMI2SClockFreqSet</name>
         <value>0x2000fcdd</value>
         <object_component_ref idref="oc-307"/>
      </symbol>
      <symbol id="sm-927">
         <name>PRCMCC3200MCUInit</name>
         <value>0x2000ca91</value>
         <object_component_ref idref="oc-290"/>
      </symbol>
      <symbol id="sm-928">
         <name>PRCMHIBRegWrite</name>
         <value>0x20010f91</value>
         <object_component_ref idref="oc-373"/>
      </symbol>
      <symbol id="sm-929">
         <name>PRCMSysResetCauseGet</name>
         <value>0x2000fab9</value>
         <object_component_ref idref="oc-36d"/>
      </symbol>
      <symbol id="sm-92a">
         <name>PRCMPeripheralClkDisable</name>
         <value>0x20010c5d</value>
         <object_component_ref idref="oc-37f"/>
      </symbol>
      <symbol id="sm-92b">
         <name>PRCMHIBRegRead</name>
         <value>0x20010f7b</value>
         <object_component_ref idref="oc-379"/>
      </symbol>
      <symbol id="sm-933">
         <name>UtilsDelay</name>
         <value>0x200111eb</value>
         <object_component_ref idref="oc-2dd"/>
      </symbol>
      <symbol id="sm-93d">
         <name>CPUcpsid</name>
         <value>0x20010fd3</value>
         <object_component_ref idref="oc-9e"/>
      </symbol>
      <symbol id="sm-94d">
         <name>FlashDisable</name>
         <value>0x20010155</value>
         <object_component_ref idref="oc-7a8"/>
      </symbol>
      <symbol id="sm-979">
         <name>printf</name>
         <value>0x2000f929</value>
         <object_component_ref idref="oc-15a"/>
      </symbol>
      <symbol id="sm-ae3">
         <name>__TI_printfi</name>
         <value>0x2000c041</value>
         <object_component_ref idref="oc-29e"/>
      </symbol>
      <symbol id="sm-af8">
         <name>putc</name>
         <value>0x2000ee71</value>
         <object_component_ref idref="oc-401"/>
      </symbol>
      <symbol id="sm-af9">
         <name>fputc</name>
         <value>0x2000ee71</value>
         <object_component_ref idref="oc-401"/>
      </symbol>
      <symbol id="sm-b17">
         <name>fputs</name>
         <value>0x2000dff9</value>
         <object_component_ref idref="oc-3fa"/>
      </symbol>
      <symbol id="sm-b2f">
         <name>__TI_wrt_ok</name>
         <value>0x2000f9f5</value>
         <object_component_ref idref="oc-51b"/>
      </symbol>
      <symbol id="sm-b4b">
         <name>setvbuf</name>
         <value>0x2000e5cd</value>
         <object_component_ref idref="oc-5ef"/>
      </symbol>
      <symbol id="sm-b6b">
         <name>frexpl</name>
         <value>0x2000fb75</value>
         <object_component_ref idref="oc-4e4"/>
      </symbol>
      <symbol id="sm-b6c">
         <name>frexp</name>
         <value>0x2000fb75</value>
         <object_component_ref idref="oc-4e4"/>
      </symbol>
      <symbol id="sm-b8a">
         <name>scalbn</name>
         <value>0x2000e6a9</value>
         <object_component_ref idref="oc-4ea"/>
      </symbol>
      <symbol id="sm-b8b">
         <name>scalbnl</name>
         <value>0x2000e6a9</value>
         <object_component_ref idref="oc-4ea"/>
      </symbol>
      <symbol id="sm-b8c">
         <name>ldexpl</name>
         <value>0x2000e6a9</value>
         <object_component_ref idref="oc-4ea"/>
      </symbol>
      <symbol id="sm-b8d">
         <name>ldexp</name>
         <value>0x2000e6a9</value>
         <object_component_ref idref="oc-4ea"/>
      </symbol>
      <symbol id="sm-b9a">
         <name>__aeabi_uldivmod</name>
         <value>0x2000ec2d</value>
         <object_component_ref idref="oc-44f"/>
      </symbol>
      <symbol id="sm-ba9">
         <name>__aeabi_memset</name>
         <value>0x2000f5b7</value>
         <object_component_ref idref="oc-98"/>
      </symbol>
      <symbol id="sm-baa">
         <name>memset</name>
         <value>0x2000f5bd</value>
         <object_component_ref idref="oc-98"/>
      </symbol>
      <symbol id="sm-bab">
         <name>__aeabi_memset8</name>
         <value>0x2000f5b7</value>
         <object_component_ref idref="oc-98"/>
      </symbol>
      <symbol id="sm-bac">
         <name>__aeabi_memset4</name>
         <value>0x2000f5b7</value>
         <object_component_ref idref="oc-98"/>
      </symbol>
      <symbol id="sm-bad">
         <name>__aeabi_memclr8</name>
         <value>0x2000f5b5</value>
         <object_component_ref idref="oc-98"/>
      </symbol>
      <symbol id="sm-bae">
         <name>__aeabi_memclr4</name>
         <value>0x2000f5b5</value>
         <object_component_ref idref="oc-98"/>
      </symbol>
      <symbol id="sm-baf">
         <name>__aeabi_memclr</name>
         <value>0x2000f5b5</value>
         <object_component_ref idref="oc-98"/>
      </symbol>
      <symbol id="sm-bc6">
         <name>__aeabi_dsub</name>
         <value>0x2000d591</value>
         <object_component_ref idref="oc-4c4"/>
      </symbol>
      <symbol id="sm-bc7">
         <name>__aeabi_dadd</name>
         <value>0x2000d59b</value>
         <object_component_ref idref="oc-4c4"/>
      </symbol>
      <symbol id="sm-be9">
         <name>__aeabi_cdcmpeq</name>
         <value>0x2000f11b</value>
         <object_component_ref idref="oc-3b1"/>
      </symbol>
      <symbol id="sm-bea">
         <name>__aeabi_cdcmple</name>
         <value>0x2000f11b</value>
         <object_component_ref idref="oc-3b1"/>
      </symbol>
      <symbol id="sm-beb">
         <name>__aeabi_cdrcmple</name>
         <value>0x2000f1a1</value>
         <object_component_ref idref="oc-4af"/>
      </symbol>
      <symbol id="sm-bff">
         <name>__aeabi_ddiv</name>
         <value>0x2000db65</value>
         <object_component_ref idref="oc-4aa"/>
      </symbol>
      <symbol id="sm-c0a">
         <name>__aeabi_dmul</name>
         <value>0x2000e209</value>
         <object_component_ref idref="oc-4a5"/>
      </symbol>
      <symbol id="sm-c14">
         <name>__aeabi_d2iz</name>
         <value>0x200102bd</value>
         <object_component_ref idref="oc-4b4"/>
      </symbol>
      <symbol id="sm-c1f">
         <name>__aeabi_i2d</name>
         <value>0x20010bad</value>
         <object_component_ref idref="oc-4bf"/>
      </symbol>
      <symbol id="sm-c28">
         <name>__aeabi_lmul</name>
         <value>0x20010f35</value>
         <object_component_ref idref="oc-59c"/>
      </symbol>
      <symbol id="sm-c43">
         <name>memcpy</name>
         <value>0x2000eb91</value>
         <object_component_ref idref="oc-36"/>
      </symbol>
      <symbol id="sm-c44">
         <name>__aeabi_memcpy</name>
         <value>0x2000eb91</value>
         <object_component_ref idref="oc-36"/>
      </symbol>
      <symbol id="sm-c45">
         <name>__aeabi_memcpy8</name>
         <value>0x2000eb91</value>
         <object_component_ref idref="oc-36"/>
      </symbol>
      <symbol id="sm-c46">
         <name>__aeabi_memcpy4</name>
         <value>0x2000eb91</value>
         <object_component_ref idref="oc-36"/>
      </symbol>
      <symbol id="sm-c5c">
         <name>__TI_zero_init_nomemset</name>
         <value>0x20010e91</value>
         <object_component_ref idref="oc-42"/>
      </symbol>
      <symbol id="sm-c73">
         <name>__TI_decompress_none</name>
         <value>0x2001116f</value>
         <object_component_ref idref="oc-15"/>
      </symbol>
      <symbol id="sm-c96">
         <name>__TI_decompress_lzss</name>
         <value>0x2000f859</value>
         <object_component_ref idref="oc-f"/>
      </symbol>
      <symbol id="sm-cbc">
         <name>C$$EXIT</name>
         <value>0x20011205</value>
         <object_component_ref idref="oc-18a"/>
      </symbol>
      <symbol id="sm-cbd">
         <name>abort</name>
         <value>0x20011205</value>
         <object_component_ref idref="oc-18a"/>
      </symbol>
      <symbol id="sm-cbe">
         <name>__TI_dtors_ptr</name>
         <value>0x200119a4</value>
         <object_component_ref idref="oc-345"/>
      </symbol>
      <symbol id="sm-cbf">
         <name>__TI_cleanup_ptr</name>
         <value>0x200119a0</value>
         <object_component_ref idref="oc-345"/>
      </symbol>
      <symbol id="sm-cc0">
         <name>__TI_enable_exit_profile_output</name>
         <value>0x200119a8</value>
         <object_component_ref idref="oc-345"/>
      </symbol>
      <symbol id="sm-cc1">
         <name>exit</name>
         <value>0x20010275</value>
         <object_component_ref idref="oc-190"/>
      </symbol>
      <symbol id="sm-cd6">
         <name>_nop</name>
         <value>0x2000ddbb</value>
         <object_component_ref idref="oc-3ec"/>
      </symbol>
      <symbol id="sm-cd7">
         <name>_lock</name>
         <value>0x200119b8</value>
         <object_component_ref idref="oc-2a4"/>
      </symbol>
      <symbol id="sm-cd8">
         <name>_unlock</name>
         <value>0x200119bc</value>
         <object_component_ref idref="oc-2a4"/>
      </symbol>
      <symbol id="sm-cee">
         <name>atoi</name>
         <value>0x200100bd</value>
         <object_component_ref idref="oc-3a5"/>
      </symbol>
      <symbol id="sm-cf9">
         <name>_ctypes_</name>
         <value>0x200119e8</value>
         <object_component_ref idref="oc-49e"/>
      </symbol>
      <symbol id="sm-d0e">
         <name>__TI_tmpnams</name>
         <value>0x2001208c</value>
      </symbol>
      <symbol id="sm-d0f">
         <name>__aeabi_stdout</name>
         <value>0x20011998</value>
         <object_component_ref idref="oc-7d9"/>
      </symbol>
      <symbol id="sm-d10">
         <name>__aeabi_stderr</name>
         <value>0x2001199c</value>
         <object_component_ref idref="oc-7d9"/>
      </symbol>
      <symbol id="sm-d11">
         <name>__aeabi_stdin</name>
         <value>0x20011994</value>
         <object_component_ref idref="oc-7d9"/>
      </symbol>
      <symbol id="sm-d12">
         <name>_ftable</name>
         <value>0x20011778</value>
         <object_component_ref idref="oc-2a7"/>
      </symbol>
      <symbol id="sm-d13">
         <name>__TI_ft_end</name>
         <value>0x20011990</value>
         <object_component_ref idref="oc-7d9"/>
      </symbol>
      <symbol id="sm-d22">
         <name>ltoa</name>
         <value>0x2000fe3b</value>
         <object_component_ref idref="oc-4b9"/>
      </symbol>
      <symbol id="sm-d32">
         <name>memccpy</name>
         <value>0x20010ec9</value>
         <object_component_ref idref="oc-3ce"/>
      </symbol>
      <symbol id="sm-d42">
         <name>memchr</name>
         <value>0x20010e39</value>
         <object_component_ref idref="oc-521"/>
      </symbol>
      <symbol id="sm-dc9">
         <name>_sys_memory</name>
         <value>0x20004040</value>
         <object_component_ref idref="oc-25"/>
      </symbol>
      <symbol id="sm-dca">
         <name>free</name>
         <value>0x2000e4e5</value>
         <object_component_ref idref="oc-6ae"/>
      </symbol>
      <symbol id="sm-dcb">
         <name>memalign</name>
         <value>0x2000e305</value>
         <object_component_ref idref="oc-7cc"/>
      </symbol>
      <symbol id="sm-dcc">
         <name>malloc</name>
         <value>0x200111dd</value>
         <object_component_ref idref="oc-6b4"/>
      </symbol>
      <symbol id="sm-dcd">
         <name>aligned_alloc</name>
         <value>0x2000e305</value>
         <object_component_ref idref="oc-7cc"/>
      </symbol>
      <symbol id="sm-ddd">
         <name>strchr</name>
         <value>0x20010fbd</value>
         <object_component_ref idref="oc-4f0"/>
      </symbol>
      <symbol id="sm-deb">
         <name>strlen</name>
         <value>0x20011061</value>
         <object_component_ref idref="oc-39f"/>
      </symbol>
      <symbol id="sm-e05">
         <name>write</name>
         <value>0x20010cfd</value>
         <object_component_ref idref="oc-52d"/>
      </symbol>
      <symbol id="sm-e16">
         <name>_stream</name>
         <value>0x20011940</value>
         <object_component_ref idref="oc-5fb"/>
      </symbol>
      <symbol id="sm-e17">
         <name>_device</name>
         <value>0x20011868</value>
         <object_component_ref idref="oc-6cd"/>
      </symbol>
      <symbol id="sm-e29">
         <name>__stack</name>
         <value>0x20003000</value>
         <object_component_ref idref="oc-28"/>
      </symbol>
      <symbol id="sm-e2a">
         <name>_c_int00_noargs</name>
         <value>0x20010d95</value>
         <object_component_ref idref="oc-c0"/>
      </symbol>
      <symbol id="sm-e40">
         <name>__aeabi_errno_addr</name>
         <value>0x200111d5</value>
         <object_component_ref idref="oc-3da"/>
      </symbol>
      <symbol id="sm-e41">
         <name>errno</name>
         <value>0x200119e0</value>
         <object_component_ref idref="oc-500"/>
      </symbol>
      <symbol id="sm-e5a">
         <name>wcslen</name>
         <value>0x20011087</value>
         <object_component_ref idref="oc-3d4"/>
      </symbol>
      <symbol id="sm-e64">
         <name>copysign</name>
         <value>0x20011195</value>
         <object_component_ref idref="oc-5cd"/>
      </symbol>
      <symbol id="sm-e65">
         <name>copysignl</name>
         <value>0x20011195</value>
         <object_component_ref idref="oc-5cd"/>
      </symbol>
      <symbol id="sm-e75">
         <name>__TI_doflush</name>
         <value>0x20010071</value>
         <object_component_ref idref="oc-527"/>
      </symbol>
      <symbol id="sm-e85">
         <name>__TI_cleanup</name>
         <value>0x20010ab5</value>
         <object_component_ref idref="oc-6ba"/>
      </symbol>
      <symbol id="sm-e97">
         <name>fseek</name>
         <value>0x2000f991</value>
         <object_component_ref idref="oc-5e9"/>
      </symbol>
      <symbol id="sm-ea1">
         <name>__aeabi_idiv0</name>
         <value>0x2000f787</value>
         <object_component_ref idref="oc-55b"/>
      </symbol>
      <symbol id="sm-ea2">
         <name>__aeabi_ldiv0</name>
         <value>0x2000f787</value>
         <object_component_ref idref="oc-55b"/>
      </symbol>
      <symbol id="sm-eca">
         <name>__TI_auto_init_nobinit_nopinit</name>
         <value>0x200105b1</value>
         <object_component_ref idref="oc-196"/>
      </symbol>
      <symbol id="sm-ed4">
         <name>_system_pre_init</name>
         <value>0x20011201</value>
         <object_component_ref idref="oc-10f"/>
      </symbol>
      <symbol id="sm-ee7">
         <name>HOSTclose</name>
         <value>0x20010391</value>
         <object_component_ref idref="oc-7e5"/>
      </symbol>
      <symbol id="sm-ef8">
         <name>HOSTlseek</name>
         <value>0x2000f789</value>
         <object_component_ref idref="oc-7f7"/>
      </symbol>
      <symbol id="sm-f0a">
         <name>parmbuf</name>
         <value>0x2001219d</value>
      </symbol>
      <symbol id="sm-f0b">
         <name>HOSTopen</name>
         <value>0x2000fa59</value>
         <object_component_ref idref="oc-7df"/>
      </symbol>
      <symbol id="sm-f1c">
         <name>HOSTread</name>
         <value>0x2000fc2d</value>
         <object_component_ref idref="oc-7eb"/>
      </symbol>
      <symbol id="sm-f2d">
         <name>HOSTrename</name>
         <value>0x2000f7f1</value>
         <object_component_ref idref="oc-803"/>
      </symbol>
      <symbol id="sm-f3e">
         <name>HOSTunlink</name>
         <value>0x200103d5</value>
         <object_component_ref idref="oc-7fd"/>
      </symbol>
      <symbol id="sm-f4f">
         <name>HOSTwrite</name>
         <value>0x2000fc85</value>
         <object_component_ref idref="oc-7f1"/>
      </symbol>
      <symbol id="sm-f73">
         <name>__TI_readmsg</name>
         <value>0x20010ae9</value>
         <object_component_ref idref="oc-8b8"/>
      </symbol>
      <symbol id="sm-f74">
         <name>C$$IO$$</name>
         <value>0x200108fb</value>
         <object_component_ref idref="oc-8b2"/>
      </symbol>
      <symbol id="sm-f75">
         <name>__CIOBUF_</name>
         <value>0x20011f6c</value>
         <object_component_ref idref="oc-915"/>
      </symbol>
      <symbol id="sm-f76">
         <name>__TI_writemsg</name>
         <value>0x200108cd</value>
         <object_component_ref idref="oc-8b2"/>
      </symbol>
      <symbol id="sm-f87">
         <name>lseek</name>
         <value>0x20010cd5</value>
         <object_component_ref idref="oc-6a6"/>
      </symbol>
      <symbol id="sm-f9c">
         <name>__TI_closefile</name>
         <value>0x2000f631</value>
         <object_component_ref idref="oc-7d3"/>
      </symbol>
      <symbol id="sm-fbf">
         <name>finddevice</name>
         <value>0x20010b7d</value>
         <object_component_ref idref="oc-93b"/>
      </symbol>
      <symbol id="sm-fc0">
         <name>getdevice</name>
         <value>0x200105f5</value>
         <object_component_ref idref="oc-90b"/>
      </symbol>
      <symbol id="sm-fcf">
         <name>strcmp</name>
         <value>0x20010f4d</value>
         <object_component_ref idref="oc-952"/>
      </symbol>
      <symbol id="sm-fdd">
         <name>strcpy</name>
         <value>0x2001104d</value>
         <object_component_ref idref="oc-8cc"/>
      </symbol>
      <symbol id="sm-fed">
         <name>strncpy</name>
         <value>0x200109ad</value>
         <object_component_ref idref="oc-935"/>
      </symbol>
      <symbol id="sm-1002">
         <name>close</name>
         <value>0x2000fb19</value>
         <object_component_ref idref="oc-8a1"/>
      </symbol>
      <symbol id="sm-1012">
         <name>unlink</name>
         <value>0x20010bdd</value>
         <object_component_ref idref="oc-8a7"/>
      </symbol>
      <symbol id="sm-1013">
         <name>__TI_static_base__</name>
         <value>0x200121b0</value>
      </symbol>
      <symbol id="sm-1016">
         <name>__mpu_init</name>
         <value>0x0</value>
      </symbol>
      <symbol id="sm-1017">
         <name>_system_post_cinit</name>
         <value>0x0</value>
      </symbol>
      <symbol id="sm-1018">
         <name>NoRTOS_start</name>
         <value>0x20011153</value>
      </symbol>
      <symbol id="sm-1019">
         <name>remove</name>
         <value>0x20010bdd</value>
      </symbol>
   </symbol_table>
   <title>Link successful</title>
</link_info>
